Microchip MPLAB XC8 Compiler V1.42 ()

Linker command line:

-W-3 --edf=C:\Program Files (x86)\Microchip\xc8\v1.42\dat\en_msgs.txt -cs \
  -h+dist/default/production\software.X.production.sym \
  --cmf=dist/default/production\software.X.production.cmf -z -Q16F1947 \
  -oC:\Users\ADMINI~1\AppData\Local\Temp\s2f50.2 \
  -Mdist/default/production/software.X.production.map -E1 -ver=XC8 \
  -ASTACK=02320h-02373h -pstack=STACK -ACODE=00h-07FFhx8 \
  -ASTRCODE=00h-03FFFh -ASTRING=00h-0FFhx64 -ACONST=00h-0FFhx64 \
  -AENTRY=00h-0FFhx64 -ACOMMON=070h-07Fh -ABANK0=020h-06Fh \
  -ABANK1=0A0h-0EFh -ABANK2=0120h-016Fh -ABANK3=01A0h-01EFh \
  -ABANK4=0220h-026Fh -ABANK5=02A0h-02EFh -ABANK6=0320h-036Fh \
  -ABANK7=03A0h-03EFh -ABANK8=0420h-046Fh -ABANK9=04A0h-04EFh \
  -ABANK10=0520h-056Fh -ABANK11=05A0h-05EFh -ABANK12=0620h-064Fh \
  -ABIGRAM=02000h-023EFh \
  -ARAM=020h-06Fh,0A0h-0EFh,0120h-016Fh,01A0h-01EFh,0220h-026Fh,02A0h-02EFh,0320h-036Fh,03A0h-03EFh,0420h-046Fh,04A0h-04EFh,0520h-056Fh,05A0h-05EFh,0620h-064Fh \
  -AABS1=020h-07Fh,0A0h-0EFh,0120h-016Fh,01A0h-01EFh,0220h-026Fh,02A0h-02EFh,0320h-036Fh,03A0h-03EFh,0420h-046Fh,04A0h-04EFh,0520h-056Fh,05A0h-05EFh,0620h-064Fh \
  -ASFR0=00h-01Fh -ASFR1=080h-09Fh -ASFR2=0100h-011Fh -ASFR3=0180h-019Fh \
  -ASFR4=0200h-021Fh -ASFR5=0280h-029Fh -ASFR6=0300h-031Fh \
  -ASFR7=0380h-039Fh -ASFR8=0400h-041Fh -ASFR9=0480h-049Fh \
  -ASFR10=0500h-051Fh -ASFR11=0580h-059Fh -ASFR12=0600h-061Fh \
  -ASFR13=0680h-06EFh -ASFR14=0700h-076Fh -ASFR15=0780h-07EFh \
  -ASFR16=0800h-086Fh -ASFR17=0880h-08EFh -ASFR18=0900h-096Fh \
  -ASFR19=0980h-09EFh -ASFR20=0A00h-0A6Fh -ASFR21=0A80h-0AEFh \
  -ASFR22=0B00h-0B6Fh -ASFR23=0B80h-0BEFh -ASFR24=0C00h-0C6Fh \
  -ASFR25=0C80h-0CEFh -ASFR26=0D00h-0D6Fh -ASFR27=0D80h-0DEFh \
  -ASFR28=0E00h-0E6Fh -ASFR29=0E80h-0EEFh -ASFR30=0F00h-0F6Fh \
  -ASFR31=0F80h-0FEFh -preset_vec=00h,intentry=04h,init,end_init \
  -ppowerup=CODE -pcinit=CODE -pfunctab=CODE -ACONFIG=08007h-08008h \
  -pconfig=CONFIG -DCONFIG=2 -AIDLOC=08000h-08003h -pidloc=IDLOC -DIDLOC=2 \
  -AEEDATA=00h-0FFh/0F000h -peeprom_data=EEDATA -DEEDATA=2 -DCODE=2 \
  -DSTRCODE=2 -DSTRING=2 -DCONST=2 -DENTRY=2 -k \
  C:\Users\ADMINI~1\AppData\Local\Temp\s2f50.obj \
  dist/default/production\software.X.production.obj 

Object code version is 3.11

Machine type is 16F1947



                Name                               Link     Load   Length Selector   Space Scale
C:\Users\ADMINI~1\AppData\Local\Temp\s2f50.obj
                end_init                             37       37        2        8       0
                reset_vec                             0        0        2        0       0
                config                             8007     8007        2    1000E       0
dist/default/production\software.X.production.obj
                cinit                                39       39       67        8       0
                intentry                              4        4       33        8       0
                text167                            3F41     3F41       25     7E82       0
                text166                               3        3        1        6       0
                text165                            3602     3602       3A     6C04       0
                text164                            3C36     3C36       12     786C       0
                text162                            3E7D     3E7D       1E     7CFA       0
                text161                            2B0E     2B0E       56     561C       0
                text160                            33C9     33C9       31     6792       0
                text159                            3D9E     3D9E       1B     7B3C       0
                text158                            355A     355A       37     6AB4       0
                text157                            3B4C     3B4C        C     7698       0
                text156                            3E9B     3E9B       1F     7D36       0
                text155                            3E26     3E26       1D     7C4C       0
                text154                            3EDA     3EDA       21     7DB4       0
                text153                            1C72     1C72       D6     38E4       0
                text152                            3CA4     3CA4       14     7948       0
                text151                            2978     2978       4D     52F0       0
                text150                            3AF1     3AF1        6     75E2       0
                text149                            3BA5     3BA5        F     774A       0
                text148                            303F     303F       29     607E       0
                text147                            3E0A     3E0A       1C     7C14       0
                text146                            3BD2     3BD2       10     77A4       0
                text145                            3B89     3B89        E     7712       0
                text144                            3CE1     3CE1       16     79C2       0
                text143                            3068     3068       29     60D0       0
                text142                            3309     3309       30     6612       0
                text141                            3CF7     3CF7       17     79EE       0
                text140                            35C9     35C9       39     6B92       0
                text139                            3339     3339       30     6672       0
                text138                            2A68     2A68       53     54D0       0
                text137                            3369     3369       30     66D2       0
                text136                             3BD      3BD      2E7        8       0
                text135                            10CA     10CA      106     2194       0
                text134                            2357     2357       9A     46AE       0
                text133                            3D3C     3D3C       18     7A78       0
                text132                            30BB     30BB       2B     6176       0
                text131                            30E6     30E6       2B     61CC       0
                text130                            3FB2     3FB2       27     7F64       0
                text129                            222A     222A       94     4454       0
                text128                            377A     377A       43     6EF4       0
                text127                            19FD     19FD       D0     33FA       0
                text126                            2F86     2F86       7A     5F0C       0
                text125                            3BB4     3BB4        F     7768       0
                text124                            3AE7     3AE7        5     75CE       0
                text123                            34F0     34F0       35     69E0       0
                text122                            3AF7     3AF7        6     75EE       0
                text121                             7EA      7EA       16        8       0
                text120                            3AFD     3AFD        6     75FA       0
                text119                            3ADC     3ADC        3     75B8       0
                text118                            3E43     3E43       1D     7C86       0
                text117                            3ADF     3ADF        4     75BE       0
                text116                            3C48     3C48       12     7890       0
                text115                            3E60     3E60       1D     7CC0       0
                text114                            3EFB     3EFB       22     7DF6       0
                text113                            3AEC     3AEC        5     75D8       0
                text112                            3D6C     3D6C       19     7AD8       0
                text111                            3B7C     3B7C        D     76F8       0
                text110                            3CCC     3CCC       15     7998       0
                text109                             800      800       22     1000       0
                text108                            3D85     3D85       19     7B0A       0
                text107                            3BF2     3BF2       11     77E4       0
                text106                            3D54     3D54       18     7AA8       0
                text105                            3B11     3B11        9     7622       0
                text104                            3D0E     3D0E       17     7A1C       0
                text103                            3D25     3D25       17     7A4A       0
                text102                            3BC3     3BC3        F     7786       0
                text101                            3DB9     3DB9       1B     7B72       0
                text100                            2F0D     2F0D       79     5E1A       0
                text99                             3B36     3B36        B     766C       0
                text98                             2013     2013       82     4026       0
                swtext3                            3851     3851       18     70A2       0
                text97                              950      950      228     12A0       0
                text96                             3399     3399       30     6732       0
                text95                             25DD     25DD       B2     4BBA       0
                text94                             363C     363C       3F     6C78       0
                text93                             1ACD     1ACD       D0     359A       0
                text92                             12FB     12FB      182     25F6       0
                text91                             2490     2490       A1     4920       0
                text90                             193B     193B       C2     3276       0
                text89                             2B64     2B64       5A     56C8       0
                text88                             3B1A     3B1A        9     7634       0
                text87                             3B09     3B09        8     7612       0
                text86                             3F1D     3F1D       24     7E3A       0
                text85                             3FD9     3FD9       27     7FB2       0
                text84                             3BE2     3BE2       10     77C4       0
                text83                             3738     3738       42     6E70       0
                text82                             3F66     3F66       26     7ECC       0
                text81                             2DB0     2DB0       70     5B60       0
                text80                              6A4      6A4      146        8       0
                text79                             29C5     29C5       51     538A       0
                text78                             33FA     33FA       31     67F4       0
                text77                             3591     3591       38     6B22       0
                text76                             2A16     2A16       52     542C       0
                text75                             3C5A     3C5A       12     78B4       0
                text74                               A0       A0      31D        8       0
                text73                             3B23     3B23        9     7646       0
                text72                             2ABB     2ABB       53     5576       0
                text71                             2C77     2C77       65     58EE       0
                text70                             367B     367B       3F     6CF6       0
                text69                             3017     3017       28     602E       0
                text68                             187F     187F       BC     30FE       0
                text67                             3DD4     3DD4       1B     7BA8       0
                text66                             2095     2095       82     412A       0
                text65                             285A     285A       47     50B4       0
                text64                              DA3      DA3      25D     1B46       0
                text63                             36BA     36BA       3F     6D74       0
                text62                              B78      B78      22B     16F0       0
                text61                             3EBA     3EBA       20     7D74       0
                text60                             1802     1802       7D     3004       0
                text59                             3DEF     3DEF       1B     7BDE       0
                swtext2                            388A     388A       10     70F4       0
                text58                             2CDC     2CDC       66     59B8       0
                text57                             3B58     3B58        C     76B0       0
                text56                             316B     316B       2E     62D6       0
                text55                             3199     3199       2E     6332       0
                text54                             31C7     31C7       2E     638E       0
                text53                             31F5     31F5       2E     63EA       0
                text52                             3223     3223       2E     6446       0
                text51                             3251     3251       2E     64A2       0
                text50                             327F     327F       2E     64FE       0
                text49                             32AD     32AD       2E     655A       0
                swtext1                            387A     387A       10     70F4       0
                text48                             3111     3111       2D     6222       0
                text47                             3C03     3C03       11     7806       0
                text46                             28E8     28E8       48     51D0       0
                text45                             3B41     3B41        B     7682       0
                text44                             3091     3091       2A     6122       0
                text43                             2D42     2D42       6E     5A84       0
                text42                             36F9     36F9       3F     6DF2       0
                text41                             2747     2747       B9     4E8E       0
                text40                             147D     147D      1B3     28FA       0
                text39                             1D48     1D48       D9     3A90       0
                text38                             32DB     32DB       2E     65B6       0
                text37                             3C7E     3C7E       13     78FC       0
                text36                             2BBE     2BBE       5A     577C       0
                text35                             11D0     11D0      12B     23A0       0
                text34                             23F1     23F1       9F     47E2       0
                text33                             3B97     3B97        E     772E       0
                text32                             3B2C     3B2C        A     7658       0
                text31                             342B     342B       31     6856       0
                text30                              822      822      12E     1044       0
                text29                             3C91     3C91       13     7922       0
                text28                             2E20     2E20       76     5C40       0
                text27                             3C6C     3C6C       12     78D8       0
                text26                             22BE     22BE       99     457C       0
                text25                             3525     3525       35     6A4A       0
                text24                             313E     313E       2D     627C       0
                text23                             3F8C     3F8C       26     7F18       0
                text22                             2531     2531       AC     4A62       0
                text21                             3C14     3C14       11     7828       0
                text20                             345C     345C       31     68B8       0
                text19                             348D     348D       31     691A       0
                text18                             2814     2814       46     5028       0
                text17                             2117     2117       82     422E       0
                text16                             3CB8     3CB8       14     7970       0
                text15                             3000     3000       17     5F0C       0
                text14                             28A1     28A1       47     5142       0
                text13                             2C18     2C18       5F     5830       0
                text12                             2800     2800       14     4E8E       0
                text11                             3C25     3C25       11     784A       0
                text10                             268F     268F       B8     4D1E       0
                text9                              2199     2199       91     4332       0
                text8                              1F07     1F07       F9     3E0E       0
                text7                              1B9D     1B9D       D5     373A       0
                text6                              2000     2000       13     3E0E       0
                text5                              1E21     1E21       E6     3C42       0
                text4                              1630     1630      1D0     2C60       0
                text3                              34BE     34BE       32     697C       0
                text2                              2E96     2E96       77     5D2C       0
                text1                              37BD     37BD       43     6F7A       0
                maintext                           1000     1000       CA     1B46       0
                cstackBANK0                          20       20       50       20       1
                cstackCOMMON                         70       70        8       70       1
                cstackBANK1                          CA       CA       26       A0       1
                cstackBANK3                         1D4      1D4        3      1A0       1
                clrtext                            3B64     3B64        C     76C8       0
                inittext                           3B70     3B70        C     76E0       0
                bssBANK5                            2A0      2A0       28      2A0       1
                dataBANK4                           220      220       48      220       1
                dataBANK3                           1CA      1CA        6      1A0       1
                bssBANK3                            1A0      1A0       2A      1A0       1
                dataBANK2                           169      169        4      120       1
                bssBANK2                            120      120       49      120       1
                bssBANK1                             A0       A0       2A       A0       1
                bssCOMMON                            78       78        3       70       1
                stringtext28                       3951     3951        3     7134       0
                stringtext27                       394D     394D        4     7134       0
                stringtext26                       3948     3948        5     7134       0
                stringtext25                       3943     3943        5     7134       0
                stringtext24                       393D     393D        6     7134       0
                stringtext23                       3937     3937        6     7134       0
                stringtext22                       3931     3931        6     7134       0
                stringtext21                       392B     392B        6     7134       0
                stringtext20                       391E     391E        7     7134       0
                stringtext19                       3917     3917        7     7134       0
                stringtext18                       3906     3906        9     7134       0
                stringtext17                       38FD     38FD        9     7134       0
                stringtext16                       38F4     38F4        9     7134       0
                stringtext15                       38EB     38EB        9     7134       0
                stringtext14                       38E2     38E2        9     7134       0
                stringtext13                       38D9     38D9        9     7134       0
                stringtext12                       38D0     38D0        9     7134       0
                stringtext11                       38C7     38C7        9     7134       0
                stringtext10                       38BE     38BE        9     7134       0
                stringtext9                        38B5     38B5        9     7134       0
                stringtext8                        38AC     38AC        9     7134       0
                stringtext7                        38A3     38A3        9     7134       0
                stringtext6                        389A     389A        9     7134       0
                nvBANK3                             1D0      1D0        4      1A0       1
                nvBANK2                             16D      16D        3      120       1
                stringtext5                        3925     3925        6     7134       0
                stringtext4                        390F     390F        8     7134       0
                stringtext3                        3869     3869       11     70D2       0
                stringtext2                        3829     3829       28     7000       0
                stringtext1                        3800     3800       29     7000       0
                idataBANK4                         2930     2930       48     5260       0
                idataBANK3                         3B03     3B03        6     7606       0
                idataBANK2                         3AE3     3AE3        4     75C6       0

TOTAL           Name                               Link     Load   Length     Space
        CLASS   STACK          

        CLASS   CODE           
                end_init                             37       37        2         0
                cinit                                39       39       67         0
                intentry                              4        4       33         0
                reset_vec                             0        0        2         0
                text167                            3F41     3F41       25         0
                text166                               3        3        1         0
                text165                            3602     3602       3A         0
                text164                            3C36     3C36       12         0
                text162                            3E7D     3E7D       1E         0
                text161                            2B0E     2B0E       56         0
                text160                            33C9     33C9       31         0
                text159                            3D9E     3D9E       1B         0
                text158                            355A     355A       37         0
                text157                            3B4C     3B4C        C         0
                text156                            3E9B     3E9B       1F         0
                text155                            3E26     3E26       1D         0
                text154                            3EDA     3EDA       21         0
                text153                            1C72     1C72       D6         0
                text152                            3CA4     3CA4       14         0
                text151                            2978     2978       4D         0
                text150                            3AF1     3AF1        6         0
                text149                            3BA5     3BA5        F         0
                text148                            303F     303F       29         0
                text147                            3E0A     3E0A       1C         0
                text146                            3BD2     3BD2       10         0
                text145                            3B89     3B89        E         0
                text144                            3CE1     3CE1       16         0
                text143                            3068     3068       29         0
                text142                            3309     3309       30         0
                text141                            3CF7     3CF7       17         0
                text140                            35C9     35C9       39         0
                text139                            3339     3339       30         0
                text138                            2A68     2A68       53         0
                text137                            3369     3369       30         0
                text136                             3BD      3BD      2E7         0
                text135                            10CA     10CA      106         0
                text134                            2357     2357       9A         0
                text133                            3D3C     3D3C       18         0
                text132                            30BB     30BB       2B         0
                text131                            30E6     30E6       2B         0
                text130                            3FB2     3FB2       27         0
                text129                            222A     222A       94         0
                text128                            377A     377A       43         0
                text127                            19FD     19FD       D0         0
                text126                            2F86     2F86       7A         0
                text125                            3BB4     3BB4        F         0
                text124                            3AE7     3AE7        5         0
                text123                            34F0     34F0       35         0
                text122                            3AF7     3AF7        6         0
                text121                             7EA      7EA       16         0
                text120                            3AFD     3AFD        6         0
                text119                            3ADC     3ADC        3         0
                text118                            3E43     3E43       1D         0
                text117                            3ADF     3ADF        4         0
                text116                            3C48     3C48       12         0
                text115                            3E60     3E60       1D         0
                text114                            3EFB     3EFB       22         0
                text113                            3AEC     3AEC        5         0
                text112                            3D6C     3D6C       19         0
                text111                            3B7C     3B7C        D         0
                text110                            3CCC     3CCC       15         0
                text109                             800      800       22         0
                text108                            3D85     3D85       19         0
                text107                            3BF2     3BF2       11         0
                text106                            3D54     3D54       18         0
                text105                            3B11     3B11        9         0
                text104                            3D0E     3D0E       17         0
                text103                            3D25     3D25       17         0
                text102                            3BC3     3BC3        F         0
                text101                            3DB9     3DB9       1B         0
                text100                            2F0D     2F0D       79         0
                text99                             3B36     3B36        B         0
                text98                             2013     2013       82         0
                text97                              950      950      228         0
                text96                             3399     3399       30         0
                text95                             25DD     25DD       B2         0
                text94                             363C     363C       3F         0
                text93                             1ACD     1ACD       D0         0
                text92                             12FB     12FB      182         0
                text91                             2490     2490       A1         0
                text90                             193B     193B       C2         0
                text89                             2B64     2B64       5A         0
                text88                             3B1A     3B1A        9         0
                text87                             3B09     3B09        8         0
                text86                             3F1D     3F1D       24         0
                text85                             3FD9     3FD9       27         0
                text84                             3BE2     3BE2       10         0
                text83                             3738     3738       42         0
                text82                             3F66     3F66       26         0
                text81                             2DB0     2DB0       70         0
                text80                              6A4      6A4      146         0
                text79                             29C5     29C5       51         0
                text78                             33FA     33FA       31         0
                text77                             3591     3591       38         0
                text76                             2A16     2A16       52         0
                text75                             3C5A     3C5A       12         0
                text74                               A0       A0      31D         0
                text73                             3B23     3B23        9         0
                text72                             2ABB     2ABB       53         0
                text71                             2C77     2C77       65         0
                text70                             367B     367B       3F         0
                text69                             3017     3017       28         0
                text68                             187F     187F       BC         0
                text67                             3DD4     3DD4       1B         0
                text66                             2095     2095       82         0
                text65                             285A     285A       47         0
                text64                              DA3      DA3      25D         0
                text63                             36BA     36BA       3F         0
                text62                              B78      B78      22B         0
                text61                             3EBA     3EBA       20         0
                text60                             1802     1802       7D         0
                text59                             3DEF     3DEF       1B         0
                text58                             2CDC     2CDC       66         0
                text57                             3B58     3B58        C         0
                text56                             316B     316B       2E         0
                text55                             3199     3199       2E         0
                text54                             31C7     31C7       2E         0
                text53                             31F5     31F5       2E         0
                text52                             3223     3223       2E         0
                text51                             3251     3251       2E         0
                text50                             327F     327F       2E         0
                text49                             32AD     32AD       2E         0
                text48                             3111     3111       2D         0
                text47                             3C03     3C03       11         0
                text46                             28E8     28E8       48         0
                text45                             3B41     3B41        B         0
                text44                             3091     3091       2A         0
                text43                             2D42     2D42       6E         0
                text42                             36F9     36F9       3F         0
                text41                             2747     2747       B9         0
                text40                             147D     147D      1B3         0
                text39                             1D48     1D48       D9         0
                text38                             32DB     32DB       2E         0
                text37                             3C7E     3C7E       13         0
                text36                             2BBE     2BBE       5A         0
                text35                             11D0     11D0      12B         0
                text34                             23F1     23F1       9F         0
                text33                             3B97     3B97        E         0
                text32                             3B2C     3B2C        A         0
                text31                             342B     342B       31         0
                text30                              822      822      12E         0
                text29                             3C91     3C91       13         0
                text28                             2E20     2E20       76         0
                text27                             3C6C     3C6C       12         0
                text26                             22BE     22BE       99         0
                text25                             3525     3525       35         0
                text24                             313E     313E       2D         0
                text23                             3F8C     3F8C       26         0
                text22                             2531     2531       AC         0
                text21                             3C14     3C14       11         0
                text20                             345C     345C       31         0
                text19                             348D     348D       31         0
                text18                             2814     2814       46         0
                text17                             2117     2117       82         0
                text16                             3CB8     3CB8       14         0
                text15                             3000     3000       17         0
                text14                             28A1     28A1       47         0
                text13                             2C18     2C18       5F         0
                text12                             2800     2800       14         0
                text11                             3C25     3C25       11         0
                text10                             268F     268F       B8         0
                text9                              2199     2199       91         0
                text8                              1F07     1F07       F9         0
                text7                              1B9D     1B9D       D5         0
                text6                              2000     2000       13         0
                text5                              1E21     1E21       E6         0
                text4                              1630     1630      1D0         0
                text3                              34BE     34BE       32         0
                text2                              2E96     2E96       77         0
                text1                              37BD     37BD       43         0
                maintext                           1000     1000       CA         0
                clrtext                            3B64     3B64        C         0
                inittext                           3B70     3B70        C         0
                idataBANK4                         2930     2930       48         0
                idataBANK3                         3B03     3B03        6         0
                idataBANK2                         3AE3     3AE3        4         0

        CLASS   STRCODE        
                stringtext28                       3951     3951        3         0
                stringtext27                       394D     394D        4         0
                stringtext26                       3948     3948        5         0
                stringtext25                       3943     3943        5         0
                stringtext24                       393D     393D        6         0
                stringtext23                       3937     3937        6         0
                stringtext22                       3931     3931        6         0
                stringtext21                       392B     392B        6         0
                stringtext20                       391E     391E        7         0
                stringtext19                       3917     3917        7         0
                stringtext18                       3906     3906        9         0
                stringtext17                       38FD     38FD        9         0
                stringtext16                       38F4     38F4        9         0
                stringtext15                       38EB     38EB        9         0
                stringtext14                       38E2     38E2        9         0
                stringtext13                       38D9     38D9        9         0
                stringtext12                       38D0     38D0        9         0
                stringtext11                       38C7     38C7        9         0
                stringtext10                       38BE     38BE        9         0
                stringtext9                        38B5     38B5        9         0
                stringtext8                        38AC     38AC        9         0
                stringtext7                        38A3     38A3        9         0
                stringtext6                        389A     389A        9         0
                stringtext5                        3925     3925        6         0
                stringtext4                        390F     390F        8         0
                stringtext3                        3869     3869       11         0
                stringtext2                        3829     3829       28         0
                stringtext1                        3800     3800       29         0

        CLASS   STRING         

        CLASS   CONST          
                swtext3                            3851     3851       18         0
                swtext2                            388A     388A       10         0
                swtext1                            387A     387A       10         0

        CLASS   ENTRY          

        CLASS   COMMON         
                cstackCOMMON                         70       70        8         1
                bssCOMMON                            78       78        3         1

        CLASS   BANK0          
                cstackBANK0                          20       20       50         1

        CLASS   BANK1          
                cstackBANK1                          CA       CA       26         1
                bssBANK1                             A0       A0       2A         1

        CLASS   BANK2          
                dataBANK2                           169      169        4         1
                bssBANK2                            120      120       49         1
                nvBANK2                             16D      16D        3         1

        CLASS   BANK3          
                cstackBANK3                         1D4      1D4        3         1
                dataBANK3                           1CA      1CA        6         1
                bssBANK3                            1A0      1A0       2A         1
                nvBANK3                             1D0      1D0        4         1

        CLASS   BANK4          
                dataBANK4                           220      220       48         1

        CLASS   BANK5          
                bssBANK5                            2A0      2A0       28         1

        CLASS   BANK6          

        CLASS   BANK7          

        CLASS   BANK8          

        CLASS   BANK9          

        CLASS   BANK10         

        CLASS   BANK11         

        CLASS   BANK12         

        CLASS   BIGRAM         

        CLASS   RAM            

        CLASS   ABS1           
                abs_s1                               7E       7E        2         1
                abs_s1                              340      340       30         1
                abs_s1                              3A0      3A0       50         1
                abs_s1                              420      420       48         1
                abs_s1                              4A0      4A0       50         1
                abs_s1                              5A4      5A4       4C         1
                abs_s1                              620      620       30         1
                abs_s1                             2200     2200        0         1
                abs_s1                             2374     2374        0         1

        CLASS   SFR0           

        CLASS   SFR1           

        CLASS   SFR2           

        CLASS   SFR3           

        CLASS   SFR4           

        CLASS   SFR5           

        CLASS   SFR6           

        CLASS   SFR7           

        CLASS   SFR8           

        CLASS   SFR9           

        CLASS   SFR10          

        CLASS   SFR11          

        CLASS   SFR12          

        CLASS   SFR13          

        CLASS   SFR14          

        CLASS   SFR15          

        CLASS   SFR16          

        CLASS   SFR17          

        CLASS   SFR18          

        CLASS   SFR19          

        CLASS   SFR20          

        CLASS   SFR21          

        CLASS   SFR22          

        CLASS   SFR23          

        CLASS   SFR24          

        CLASS   SFR25          

        CLASS   SFR26          

        CLASS   SFR27          

        CLASS   SFR28          

        CLASS   SFR29          

        CLASS   SFR30          

        CLASS   SFR31          

        CLASS   CONFIG         
                config                             8007     8007        2         0

        CLASS   IDLOC          

        CLASS   EEDATA         

        CLASS   BANK31         

        CLASS   BANK30         

        CLASS   BANK29         

        CLASS   BANK28         

        CLASS   BANK27         

        CLASS   BANK26         

        CLASS   BANK25         

        CLASS   BANK24         

        CLASS   BANK23         

        CLASS   BANK22         

        CLASS   BANK21         

        CLASS   BANK20         

        CLASS   BANK19         

        CLASS   BANK18         

        CLASS   BANK17         

        CLASS   BANK16         

        CLASS   BANK15         

        CLASS   BANK14         

        CLASS   BANK13         



SEGMENTS        Name                           Load    Length   Top    Selector   Space  Class     Delta

                reset_vec                      000000  000002  000002         0       0  CODE        2
                text166                        000003  000001  000004         6       0  CODE        2
                intentry                       000004  0007FC  000800         8       0  CODE        2
                cstackBANK0                    000020  000050  000070        20       1  BANK0       1
                cstackCOMMON                   000070  00000B  00007B        70       1  COMMON      1
                bssBANK1                       0000A0  000050  0000F0        A0       1  BANK1       1
                bssBANK2                       000120  000050  000170       120       1  BANK2       1
                bssBANK3                       0001A0  000037  0001D7       1A0       1  BANK3       1
                dataBANK4                      000220  000048  000268       220       1  BANK4       1
                bssBANK5                       0002A0  000028  0002C8       2A0       1  BANK5       1
                text109                        000800  000022  000822      1000       0  CODE        2
                text30                         000822  00012E  000950      1044       0  CODE        2
                text97                         000950  000228  000B78      12A0       0  CODE        2
                text62                         000B78  00022B  000DA3      16F0       0  CODE        2
                text64                         000DA3  000327  0010CA      1B46       0  CODE        2
                text135                        0010CA  000106  0011D0      2194       0  CODE        2
                text35                         0011D0  00012B  0012FB      23A0       0  CODE        2
                text92                         0012FB  000182  00147D      25F6       0  CODE        2
                text40                         00147D  0001B3  001630      28FA       0  CODE        2
                text4                          001630  0001D0  001800      2C60       0  CODE        2
                text60                         001802  00007D  00187F      3004       0  CODE        2
                text68                         00187F  0000BC  00193B      30FE       0  CODE        2
                text90                         00193B  0000C2  0019FD      3276       0  CODE        2
                text127                        0019FD  0000D0  001ACD      33FA       0  CODE        2
                text93                         001ACD  0000D0  001B9D      359A       0  CODE        2
                text7                          001B9D  0000D5  001C72      373A       0  CODE        2
                text153                        001C72  0000D6  001D48      38E4       0  CODE        2
                text39                         001D48  0000D9  001E21      3A90       0  CODE        2
                text5                          001E21  0000E6  001F07      3C42       0  CODE        2
                text8                          001F07  00010C  002013      3E0E       0  CODE        2
                text98                         002013  000082  002095      4026       0  CODE        2
                text66                         002095  000082  002117      412A       0  CODE        2
                text17                         002117  000082  002199      422E       0  CODE        2
                text9                          002199  000091  00222A      4332       0  CODE        2
                text129                        00222A  000094  0022BE      4454       0  CODE        2
                text26                         0022BE  000099  002357      457C       0  CODE        2
                text134                        002357  00009A  0023F1      46AE       0  CODE        2
                text34                         0023F1  00009F  002490      47E2       0  CODE        2
                text91                         002490  0000A1  002531      4920       0  CODE        2
                text22                         002531  0000AC  0025DD      4A62       0  CODE        2
                text95                         0025DD  0000B2  00268F      4BBA       0  CODE        2
                text10                         00268F  0000B8  002747      4D1E       0  CODE        2
                text41                         002747  0000CD  002814      4E8E       0  CODE        2
                text18                         002814  000046  00285A      5028       0  CODE        2
                text65                         00285A  000047  0028A1      50B4       0  CODE        2
                text14                         0028A1  000047  0028E8      5142       0  CODE        2
                text46                         0028E8  000048  002930      51D0       0  CODE        2
                idataBANK4                     002930  000048  002978      5260       0  CODE        2
                text151                        002978  00004D  0029C5      52F0       0  CODE        2
                text79                         0029C5  000051  002A16      538A       0  CODE        2
                text76                         002A16  000052  002A68      542C       0  CODE        2
                text138                        002A68  000053  002ABB      54D0       0  CODE        2
                text72                         002ABB  000053  002B0E      5576       0  CODE        2
                text161                        002B0E  000056  002B64      561C       0  CODE        2
                text89                         002B64  00005A  002BBE      56C8       0  CODE        2
                text36                         002BBE  00005A  002C18      577C       0  CODE        2
                text13                         002C18  00005F  002C77      5830       0  CODE        2
                text71                         002C77  000065  002CDC      58EE       0  CODE        2
                text58                         002CDC  000066  002D42      59B8       0  CODE        2
                text43                         002D42  00006E  002DB0      5A84       0  CODE        2
                text81                         002DB0  000070  002E20      5B60       0  CODE        2
                text28                         002E20  000076  002E96      5C40       0  CODE        2
                text2                          002E96  000077  002F0D      5D2C       0  CODE        2
                text100                        002F0D  000079  002F86      5E1A       0  CODE        2
                text126                        002F86  000091  003017      5F0C       0  CODE        2
                text69                         003017  000028  00303F      602E       0  CODE        2
                text148                        00303F  000029  003068      607E       0  CODE        2
                text143                        003068  000029  003091      60D0       0  CODE        2
                text44                         003091  00002A  0030BB      6122       0  CODE        2
                text132                        0030BB  00002B  0030E6      6176       0  CODE        2
                text131                        0030E6  00002B  003111      61CC       0  CODE        2
                text48                         003111  00002D  00313E      6222       0  CODE        2
                text24                         00313E  00002D  00316B      627C       0  CODE        2
                text56                         00316B  00002E  003199      62D6       0  CODE        2
                text55                         003199  00002E  0031C7      6332       0  CODE        2
                text54                         0031C7  00002E  0031F5      638E       0  CODE        2
                text53                         0031F5  00002E  003223      63EA       0  CODE        2
                text52                         003223  00002E  003251      6446       0  CODE        2
                text51                         003251  00002E  00327F      64A2       0  CODE        2
                text50                         00327F  00002E  0032AD      64FE       0  CODE        2
                text49                         0032AD  00002E  0032DB      655A       0  CODE        2
                text38                         0032DB  00002E  003309      65B6       0  CODE        2
                text142                        003309  000030  003339      6612       0  CODE        2
                text139                        003339  000030  003369      6672       0  CODE        2
                text137                        003369  000030  003399      66D2       0  CODE        2
                text96                         003399  000030  0033C9      6732       0  CODE        2
                text160                        0033C9  000031  0033FA      6792       0  CODE        2
                text78                         0033FA  000031  00342B      67F4       0  CODE        2
                text31                         00342B  000031  00345C      6856       0  CODE        2
                text20                         00345C  000031  00348D      68B8       0  CODE        2
                text19                         00348D  000031  0034BE      691A       0  CODE        2
                text3                          0034BE  000032  0034F0      697C       0  CODE        2
                text123                        0034F0  000035  003525      69E0       0  CODE        2
                text25                         003525  000035  00355A      6A4A       0  CODE        2
                text158                        00355A  000037  003591      6AB4       0  CODE        2
                text77                         003591  000038  0035C9      6B22       0  CODE        2
                text140                        0035C9  000039  003602      6B92       0  CODE        2
                text165                        003602  00003A  00363C      6C04       0  CODE        2
                text94                         00363C  00003F  00367B      6C78       0  CODE        2
                text70                         00367B  00003F  0036BA      6CF6       0  CODE        2
                text63                         0036BA  00003F  0036F9      6D74       0  CODE        2
                text42                         0036F9  00003F  003738      6DF2       0  CODE        2
                text83                         003738  000042  00377A      6E70       0  CODE        2
                text128                        00377A  000043  0037BD      6EF4       0  CODE        2
                text1                          0037BD  000043  003800      6F7A       0  CODE        2
                stringtext1                    003800  000051  003851      7000       0  STRCODE     2
                swtext3                        003851  000018  003869      70A2       0  CONST       2
                stringtext3                    003869  000011  00387A      70D2       0  STRCODE     2
                swtext1                        00387A  000020  00389A      70F4       0  CONST       2
                stringtext6                    00389A  0000BA  003954      7134       0  STRCODE     2
                text119                        003ADC  000003  003ADF      75B8       0  CODE        2
                text117                        003ADF  000004  003AE3      75BE       0  CODE        2
                idataBANK2                     003AE3  000004  003AE7      75C6       0  CODE        2
                text124                        003AE7  000005  003AEC      75CE       0  CODE        2
                text113                        003AEC  000005  003AF1      75D8       0  CODE        2
                text150                        003AF1  000006  003AF7      75E2       0  CODE        2
                text122                        003AF7  000006  003AFD      75EE       0  CODE        2
                text120                        003AFD  000006  003B03      75FA       0  CODE        2
                idataBANK3                     003B03  000006  003B09      7606       0  CODE        2
                text87                         003B09  000008  003B11      7612       0  CODE        2
                text105                        003B11  000009  003B1A      7622       0  CODE        2
                text88                         003B1A  000009  003B23      7634       0  CODE        2
                text73                         003B23  000009  003B2C      7646       0  CODE        2
                text32                         003B2C  00000A  003B36      7658       0  CODE        2
                text99                         003B36  00000B  003B41      766C       0  CODE        2
                text45                         003B41  00000B  003B4C      7682       0  CODE        2
                text157                        003B4C  00000C  003B58      7698       0  CODE        2
                text57                         003B58  00000C  003B64      76B0       0  CODE        2
                clrtext                        003B64  00000C  003B70      76C8       0  CODE        2
                inittext                       003B70  00000C  003B7C      76E0       0  CODE        2
                text111                        003B7C  00000D  003B89      76F8       0  CODE        2
                text145                        003B89  00000E  003B97      7712       0  CODE        2
                text33                         003B97  00000E  003BA5      772E       0  CODE        2
                text149                        003BA5  00000F  003BB4      774A       0  CODE        2
                text125                        003BB4  00000F  003BC3      7768       0  CODE        2
                text102                        003BC3  00000F  003BD2      7786       0  CODE        2
                text146                        003BD2  000010  003BE2      77A4       0  CODE        2
                text84                         003BE2  000010  003BF2      77C4       0  CODE        2
                text107                        003BF2  000011  003C03      77E4       0  CODE        2
                text47                         003C03  000011  003C14      7806       0  CODE        2
                text21                         003C14  000011  003C25      7828       0  CODE        2
                text11                         003C25  000011  003C36      784A       0  CODE        2
                text164                        003C36  000012  003C48      786C       0  CODE        2
                text116                        003C48  000012  003C5A      7890       0  CODE        2
                text75                         003C5A  000012  003C6C      78B4       0  CODE        2
                text27                         003C6C  000012  003C7E      78D8       0  CODE        2
                text37                         003C7E  000013  003C91      78FC       0  CODE        2
                text29                         003C91  000013  003CA4      7922       0  CODE        2
                text152                        003CA4  000014  003CB8      7948       0  CODE        2
                text16                         003CB8  000014  003CCC      7970       0  CODE        2
                text110                        003CCC  000015  003CE1      7998       0  CODE        2
                text144                        003CE1  000016  003CF7      79C2       0  CODE        2
                text141                        003CF7  000017  003D0E      79EE       0  CODE        2
                text104                        003D0E  000017  003D25      7A1C       0  CODE        2
                text103                        003D25  000017  003D3C      7A4A       0  CODE        2
                text133                        003D3C  000018  003D54      7A78       0  CODE        2
                text106                        003D54  000018  003D6C      7AA8       0  CODE        2
                text112                        003D6C  000019  003D85      7AD8       0  CODE        2
                text108                        003D85  000019  003D9E      7B0A       0  CODE        2
                text159                        003D9E  00001B  003DB9      7B3C       0  CODE        2
                text101                        003DB9  00001B  003DD4      7B72       0  CODE        2
                text67                         003DD4  00001B  003DEF      7BA8       0  CODE        2
                text59                         003DEF  00001B  003E0A      7BDE       0  CODE        2
                text147                        003E0A  00001C  003E26      7C14       0  CODE        2
                text155                        003E26  00001D  003E43      7C4C       0  CODE        2
                text118                        003E43  00001D  003E60      7C86       0  CODE        2
                text115                        003E60  00001D  003E7D      7CC0       0  CODE        2
                text162                        003E7D  00001E  003E9B      7CFA       0  CODE        2
                text156                        003E9B  00001F  003EBA      7D36       0  CODE        2
                text61                         003EBA  000020  003EDA      7D74       0  CODE        2
                text154                        003EDA  000021  003EFB      7DB4       0  CODE        2
                text114                        003EFB  000022  003F1D      7DF6       0  CODE        2
                text86                         003F1D  000024  003F41      7E3A       0  CODE        2
                text167                        003F41  000025  003F66      7E82       0  CODE        2
                text82                         003F66  000026  003F8C      7ECC       0  CODE        2
                text23                         003F8C  000026  003FB2      7F18       0  CODE        2
                text130                        003FB2  000027  003FD9      7F64       0  CODE        2
                text85                         003FD9  000027  004000      7FB2       0  CODE        2
                config                         008007  000002  008009     1000E       0  CONFIG      2


UNUSED ADDRESS RANGES

        Name                Unused          Largest block    Delta
        BANK10           00520-0056F              50           1
        BANK11           005A0-005A3               4           1
        BANK3            001D7-001EF              19           1
        BANK4            00268-0026F               8           1
        BANK5            002C8-002EF              28           1
        BANK6            00320-0033F              20           1
        BANK8            00468-0046F               8           1
        BIGRAM           02000-023EF             3F0           1
        CODE             00002-00002               1           2
                         01800-01801               2
                         03954-03ADB             188
        COMMON           0007B-0007D               3           1
        CONST            00002-00002               1           2
                         01800-01801               2
                         03954-03ADB              AC
        EEDATA           0F000-0F0FF             100           2
        ENTRY            00002-00002               1           2
                         01800-01801               2
                         03954-03ADB              AC
        IDLOC            08000-08003               4           2
        RAM              001D7-001EF              19           1
                         00268-0026F               8
                         002C8-002EF              28
                         00320-0033F              20
                         00468-0046F               8
                         00520-0056F              50
                         005A0-005A3               4
        SFR0             00000-0001F              20           1
        SFR1             00080-0009F              20           1
        SFR10            00500-0051F              20           1
        SFR11            00580-0059F              20           1
        SFR12            00600-0061F              20           1
        SFR13            00680-006EF              70           1
        SFR14            00700-0076F              70           1
        SFR15            00780-007EF              70           1
        SFR16            00800-0086F              70           1
        SFR17            00880-008EF              70           1
        SFR18            00900-0096F              70           1
        SFR19            00980-009EF              70           1
        SFR2             00100-0011F              20           1
        SFR20            00A00-00A6F              70           1
        SFR21            00A80-00AEF              70           1
        SFR22            00B00-00B6F              70           1
        SFR23            00B80-00BEF              70           1
        SFR24            00C00-00C6F              70           1
        SFR25            00C80-00CEF              70           1
        SFR26            00D00-00D6F              70           1
        SFR27            00D80-00DEF              70           1
        SFR28            00E00-00E6F              70           1
        SFR29            00E80-00EEF              70           1
        SFR3             00180-0019F              20           1
        SFR30            00F00-00F6F              70           1
        SFR31            00F80-00FEF              70           1
        SFR4             00200-0021F              20           1
        SFR5             00280-0029F              20           1
        SFR6             00300-0031F              20           1
        SFR7             00380-0039F              20           1
        SFR8             00400-0041F              20           1
        SFR9             00480-0049F              20           1
        STACK            02320-02373              54           1
        STRCODE          00002-00002               1           2
                         01800-01801               2
                         03954-03ADB             188
        STRING           00002-00002               1           2
                         01800-01801               2
                         03954-03ADB              AC

                                  Symbol Table

?___aldiv                                       cstackBANK0  00020
?___almod                                       cstackBANK0  00020
?___awdiv                                       cstackCOMMON 00073
?___awmod                                       cstackCOMMON 00073
?___lldiv                                       cstackBANK0  00028
?___llmod                                       cstackBANK0  00020
?___lmul                                        cstackBANK0  00020
?___lwdiv                                       cstackCOMMON 00073
?___lwmod                                       cstackCOMMON 00073
?___wmul                                        cstackCOMMON 00073
?_adc_mcp3241_read_convert_16                   cstackBANK0  00022
?_app_flow_adc_2_flow                           cstackBANK0  00035
?_app_flow_get_adcAverageValue                  cstackBANK0  00035
?_crc_sum                                       cstackCOMMON 00073
?_get_globle_ticker                             cstackCOMMON 00073
?_m_math_pow                                    cstackBANK0  00028
?_ui_key_waite_up                               cstackBANK0  00020
?_ui_key_waite_up_ex                            cstackBANK0  00020
DATAEE_ReadByte@bAdd                            cstackCOMMON 00073
DATAEE_WriteByte@GIEBitValue                    cstackCOMMON 00075
DATAEE_WriteByte@bAdd                           cstackCOMMON 00074
DATAEE_WriteByte@bData                          cstackCOMMON 00073
EUSART1_Receive_ISR@t8                          cstackCOMMON 00071
TMR0_SetInterruptHandler@InterruptHandler       cstackCOMMON 00073
TMR1_SetInterruptHandler@InterruptHandler       cstackCOMMON 00073
_ANSELA                                         (abs)        0018C
_ANSELAbits                                     (abs)        0018C
_ANSELE                                         (abs)        00190
_ANSELF                                         (abs)        0040C
_ANSELFbits                                     (abs)        0040C
_ANSELG                                         (abs)        0040D
_APFCON                                         (abs)        0011D
_BAUD1CON                                       (abs)        0019F
_CardError                                      bssBANK2     00137
_DATAEE_ReadByte                                text157      03B4C
_DATAEE_WriteByte                               text155      03E26
_EEADRL                                         (abs)        00191
_EECON1bits                                     (abs)        00195
_EECON2                                         (abs)        00196
_EEDATL                                         (abs)        00193
_EUSART1_Initialize                             text125      03BB4
_EUSART1_Receive_ISR                            text167      03F41
_EUSART1_Transmit_ISR                           text166      00003
_Event                                          bssBANK1     000C7
_INTCONbits                                     (abs)        0000B
_INTERRUPT_InterruptManager                     intentry     00004
_KeyValue                                       bssBANK1     000C1
_LATA                                           (abs)        0010C
_LATAbits                                       (abs)        0010C
_LATB                                           (abs)        0010D
_LATBbits                                       (abs)        0010D
_LATC                                           (abs)        0010E
_LATCbits                                       (abs)        0010E
_LATD                                           (abs)        0010F
_LATDbits                                       (abs)        0010F
_LATE                                           (abs)        00110
_LATF                                           (abs)        0038C
_LATFbits                                       (abs)        0038C
_LATG                                           (abs)        0038D
_LCDCON                                         (abs)        00791
_LCDCST                                         (abs)        00794
_LCDDATA0                                       (abs)        007A0
_LCDDigitalIndexTable                           stringtext1  03800
_LCDDigitalTable                                stringtext2  03829
_LCDPSbits                                      (abs)        00792
_LCDREF                                         (abs)        00793
_LCDRL                                          (abs)        00795
_LCDSE0                                         (abs)        00798
_LCDSE1                                         (abs)        00799
_LCDSE2                                         (abs)        0079A
_LCDSE3                                         (abs)        0079B
_LCDSE4                                         (abs)        0079C
_LCDSE5                                         (abs)        0079D
_Main_flowCalibrationTable                      (abs)        02374
_OPTION_REG                                     (abs)        00095
_OPTION_REGbits                                 (abs)        00095
_OSCCON                                         (abs)        00099
_OSCILLATOR_Initialize                          text124      03AE7
_OSCTUNE                                        (abs)        00098
_PIE1bits                                       (abs)        00091
_PIN_MANAGER_Initialize                         text123      034F0
_PIR1bits                                       (abs)        00011
_PORTAbits                                      (abs)        0000C
_PORTB                                          (abs)        0000D
_PORTBbits                                      (abs)        0000D
_PORTCbits                                      (abs)        0000E
_PORTDbits                                      (abs)        0000F
_PiccUid                                        bssBANK3     001BE
_RC1REG                                         (abs)        00199
_RC1STA                                         (abs)        0019D
_RC1STAbits                                     (abs)        0019D
_SP1BRGH                                        (abs)        0019C
_SP1BRGL                                        (abs)        0019B
_SYSTEM_Initialize                              text116      03C48
_T1CON                                          (abs)        00018
_T1CONbits                                      (abs)        00018
_T1GCON                                         (abs)        00019
_TMR0                                           (abs)        00015
_TMR0_DefaultInterruptHandler                   (abs)        00000
_TMR0_ISR                                       text165      03602
_TMR0_Initialize                                text121      007EA
_TMR0_InterruptHandler                          nvBANK3      001D0
_TMR0_SetInterruptHandler                       text122      03AF7
_TMR1H                                          (abs)        00017
_TMR1L                                          (abs)        00016
_TMR1_DefaultInterruptHandler                   (abs)        00000
_TMR1_ISR                                       text164      03C36
_TMR1_Initialize                                text118      03E43
_TMR1_InterruptHandler                          nvBANK3      001D2
_TMR1_SetInterruptHandler                       text120      03AFD
_TMR1_StartTimer                                text119      03ADC
_TRISA                                          (abs)        0008C
_TRISAbits                                      (abs)        0008C
_TRISB                                          (abs)        0008D
_TRISBbits                                      (abs)        0008D
_TRISC                                          (abs)        0008E
_TRISCbits                                      (abs)        0008E
_TRISD                                          (abs)        0008F
_TRISDbits                                      (abs)        0008F
_TRISE                                          (abs)        00090
_TRISF                                          (abs)        0030C
_TRISFbits                                      (abs)        0030C
_TRISG                                          (abs)        0030D
_TX1REG                                         (abs)        0019A
_TX1STA                                         (abs)        0019E
_TablerxAlign                                   stringtext4  0390F
_WDTCON                                         (abs)        00097
_WDT_Initialize                                 text117      03ADF
_WPUB                                           (abs)        0020D
_WPUG                                           (abs)        0048D
__CFG_BOREN$ON                                  (abs)        00000
__CFG_BORV$LO                                   (abs)        00000
__CFG_CLKOUTEN$OFF                              (abs)        00000
__CFG_CP$OFF                                    (abs)        00000
__CFG_CPD$OFF                                   (abs)        00000
__CFG_FCMEN$ON                                  (abs)        00000
__CFG_FOSC$HS                                   (abs)        00000
__CFG_IESO$ON                                   (abs)        00000
__CFG_LVP$OFF                                   (abs)        00000
__CFG_MCLRE$ON                                  (abs)        00000
__CFG_PLLEN$OFF                                 (abs)        00000
__CFG_PWRTE$OFF                                 (abs)        00000
__CFG_STVREN$ON                                 (abs)        00000
__CFG_VCAPEN$OFF                                (abs)        00000
__CFG_WDTE$OFF                                  (abs)        00000
__CFG_WRT$OFF                                   (abs)        00000
__Habs1                                         abs1         00000
__Hbank0                                        bank0        00000
__Hbank1                                        bank1        00000
__Hbank10                                       bank10       00000
__Hbank11                                       bank11       00000
__Hbank12                                       bank12       00000
__Hbank13                                       bank13       00000
__Hbank14                                       bank14       00000
__Hbank15                                       bank15       00000
__Hbank16                                       bank16       00000
__Hbank17                                       bank17       00000
__Hbank18                                       bank18       00000
__Hbank19                                       bank19       00000
__Hbank2                                        bank2        00000
__Hbank20                                       bank20       00000
__Hbank21                                       bank21       00000
__Hbank22                                       bank22       00000
__Hbank23                                       bank23       00000
__Hbank24                                       bank24       00000
__Hbank25                                       bank25       00000
__Hbank26                                       bank26       00000
__Hbank27                                       bank27       00000
__Hbank28                                       bank28       00000
__Hbank29                                       bank29       00000
__Hbank3                                        bank3        00000
__Hbank30                                       bank30       00000
__Hbank31                                       bank31       00000
__Hbank4                                        bank4        00000
__Hbank5                                        bank5        00000
__Hbank6                                        bank6        00000
__Hbank7                                        bank7        00000
__Hbank8                                        bank8        00000
__Hbank9                                        bank9        00000
__Hbigram                                       bigram       00000
__HbssBANK1                                     bssBANK1     00000
__HbssBANK2                                     bssBANK2     00000
__HbssBANK3                                     bssBANK3     00000
__HbssBANK5                                     bssBANK5     00000
__HbssCOMMON                                    bssCOMMON    00000
__Hcinit                                        cinit        000A0
[...]
      Locals:         0       2       0       0       0       0       0       0       0       0       0       0       0
      Temps:          0       0       0       0       0       0       0       0       0       0       0       0       0
      Totals:         4       2       0       0       0       0       0       0       0       0       0       0       0
Total ram usage:        6 bytes
 Hardware stack levels used:    1
 Hardware stack levels required when called:    2
 This function calls:
		Nothing
 This function is called by:
		_data_api_calibration_table_data_init
		_ui_key_process_cancel
		_ui_key_set_process
 This function uses a non-reentrant model


 *************** function _INTERRUPT_InterruptManager *****************
 Defined at:
		line 51 in file "mcc_generated_files/interrupt_manager.c"
 Parameters:    Size  Location     Type
		None
 Auto vars:     Size  Location     Type
		None
 Return value:  Size  Location     Type
                  1    wreg      void 
 Registers used:
		wreg, fsr1l, fsr1h, status,2, status,0, pclath, cstack
 Tracked objects:
		On entry : 
		On exit  : 
		Unchanged: 
 Data sizes:     COMMON   BANK0   BANK1   BANK2   BANK3   BANK4   BANK5   BANK6   BANK7   BANK8  BANK10  BANK11  BANK12
      Params:         0       0       0       0       0       0       0       0       0       0       0       0       0
      Locals:         0       0       0       0       0       0       0       0       0       0       0       0       0
      Temps:          1       0       0       0       0       0       0       0       0       0       0       0       0
      Totals:         1       0       0       0       0       0       0       0       0       0       0       0       0
Total ram usage:        1 bytes
 Hardware stack levels used:    1
 Hardware stack levels required when called:    1
 This function calls:
		_EUSART1_Receive_ISR
		_EUSART1_Transmit_ISR
		_TMR0_ISR
		_TMR1_ISR
 This function is called by:
		Interrupt level 1
 This function uses a non-reentrant model


 *************** function _TMR1_ISR *****************
 Defined at:
		line 156 in file "mcc_generated_files/tmr1.c"
 Parameters:    Size  Location     Type
		None
 Auto vars:     Size  Location     Type
		None
 Return value:  Size  Location     Type
                  1    wreg      void 
 Registers used:
		wreg, status,2, status,0
 Tracked objects:
		On entry : 
		On exit  : 
		Unchanged: 
 Data sizes:     COMMON   BANK0   BANK1   BANK2   BANK3   BANK4   BANK5   BANK6   BANK7   BANK8  BANK10  BANK11  BANK12
      Params:         0       0       0       0       0       0       0       0       0       0       0       0       0
      Locals:         0       0       0       0       0       0       0       0       0       0       0       0       0
      Temps:          1       0       0       0       0       0       0       0       0       0       0       0       0
      Totals:         1       0       0       0       0       0       0       0       0       0       0       0       0
Total ram usage:        1 bytes
 Hardware stack levels used:    1
 This function calls:
		Nothing
 This function is called by:
		_INTERRUPT_InterruptManager
 This function uses a non-reentrant model


 *************** function _TMR0_ISR *****************
 Defined at:
		line 111 in file "mcc_generated_files/tmr0.c"
 Parameters:    Size  Location     Type
		None
 Auto vars:     Size  Location     Type
		None
 Return value:  Size  Location     Type
                  1    wreg      void 
 Registers used:
		wreg, status,2, status,0
 Tracked objects:
		On entry : 
		On exit  : 
		Unchanged: 
 Data sizes:     COMMON   BANK0   BANK1   BANK2   BANK3   BANK4   BANK5   BANK6   BANK7   BANK8  BANK10  BANK11  BANK12
      Params:         0       0       0       0       0       0       0       0       0       0       0       0       0
      Locals:         0       0       0       0       0       0       0       0       0       0       0       0       0
      Temps:          1       0       0       0       0       0       0       0       0       0       0       0       0
      Totals:         1       0       0       0       0       0       0       0       0       0       0       0       0
Total ram usage:        1 bytes
 Hardware stack levels used:    1
 This function calls:
		Nothing
 This function is called by:
		_INTERRUPT_InterruptManager
 This function uses a non-reentrant model


 *************** function _EUSART1_Transmit_ISR *****************
 Defined at:
		line 32 in file "mcc_generated_files/eusart1.c"
 Parameters:    Size  Location     Type
		None
 Auto vars:     Size  Location     Type
		None
 Return value:  Size  Location     Type
                  1    wreg      void 
 Registers used:
		None
 Tracked objects:
		On entry : 
		On exit  : 
		Unchanged: 
 Data sizes:     COMMON   BANK0   BANK1   BANK2   BANK3   BANK4   BANK5   BANK6   BANK7   BANK8  BANK10  BANK11  BANK12
      Params:         0       0       0       0       0       0       0       0       0       0       0       0       0
      Locals:         0       0       0       0       0       0       0       0       0       0       0       0       0
      Temps:          0       0       0       0       0       0       0       0       0       0       0       0       0
      Totals:         0       0       0       0       0       0       0       0       0       0       0       0       0
Total ram usage:        0 bytes
 Hardware stack levels used:    1
 This function calls:
		Nothing
 This function is called by:
		_INTERRUPT_InterruptManager
 This function uses a non-reentrant model


 *************** function _EUSART1_Receive_ISR *****************
 Defined at:
		line 111 in file "mcc_generated_files/eusart1.c"
 Parameters:    Size  Location     Type
		None
 Auto vars:     Size  Location     Type
  t8              1    1[COMMON] unsigned char 
 Return value:  Size  Location     Type
                  1    wreg      void 
 Registers used:
		wreg, fsr1l, fsr1h, status,2, status,0
 Tracked objects:
		On entry : 
		On exit  : 
		Unchanged: 
 Data sizes:     COMMON   BANK0   BANK1   BANK2   BANK3   BANK4   BANK5   BANK6   BANK7   BANK8  BANK10  BANK11  BANK12
      Params:         0       0       0       0       0       0       0       0       0       0       0       0       0
      Locals:         1       0       0       0       0       0       0       0       0       0       0       0       0
      Temps:          1       0       0       0       0       0       0       0       0       0       0       0       0
      Totals:         2       0       0       0       0       0       0       0       0       0       0       0       0
Total ram usage:        2 bytes
 Hardware stack levels used:    1
 This function calls:
		Nothing
 This function is called by:
		_INTERRUPT_InterruptManager
 This function uses a non-reentrant model



MODULE INFORMATION

Module		Function		Class		Link	Load	Size
src/nfc/pal/mfrc522_mifare.c
		_pcd_mifare_transceive		CODE           	2095	0000	131
		_mifare_read   		CODE           	2ABB	0000	84
		_mifare_write  		CODE           	285A	0000	72

src/nfc/pal/mfrc522_mifare.c estimated size: 287

src/driver/i2c.c
		_iic_waite_ack 		CODE           	3068	0000	42
		_iic_send_ack  		CODE           	3E0A	0000	29
		_iic_send_byte 		CODE           	3309	0000	49
		_iic_start     		CODE           	3CF7	0000	24
		_iic_received_byte		CODE           	303F	0000	42
		_iic_received_byte_if_ack		CODE           	3BD2	0000	17
		_iic_stop      		CODE           	3CE1	0000	23

src/driver/i2c.c estimated size: 226

src/nfc/bal/mfrc522_bal.c
		_mfrc522_bal_write_reg_len		CODE           	3F66	0000	39
		_mfrc522_bal_write_reg		CODE           	3BF2	0000	18
		_mfrc522_bal_write_read_via_spi		CODE           	0800	0000	35
		_mfrc522_bal_read_fifo_len_ex		CODE           	3738	0000	67
		_mfrc522_bal_read_reg		CODE           	3D85	0000	26
		_mfrc522_bal_clr_bit_reg		CODE           	3D0E	0000	24
		_mfrc522_bal_set_bit_reg		CODE           	3D25	0000	24

src/nfc/bal/mfrc522_bal.c estimated size: 233

C:\Program Files (x86)\Microchip\xc8\v1.42\sources\common\lwdiv.c
		___lwdiv       		CODE           	3525	0000	54

C:\Program Files (x86)\Microchip\xc8\v1.42\sources\common\lwdiv.c estimated size: 54

C:\Program Files (x86)\Microchip\xc8\v1.42\sources\common\awdiv.c
		___awdiv       		CODE           	2A16	0000	83

C:\Program Files (x86)\Microchip\xc8\v1.42\sources\common\awdiv.c estimated size: 83

C:\Program Files (x86)\Microchip\xc8\v1.42\sources\common\lbmod.c
		___lbmod       		CODE           	3EBA	0000	33

C:\Program Files (x86)\Microchip\xc8\v1.42\sources\common\lbmod.c estimated size: 33

C:\Program Files (x86)\Microchip\xc8\v1.42\sources\common\Umul32.c
		___lmul        		CODE           	3369	0000	49

C:\Program Files (x86)\Microchip\xc8\v1.42\sources\common\Umul32.c estimated size: 49

src/depend/delay.c
		_delay         		CODE           	3B89	0000	15

src/depend/delay.c estimated size: 15

C:\Program Files (x86)\Microchip\xc8\v1.42\sources\common\lldiv.c
		___lldiv       		CODE           	2A68	0000	84

C:\Program Files (x86)\Microchip\xc8\v1.42\sources\common\lldiv.c estimated size: 84

C:\Program Files (x86)\Microchip\xc8\v1.42\sources\common\aldiv.c
		___aldiv       		CODE           	2013	0000	131

C:\Program Files (x86)\Microchip\xc8\v1.42\sources\common\aldiv.c estimated size: 131

mcc_generated_files/interrupt_manager.c
		_INTERRUPT_InterruptManager		CODE           	0004	0000	52

mcc_generated_files/interrupt_manager.c estimated size: 52

src/app/appdata.c
		_data_api_system_data_init		CODE           	2978	0000	78
		_data_api_write_eeprom		CODE           	3EDA	0000	34
		_data_api_system_data_get		CODE           	3CA4	0000	21
		_data_api_calibration_table_data_init		CODE           	1C72	0000	215
		_data_api_read_eeprom		CODE           	3E9B	0000	32
		_data_api_calibration_table_data_save		CODE           	12FB	0000	387
		_data_api_flash_process		CODE           	3DD4	0000	28
		_data_api_rt_data_save		CODE           	187F	0000	189

src/app/appdata.c estimated size: 984

src/driver/key.c
		_key_scan_call 		CODE           	3FD9	0000	40

src/driver/key.c estimated size: 40

C:\Program Files (x86)\Microchip\xc8\v1.42\sources\common\Umul8.c
		___bmul        		CODE           	3C5A	0000	19

C:\Program Files (x86)\Microchip\xc8\v1.42\sources\common\Umul8.c estimated size: 19

src/api/ui_key.c
		_ui_key_set_process		CODE           	1630	0000	465
		_ui_key_process_enter		CODE           	0822	0000	303
		_ui_key_process_up_down_main		CODE           	2000	0000	20
		_key_process_up_down_variable_speed_ex		CODE           	1B9D	0000	214
		_ui_key_process_cancel		CODE           	11D0	0000	300
		_ui_key_process		CODE           	2E96	0000	120
		_ui_key_process_down		CODE           	23F1	0000	160
		_ui_key_process_up_down		CODE           	1E21	0000	231
		_ui_key_waite_up		CODE           	342B	0000	50
		_ui_key_waite_up_ex		CODE           	34BE	0000	51

src/api/ui_key.c estimated size: 1914

mcc_generated_files/tmr0.c
		_TMR0_SetInterruptHandler		CODE           	3AF7	0000	7
		_TMR0_ISR      		CODE           	3602	0000	59
		_TMR0_Initialize		CODE           	07EA	0000	23

mcc_generated_files/tmr0.c estimated size: 89

src/app/flow.c
		_app_flow_money_off		CODE           	30E6	0000	44
		_app_flow_lookup		CODE           	2357	0000	155
		_app_flow_rt_balance_money_cal		CODE           	222A	0000	149
		_app_flow_adc_2_flow		CODE           	03BD	0000	744
		_in_app_vavle_off		CODE           	30BB	0000	44
		_app_flow_money_warning		CODE           	3FB2	0000	40
		_flow_sampling_process		CODE           	2F86	0000	123
		_app_flow_get_adcAverageValue		CODE           	10CA	0000	263
		_in_app_vavle_on		CODE           	3F1D	0000	37
		_app_flow_rt_volume_cal_ex		CODE           	19FD	0000	209

src/app/flow.c estimated size: 1808

src/nfc/pal/mfrc522_picc.c
		_picc_req_a_or_wakeup_a		CODE           	29C5	0000	82
		_picc_halt_a   		CODE           	3591	0000	57
		_picc_stop_cryptol		CODE           	3B23	0000	10
		_pcd_comm_with_picc		CODE           	06A4	0000	327
		_picc_select   		CODE           	00A0	0000	798
		_picc_authenticate		CODE           	2C77	0000	102

src/nfc/pal/mfrc522_picc.c estimated size: 1376

src/driver/timer.c
		_get_globle_ticker		CODE           	3B97	0000	15
		_set_globle_ticker		CODE           	3B2C	0000	11
		_timer0_irq_callback		CODE           	32DB	0000	47
		_timer1_irq_callback		CODE           	2BBE	0000	91

src/driver/timer.c estimated size: 164

mcc_generated_files/pin_manager.c
		_PIN_MANAGER_Initialize		CODE           	34F0	0000	54

mcc_generated_files/pin_manager.c estimated size: 54

src/driver/adc-mcp3421.c
		_adc_mcp3241_read_convert_16		CODE           	35C9	0000	58
		_adc_mcp3241_start_convert_16		CODE           	3339	0000	49

src/driver/adc-mcp3421.c estimated size: 107

src/nfc/apl/mfrc522_apl.c
		_mfapi_pcd_init		CODE           	3B36	0000	12
		_mfapi_is_new_card_present		CODE           	33FA	0000	50

src/nfc/apl/mfrc522_apl.c estimated size: 62

src/driver/lcd.c
		_lcd_disp_dp   		CODE           	2CDC	0000	103
		_lcd_disp_all  		CODE           	3E60	0000	30
		_lcd_disp_cln  		CODE           	3DEF	0000	28
		_lcd_disp_str  		CODE           	28E8	0000	73
		_lcd_disp_code 		CODE           	3111	0000	46
		_lcd_disp_refresh		CODE           	3C03	0000	18
		_lcd_clear_buffer		CODE           	3B58	0000	13
		_lcd_disp_code_0		CODE           	316B	0000	47
		_lcd_disp_code_1		CODE           	3199	0000	47
		_lcd_disp_code_2		CODE           	31C7	0000	47
		_lcd_disp_code_3		CODE           	31F5	0000	47
		_lcd_disp_code_4		CODE           	3223	0000	47
		_lcd_disp_code_5		CODE           	3251	0000	47
		_lcd_disp_code_6		CODE           	327F	0000	47
		_lcd_disp_code_7		CODE           	32AD	0000	47
		_lcd_set_com_seg		CODE           	1802	0000	126
		_lcd_config    		CODE           	3EFB	0000	35
		_lcd_init      		CODE           	3AEC	0000	6

src/driver/lcd.c estimated size: 854

src/protocol/crc16_sf.c
		_crc_sum       		CODE           	2B0E	0000	87
		_crc_append    		CODE           	33C9	0000	50
		_crc_verify    		CODE           	355A	0000	56

src/protocol/crc16_sf.c estimated size: 193

src/driver/other-gpio.c
		_other_gpio_port_init		CODE           	3B7C	0000	14
		_valve_stop    		CODE           	3C7E	0000	20
		_valve_on      		CODE           	3B09	0000	9
		_valve_off     		CODE           	3D3C	0000	25

src/driver/other-gpio.c estimated size: 68

src/depend/m_string.c
		_m_mem_set     		CODE           	3BE2	0000	17
		_m_mem_cpy_len 		CODE           	3D9E	0000	28
		_m_math_pow    		CODE           	36F9	0000	64

src/depend/m_string.c estimated size: 109

shared
		_defaultKeyA   		STRCODE        	3925	0000	7
		_LCDDigitalIndexTable		STRCODE        	3800	0000	42
		_LCDDigitalTable		STRCODE        	3829	0000	41
		_hexTable      		STRCODE        	3869	0000	18
		__initialization		CODE           	0039	0000	100
		_TablerxAlign  		STRCODE        	390F	0000	9

shared estimated size: 217

mcc_generated_files/eusart1.c
		_EUSART1_Initialize		CODE           	3BB4	0000	16
		_my_uart1_send_poll		CODE           	3399	0000	49
		_EUSART1_Receive_ISR		CODE           	3F41	0000	38
		_my_uart1_received_ready		CODE           	3B1A	0000	10
		_EUSART1_Transmit_ISR		CODE           	0003	0000	2

mcc_generated_files/eusart1.c estimated size: 115

mcc_generated_files/mcc.c
		_WDT_Initialize		CODE           	3ADF	0000	5
		_OSCILLATOR_Initialize		CODE           	3AE7	0000	6
		_SYSTEM_Initialize		CODE           	3C48	0000	19

mcc_generated_files/mcc.c estimated size: 30

src/driver/led.c
		_led_port_init 		CODE           	3D6C	0000	26

src/driver/led.c estimated size: 26

src/api/ui.c
		_ui_disp_menu  		CODE           	1F07	0000	250
		_ui_disp_flow  		CODE           	22BE	0000	154
		_ui_uint32_2_str		CODE           	2747	0000	186
		_ui_disp_set_line		CODE           	28A1	0000	72
		_ui_disp_set_transferMoneyLimit		CODE           	2800	0000	21
		_ui_disp_set_balanceOff		CODE           	345C	0000	50
		_ui_disp_totale_v		CODE           	2E20	0000	119
		_ui_disp_set_calib		CODE           	2117	0000	131
		_ui_disp_modbus_id		CODE           	3C14	0000	18
		_ui_disp_set_price		CODE           	2C18	0000	96
		_ui_head_hide  		CODE           	3091	0000	43
		_ui_disp_set_imd_flow_uint		CODE           	3000	0000	24
		_ui_disp_small_flow_how_care		CODE           	3C25	0000	18
		_ui_mem_cpy    		CODE           	3F8C	0000	39
		_ui_start_display		CODE           	37BD	0000	68
		_ui_disp_str_num		CODE           	2531	0000	173
		_ui_disp_set_device_id		CODE           	3CB8	0000	21
		_ui_disp_balance_and_volume		CODE           	147D	0000	436
		_ui_disp_transfer_money		CODE           	2199	0000	146
		_ui_disp_str_num_ex		CODE           	268F	0000	185
		_ui_disp_set_balanceWarning		CODE           	348D	0000	50
		_ui_disp_flow_error		CODE           	3B41	0000	12
		_ui_disp_clear_totale		CODE           	3C6C	0000	19
		_ui_disp_clear_balance		CODE           	3C91	0000	20

src/api/ui.c estimated size: 2351

mcc_generated_files/tmr1.c
		_TMR1_Initialize		CODE           	3E43	0000	30
		_TMR1_SetInterruptHandler		CODE           	3AFD	0000	7
		_TMR1_StartTimer		CODE           	3ADC	0000	4
		_TMR1_ISR      		CODE           	3C36	0000	19

mcc_generated_files/tmr1.c estimated size: 60

src/app/rfid_demo.c
		_create_card_key_b		CODE           	3017	0000	41
		_rfid_comm_process		CODE           	1D48	0000	218
		_rfid_comm_process_read_dec		CODE           	367B	0000	64
		_rfid_comm_process_read_inc		CODE           	36BA	0000	64
		_rfid_comm_process_recharge		CODE           	0B78	0000	556
		_rfid_comm_process_read_header		CODE           	0DA3	0000	606

src/app/rfid_demo.c estimated size: 1549

C:\Program Files (x86)\Microchip\xc8\v1.42\sources\common\lwmod.c
		___lwmod       		CODE           	313E	0000	46

C:\Program Files (x86)\Microchip\xc8\v1.42\sources\common\lwmod.c estimated size: 46

C:\Program Files (x86)\Microchip\xc8\v1.42\sources\common\awmod.c
		___awmod       		CODE           	2814	0000	71

C:\Program Files (x86)\Microchip\xc8\v1.42\sources\common\awmod.c estimated size: 71

src/api/modbus.c
		_modbus_response_command		CODE           	25DD	0000	179
		_modbus_response_write_clib_data		CODE           	2490	0000	162
		_modbus_response_process		CODE           	2B64	0000	91
		_modbus_response_read_clib_data		CODE           	1ACD	0000	209
		_modbus_response_illgeal_function		CODE           	363C	0000	64
		_getRegisterVal		CODE           	0950	0000	553
		_modbus_response_write_single_register		CODE           	193B	0000	195

src/api/modbus.c estimated size: 1453

mcc_generated_files/memory.c
		_DATAEE_WriteByte		CODE           	3E26	0000	30
		_DATAEE_ReadByte		CODE           	3B4C	0000	13

mcc_generated_files/memory.c estimated size: 43

C:\Program Files (x86)\Microchip\xc8\v1.42\sources\common\llmod.c
		___llmod       		CODE           	377A	0000	68

C:\Program Files (x86)\Microchip\xc8\v1.42\sources\common\llmod.c estimated size: 68

C:\Program Files (x86)\Microchip\xc8\v1.42\sources\common\almod.c
		___almod       		CODE           	2D42	0000	111

C:\Program Files (x86)\Microchip\xc8\v1.42\sources\common\almod.c estimated size: 111

C:\Program Files (x86)\Microchip\xc8\v1.42\sources\common\Umul16.c
		___wmul        		CODE           	3E7D	0000	31

C:\Program Files (x86)\Microchip\xc8\v1.42\sources\common\Umul16.c estimated size: 31

main.c
		_main          		CODE           	1000	0000	203
		_event_door_monitor		CODE           	3AF1	0000	7
		_event_power_monitor		CODE           	3BA5	0000	16
		_m_system_init 		CODE           	3CCC	0000	22

main.c estimated size: 248

src/nfc/hal/mfrc522_hal.c
		_mfrc522_hal_get_antenna_gain		CODE           	3BC3	0000	16
		_mfrc522_hal_set_antenna_gain		CODE           	3DB9	0000	28
		_mfrc522_hal_antenna_on		CODE           	3D54	0000	25
		_mfrc522_hal_calculate_crc		CODE           	2DB0	0000	113
		_mfrc522_hal_reset_sf		CODE           	3B11	0000	10
		_mfrc522_hal_init		CODE           	2F0D	0000	122

src/nfc/hal/mfrc522_hal.c estimated size: 314

