Microchip MPLAB XC8 Compiler V1.41 ()

Linker command line:

-W-3 --edf=C:\Program Files (x86)\Microchip\xc8\v1.41\dat\en_msgs.txt -cs \
  -h+dist/default/debug\software.X.debug.sym \
  --cmf=dist/default/debug\software.X.debug.cmf -z -Q16F1947 \
  -oC:\Users\ADMINI~1\AppData\Local\Temp\s3jc4.2 \
  -Mdist/default/debug/software.X.debug.map -E1 -ver=XC8 \
  -ASTACK=02180h-0227fh -pstack=STACK -p_mainSystemData_text=3F00h \
  -p_Main_flowCalibrationTable_text=3F80h -p_bkupSystemData_text=3E80h \
  -ACODE=00h-07FFhx8 -ASTRCODE=00h-03FFFh -ASTRING=00h-0FFhx64 \
  -ACONST=00h-0FFhx64 -AENTRY=00h-0FFhx64 -ACOMMON=070h-07Fh \
  -ABANK0=020h-06Fh -ABANK1=0A0h-0EFh -ABANK2=0120h-016Fh \
  -ABANK3=01A0h-01EFh -ABANK4=0220h-026Fh -ABANK5=02A0h-02EFh \
  -ABANK6=0320h-036Fh -ABANK7=03A0h-03EFh -ABANK8=0420h-046Fh \
  -ABANK9=04A0h-04EFh -ABANK10=0520h-056Fh -ABANK11=05A0h-05EFh \
  -ABANK12=0620h-064Fh -ABIGRAM=02000h-023EFh \
  -ARAM=020h-06Fh,0A0h-0EFh,0120h-016Fh,01A0h-01EFh,0220h-026Fh,02A0h-02EFh,0320h-036Fh,03A0h-03EFh,0420h-046Fh,04A0h-04EFh,0520h-056Fh,05A0h-05EFh,0620h-064Fh \
  -AABS1=020h-07Fh,0A0h-0EFh,0120h-016Fh,01A0h-01EFh,0220h-026Fh,02A0h-02EFh,0320h-036Fh,03A0h-03EFh,0420h-046Fh,04A0h-04EFh,0520h-056Fh,05A0h-05EFh,0620h-064Fh \
  -ASFR0=00h-01Fh -ASFR1=080h-09Fh -ASFR2=0100h-011Fh -ASFR3=0180h-019Fh \
  -ASFR4=0200h-021Fh -ASFR5=0280h-029Fh -ASFR6=0300h-031Fh \
  -ASFR7=0380h-039Fh -ASFR8=0400h-041Fh -ASFR9=0480h-049Fh \
  -ASFR10=0500h-051Fh -ASFR11=0580h-059Fh -ASFR12=0600h-061Fh \
  -ASFR13=0680h-06EFh -ASFR14=0700h-076Fh -ASFR15=0780h-07EFh \
  -ASFR16=0800h-086Fh -ASFR17=0880h-08EFh -ASFR18=0900h-096Fh \
  -ASFR19=0980h-09EFh -ASFR20=0A00h-0A6Fh -ASFR21=0A80h-0AEFh \
  -ASFR22=0B00h-0B6Fh -ASFR23=0B80h-0BEFh -ASFR24=0C00h-0C6Fh \
  -ASFR25=0C80h-0CEFh -ASFR26=0D00h-0D6Fh -ASFR27=0D80h-0DEFh \
  -ASFR28=0E00h-0E6Fh -ASFR29=0E80h-0EEFh -ASFR30=0F00h-0F6Fh \
  -ASFR31=0F80h-0FEFh -preset_vec=00h,intentry=04h,init,end_init \
  -ppowerup=CODE -pcinit=CODE -pfunctab=CODE -ACONFIG=08007h-08008h \
  -pconfig=CONFIG -DCONFIG=2 -AIDLOC=08000h-08003h -pidloc=IDLOC -DIDLOC=2 \
  -AEEDATA=00h-0FFh/0F000h -peeprom_data=EEDATA -DEEDATA=2 -DCODE=2 \
  -DSTRCODE=2 -DSTRING=2 -DCONST=2 -DENTRY=2 -k \
  C:\Users\ADMINI~1\AppData\Local\Temp\s3jc4.obj \
  dist/default/debug\software.X.debug.obj 

Object code version is 3.11

Machine type is 16F1947



                Name                               Link     Load   Length Selector   Space Scale
C:\Users\ADMINI~1\AppData\Local\Temp\s3jc4.obj
                end_init                             37       37        2        8       0
                reset_vec                             0        0        3        0       0
                config                             8007     8007        2    1000E       0
dist/default/debug\software.X.debug.obj
                cinit                                39       39       5F        8       0
                intentry                              4        4       33        8       0
                text86                             1094     1094       25     2128       0
                text85                             1D4A     1D4A        3     3A94       0
                text84                             1E06     1E06       11     3C0C       0
                text83                             1E17     1E17       11     3C2E       0
                text81                             1012     1012       1E     2024       0
                text80                             149F     149F       50     293E       0
                text79                             12CE     12CE       31     259C       0
                text78                             1F56     1F56       1B     3EAC       0
                text77                             1396     1396       37     272C       0
                text76                             1DA4     1DA4        C     3B48       0
                text75                              7E1      7E1       1F      7E4       0
                text74                             1F8C     1F8C       1D     3F18       0
                text73                             1030     1030       21     2060       0
                text72                             1F22     1F22       1A     3E44       0
                text71                             1FA9     1FA9       1D     3F52       0
                text70                             16AD     16AD       6C     2D5A       0
                text69                             1789     1789       77     2F12       0
                text68                             1F3C     1F3C       1A     3E78       0
                text67                              9C1      9C1       F4     1382       0
                text66                             1D86     1D86        A     3B0C       0
                text65                              937      937       8A     126E       0
                text64                             115E     115E       2E     22BC       0
                text63                             118C     118C       2E     2318       0
                text62                             11BA     11BA       2E     2374       0
                text61                             11E8     11E8       2E     23D0       0
                text60                             1216     1216       2E     242C       0
                text59                             1244     1244       2E     2488       0
                text58                             1272     1272       2E     24E4       0
                text57                             12A0     12A0       2E     2540       0
                swtext1                            1800     1800       10     3000       0
                text56                             1131     1131       2D     2262       0
                text55                             1E28     1E28       11     3C50       0
                text54                             140F     140F       48     281E       0
                text53                             1DD8     1DD8        F     3BB0       0
                text52                             1D58     1D58        5     3AB0       0
                text51                             1361     1361       35     26C2       0
                text50                             1D62     1D62        6     3AC4       0
                text49                             1E94     1E94       16     3D28       0
                text48                             1D68     1D68        6     3AD0       0
                text47                             1D4D     1D4D        3     3A9A       0
                text46                             1FC6     1FC6       1D     3F8C       0
                text45                             1D50     1D50        4     3AA0       0
                text44                             1000     1000       12     1B5E       0
                text43                             1FE3     1FE3       1D     3FC6       0
                text42                             1051     1051       21     20A2       0
                text41                             1D5D     1D5D        5     3ABA       0
                text40                             1EF0     1EF0       19     3DE0       0
                text39                             1D90     1D90        A     3B20       0
                text38                             1E7F     1E7F       15     3CFE       0
                text37                             1DBC     1DBC        E     3B78       0
                text36                             15E6     15E6       5F     2BCC       0
                text35                             1072     1072       22     20E4       0
                text34                             1F09     1F09       19     3E12       0
                text33                             1E39     1E39       11     3C72       0
                text32                             1ED8     1ED8       18     3DB0       0
                text31                             1E4A     1E4A       11     3C94       0
                text30                             1EAA     1EAA       17     3D54       0
                text29                             1EC1     1EC1       17     3D82       0
                text28                             1DE7     1DE7        F     3BCE       0
                text27                             1F71     1F71       1B     3EE2       0
                text26                              83C      83C       79     1078       0
                text25                             1E6C     1E6C       13     3CD8       0
                text24                             1D74     1D74        9     3AE8       0
                text23                             1106     1106       2B     220C       0
                text22                             1DF6     1DF6       10     3BEC       0
                text21                             13CD     13CD       42     279A       0
                text20                             10B9     10B9       26     2172       0
                text19                             1719     1719       70     2E32       0
                text18                              AB5      AB5      14D     156A       0
                text17                             14EF     14EF       51     29DE       0
                text16                             12FF     12FF       31     25FE       0
                text15                             1592     1592       54     2B24       0
                text14                              8B5      8B5       82     116A       0
                text13                             1457     1457       48     28AE       0
                text12                             1645     1645       68     2C8A       0
                text11                              801      801       3B     1002       0
                text10                             1540     1540       52     2A80       0
                text9                              1E5B     1E5B       11     3CB6       0
                text8                               3F2      3F2      31D      7E4       0
                text7                              1D7D     1D7D        9     3AFA       0
                text6                               DAF      DAF      251     1B5E       0
                text5                               C02      C02      1AD     1804       0
                text4                              1DCA     1DCA        E     3B94       0
                text3                              10DF     10DF       27     21BE       0
                text2                              1D9A     1D9A        A     3B34       0
                text1                              1330     1330       31     2660       0
                maintext                            70F      70F       D2      7E4       0
                cstackBANK0                          20       20       4F       20       1
                cstackCOMMON                         70       70        8       70       1
                cstackBANK1                          A0       A0       37       A0       1
                clrtext                            1DB0     1DB0        C     3B60       0
                bssBANK4                            220      220       40      220       1
                dataBANK3                           1D6      1D6        6      1A0       1
                bssBANK3                            1A0      1A0       36      1A0       1
                dataBANK2                           16C      16C        4      120       1
                bssBANK2                            120      120       4C      120       1
                bssBANK1                             D7       D7       19       A0       1
                bssCOMMON                            78       78        3       70       1
                _mainSystemData_text               3F00     3F00       48     7E00       0
                _bkupSystemData_text               3E80     3E80       48     7D00       0
                _Main_flowCalibrationTable_tex     3F80     3F80       7C     7F00       0
                stringtext                           98       98      35A      130       0
                idataBANK3                         1D6E     1D6E        6     3ADC       0
                idataBANK2                         1D54     1D54        4     3AA8       0

TOTAL           Name                               Link     Load   Length     Space
        CLASS   STACK          

        CLASS   CODE           
                end_init                             37       37        2         0
                cinit                                39       39       5F         0
                intentry                              4        4       33         0
                reset_vec                             0        0        3         0
                text86                             1094     1094       25         0
                text85                             1D4A     1D4A        3         0
                text84                             1E06     1E06       11         0
                text83                             1E17     1E17       11         0
                text81                             1012     1012       1E         0
                text80                             149F     149F       50         0
                text79                             12CE     12CE       31         0
                text78                             1F56     1F56       1B         0
                text77                             1396     1396       37         0
                text76                             1DA4     1DA4        C         0
                text75                              7E1      7E1       1F         0
                text74                             1F8C     1F8C       1D         0
                text73                             1030     1030       21         0
                text72                             1F22     1F22       1A         0
                text71                             1FA9     1FA9       1D         0
                text70                             16AD     16AD       6C         0
                text69                             1789     1789       77         0
                text68                             1F3C     1F3C       1A         0
                text67                              9C1      9C1       F4         0
                text66                             1D86     1D86        A         0
                text65                              937      937       8A         0
                text64                             115E     115E       2E         0
                text63                             118C     118C       2E         0
                text62                             11BA     11BA       2E         0
                text61                             11E8     11E8       2E         0
                text60                             1216     1216       2E         0
                text59                             1244     1244       2E         0
                text58                             1272     1272       2E         0
                text57                             12A0     12A0       2E         0
                text56                             1131     1131       2D         0
                text55                             1E28     1E28       11         0
                text54                             140F     140F       48         0
                text53                             1DD8     1DD8        F         0
                text52                             1D58     1D58        5         0
                text51                             1361     1361       35         0
                text50                             1D62     1D62        6         0
                text49                             1E94     1E94       16         0
                text48                             1D68     1D68        6         0
                text47                             1D4D     1D4D        3         0
                text46                             1FC6     1FC6       1D         0
                text45                             1D50     1D50        4         0
                text44                             1000     1000       12         0
                text43                             1FE3     1FE3       1D         0
                text42                             1051     1051       21         0
                text41                             1D5D     1D5D        5         0
                text40                             1EF0     1EF0       19         0
                text39                             1D90     1D90        A         0
                text38                             1E7F     1E7F       15         0
                text37                             1DBC     1DBC        E         0
                text36                             15E6     15E6       5F         0
                text35                             1072     1072       22         0
                text34                             1F09     1F09       19         0
                text33                             1E39     1E39       11         0
                text32                             1ED8     1ED8       18         0
                text31                             1E4A     1E4A       11         0
                text30                             1EAA     1EAA       17         0
                text29                             1EC1     1EC1       17         0
                text28                             1DE7     1DE7        F         0
                text27                             1F71     1F71       1B         0
                text26                              83C      83C       79         0
                text25                             1E6C     1E6C       13         0
                text24                             1D74     1D74        9         0
                text23                             1106     1106       2B         0
                text22                             1DF6     1DF6       10         0
                text21                             13CD     13CD       42         0
                text20                             10B9     10B9       26         0
                text19                             1719     1719       70         0
                text18                              AB5      AB5      14D         0
                text17                             14EF     14EF       51         0
                text16                             12FF     12FF       31         0
                text15                             1592     1592       54         0
                text14                              8B5      8B5       82         0
                text13                             1457     1457       48         0
                text12                             1645     1645       68         0
                text11                              801      801       3B         0
                text10                             1540     1540       52         0
                text9                              1E5B     1E5B       11         0
                text8                               3F2      3F2      31D         0
                text7                              1D7D     1D7D        9         0
                text6                               DAF      DAF      251         0
                text5                               C02      C02      1AD         0
                text4                              1DCA     1DCA        E         0
                text3                              10DF     10DF       27         0
                text2                              1D9A     1D9A        A         0
                text1                              1330     1330       31         0
                maintext                            70F      70F       D2         0
                clrtext                            1DB0     1DB0        C         0
                _mainSystemData_text               3F00     3F00       48         0
                _bkupSystemData_text               3E80     3E80       48         0
                _Main_flowCalibrationTable_tex     3F80     3F80       7C         0
                idataBANK3                         1D6E     1D6E        6         0
                idataBANK2                         1D54     1D54        4         0

        CLASS   STRCODE        
                stringtext                           98       98      35A         0

        CLASS   STRING         

        CLASS   CONST          
                swtext1                            1800     1800       10         0

        CLASS   ENTRY          

        CLASS   COMMON         
                cstackCOMMON                         70       70        8         1
                bssCOMMON                            78       78        3         1

        CLASS   BANK0          
                cstackBANK0                          20       20       4F         1

        CLASS   BANK1          
                cstackBANK1                          A0       A0       37         1
                bssBANK1                             D7       D7       19         1

        CLASS   BANK2          
                dataBANK2                           16C      16C        4         1
                bssBANK2                            120      120       4C         1

        CLASS   BANK3          
                dataBANK3                           1D6      1D6        6         1
                bssBANK3                            1A0      1A0       36         1

        CLASS   BANK4          
                bssBANK4                            220      220       40         1

        CLASS   BANK5          

        CLASS   BANK6          

        CLASS   BANK7          

        CLASS   BANK8          

        CLASS   BANK9          

        CLASS   BANK10         

        CLASS   BANK11         

        CLASS   BANK12         

        CLASS   BIGRAM         

        CLASS   RAM            

        CLASS   ABS1           
                abs_s1                               7E       7E        2         1
                abs_s1                              420      420       48         1
                abs_s1                              4A0      4A0       50         1
                abs_s1                              5A0      5A0       50         1
                abs_s1                              620      620       30         1
                abs_s1                             2370     2370        0         1

        CLASS   SFR0           

        CLASS   SFR1           

        CLASS   SFR2           

        CLASS   SFR3           

        CLASS   SFR4           

        CLASS   SFR5           

        CLASS   SFR6           

        CLASS   SFR7           

        CLASS   SFR8           

        CLASS   SFR9           

        CLASS   SFR10          

        CLASS   SFR11          

        CLASS   SFR12          

        CLASS   SFR13          

        CLASS   SFR14          

        CLASS   SFR15          

        CLASS   SFR16          

        CLASS   SFR17          

        CLASS   SFR18          

        CLASS   SFR19          

        CLASS   SFR20          

        CLASS   SFR21          

        CLASS   SFR22          

        CLASS   SFR23          

        CLASS   SFR24          

        CLASS   SFR25          

        CLASS   SFR26          

        CLASS   SFR27          

        CLASS   SFR28          

        CLASS   SFR29          

        CLASS   SFR30          

        CLASS   SFR31          

        CLASS   CONFIG         
                config                             8007     8007        2         0

        CLASS   IDLOC          

        CLASS   EEDATA         

        CLASS   BANK31         

        CLASS   BANK30         

        CLASS   BANK29         

        CLASS   BANK28         

        CLASS   BANK27         

        CLASS   BANK26         

        CLASS   BANK25         

        CLASS   BANK24         

        CLASS   BANK23         

        CLASS   BANK22         

        CLASS   BANK21         

        CLASS   BANK20         

        CLASS   BANK19         

        CLASS   BANK18         

        CLASS   BANK17         

        CLASS   BANK16         

        CLASS   BANK15         

        CLASS   BANK14         

        CLASS   BANK13         



SEGMENTS        Name                           Load    Length   Top    Selector   Space  Class     Delta

                reset_vec                      000000  000003  000003         0       0  CODE        2
                intentry                       000004  000094  000098         8       0  CODE        2
                cstackBANK0                    000020  00004F  00006F        20       1  BANK0       1
                cstackCOMMON                   000070  00000B  00007B        70       1  COMMON      1
                cstackBANK1                    0000A0  000050  0000F0        A0       1  BANK1       1
                bssBANK2                       000120  000050  000170       120       1  BANK2       1
                stringtext                     000098  00035A  0003F2       130       0  STRCODE     2
                bssBANK3                       0001A0  00003C  0001DC       1A0       1  BANK3       1
                bssBANK4                       000220  000040  000260       220       1  BANK4       1
                text8                          0003F2  00040E  000800       7E4       0  CODE        2
                text11                         000801  00003B  00083C      1002       0  CODE        2
                text26                         00083C  000079  0008B5      1078       0  CODE        2
                text14                         0008B5  000082  000937      116A       0  CODE        2
                text65                         000937  00008A  0009C1      126E       0  CODE        2
                text67                         0009C1  0000F4  000AB5      1382       0  CODE        2
                text18                         000AB5  00014D  000C02      156A       0  CODE        2
                text5                          000C02  0001AD  000DAF      1804       0  CODE        2
                text6                          000DAF  000263  001012      1B5E       0  CODE        2
                text81                         001012  00001E  001030      2024       0  CODE        2
                text73                         001030  000021  001051      2060       0  CODE        2
                text42                         001051  000021  001072      20A2       0  CODE        2
                text35                         001072  000022  001094      20E4       0  CODE        2
                text86                         001094  000025  0010B9      2128       0  CODE        2
                text20                         0010B9  000026  0010DF      2172       0  CODE        2
                text3                          0010DF  000027  001106      21BE       0  CODE        2
                text23                         001106  00002B  001131      220C       0  CODE        2
                text56                         001131  00002D  00115E      2262       0  CODE        2
                text64                         00115E  00002E  00118C      22BC       0  CODE        2
                text63                         00118C  00002E  0011BA      2318       0  CODE        2
                text62                         0011BA  00002E  0011E8      2374       0  CODE        2
                text61                         0011E8  00002E  001216      23D0       0  CODE        2
                text60                         001216  00002E  001244      242C       0  CODE        2
                text59                         001244  00002E  001272      2488       0  CODE        2
                text58                         001272  00002E  0012A0      24E4       0  CODE        2
                text57                         0012A0  00002E  0012CE      2540       0  CODE        2
                text79                         0012CE  000031  0012FF      259C       0  CODE        2
                text16                         0012FF  000031  001330      25FE       0  CODE        2
                text1                          001330  000031  001361      2660       0  CODE        2
                text51                         001361  000035  001396      26C2       0  CODE        2
                text77                         001396  000037  0013CD      272C       0  CODE        2
                text21                         0013CD  000042  00140F      279A       0  CODE        2
                text54                         00140F  000048  001457      281E       0  CODE        2
                text13                         001457  000048  00149F      28AE       0  CODE        2
                text80                         00149F  000050  0014EF      293E       0  CODE        2
                text17                         0014EF  000051  001540      29DE       0  CODE        2
                text10                         001540  000052  001592      2A80       0  CODE        2
                text15                         001592  000054  0015E6      2B24       0  CODE        2
                text36                         0015E6  00005F  001645      2BCC       0  CODE        2
                text12                         001645  000068  0016AD      2C8A       0  CODE        2
                text70                         0016AD  00006C  001719      2D5A       0  CODE        2
                text19                         001719  000070  001789      2E32       0  CODE        2
                text69                         001789  000077  001800      2F12       0  CODE        2
                swtext1                        001800  000010  001810      3000       0  CONST       2
                text85                         001D4A  000003  001D4D      3A94       0  CODE        2
                text47                         001D4D  000003  001D50      3A9A       0  CODE        2
                text45                         001D50  000004  001D54      3AA0       0  CODE        2
                idataBANK2                     001D54  000004  001D58      3AA8       0  CODE        2
                text52                         001D58  000005  001D5D      3AB0       0  CODE        2
                text41                         001D5D  000005  001D62      3ABA       0  CODE        2
                text50                         001D62  000006  001D68      3AC4       0  CODE        2
                text48                         001D68  000006  001D6E      3AD0       0  CODE        2
                idataBANK3                     001D6E  000006  001D74      3ADC       0  CODE        2
                text24                         001D74  000009  001D7D      3AE8       0  CODE        2
                text7                          001D7D  000009  001D86      3AFA       0  CODE        2
                text66                         001D86  00000A  001D90      3B0C       0  CODE        2
                text39                         001D90  00000A  001D9A      3B20       0  CODE        2
                text2                          001D9A  00000A  001DA4      3B34       0  CODE        2
                text76                         001DA4  00000C  001DB0      3B48       0  CODE        2
                clrtext                        001DB0  00000C  001DBC      3B60       0  CODE        2
                text37                         001DBC  00000E  001DCA      3B78       0  CODE        2
                text4                          001DCA  00000E  001DD8      3B94       0  CODE        2
                text53                         001DD8  00000F  001DE7      3BB0       0  CODE        2
                text28                         001DE7  00000F  001DF6      3BCE       0  CODE        2
                text22                         001DF6  000010  001E06      3BEC       0  CODE        2
                text84                         001E06  000011  001E17      3C0C       0  CODE        2
                text83                         001E17  000011  001E28      3C2E       0  CODE        2
                text55                         001E28  000011  001E39      3C50       0  CODE        2
                text33                         001E39  000011  001E4A      3C72       0  CODE        2
                text31                         001E4A  000011  001E5B      3C94       0  CODE        2
                text9                          001E5B  000011  001E6C      3CB6       0  CODE        2
                text25                         001E6C  000013  001E7F      3CD8       0  CODE        2
                text38                         001E7F  000015  001E94      3CFE       0  CODE        2
                text49                         001E94  000016  001EAA      3D28       0  CODE        2
                text30                         001EAA  000017  001EC1      3D54       0  CODE        2
                text29                         001EC1  000017  001ED8      3D82       0  CODE        2
                text32                         001ED8  000018  001EF0      3DB0       0  CODE        2
                text40                         001EF0  000019  001F09      3DE0       0  CODE        2
                text34                         001F09  000019  001F22      3E12       0  CODE        2
                text72                         001F22  00001A  001F3C      3E44       0  CODE        2
                text68                         001F3C  00001A  001F56      3E78       0  CODE        2
                text78                         001F56  00001B  001F71      3EAC       0  CODE        2
                text27                         001F71  00001B  001F8C      3EE2       0  CODE        2
                text74                         001F8C  00001D  001FA9      3F18       0  CODE        2
                text71                         001FA9  00001D  001FC6      3F52       0  CODE        2
                text46                         001FC6  00001D  001FE3      3F8C       0  CODE        2
                text43                         001FE3  00001D  002000      3FC6       0  CODE        2
                _bkupSystemData_text           003E80  000048  003EC8      7D00       0  CODE        2
                _mainSystemData_text           003F00  000048  003F48      7E00       0  CODE        2
                _Main_flowCalibrationTable_tex 003F80  00007C  003FFC      7F00       0  CODE        2
                config                         008007  000002  008009     1000E       0  CONFIG      2


UNUSED ADDRESS RANGES

        Name                Unused          Largest block    Delta
        BANK0            0006F-0006F               1           1
        BANK10           00520-0056F              50           1
        BANK3            001DC-001EF              14           1
        BANK4            00260-0026F              10           1
        BANK5            002A0-002EF              50           1
        BANK6            00320-0036F              50           1
        BANK7            003A0-003EF              50           1
        BANK8            00468-0046F               8           1
        BIGRAM           02000-023EF             3F0           1
        CODE             00003-00003               1           2
                         00800-00800               1
                         01810-01D49             53A
                         02000-03E7F             800
                         03EC8-03EFF              38
                         03F48-03F7F              38
                         03FFC-03FFF               4
        COMMON           0007B-0007D               3           1
        CONST            00003-00003               1           2
                         00800-00800               1
                         01810-01D49             100
                         02000-03E7F             100
                         03EC8-03EFF              38
                         03F48-03F7F              38
                         03FFC-03FFF               4
        EEDATA           0F000-0F0FF             100           2
        ENTRY            00003-00003               1           2
                         00800-00800               1
                         01810-01D49             100
                         02000-03E7F             100
                         03EC8-03EFF              38
                         03F48-03F7F              38
                         03FFC-03FFF               4
        IDLOC            08000-08003               4           2
        RAM              0006F-0006F               1           1
                         001DC-001EF              14
                         00260-0026F              10
                         002A0-002EF              50
                         00320-0036F              50
                         003A0-003EF              50
                         00468-0046F               8
                         00520-0056F              50
        SFR0             00000-0001F              20           1
        SFR1             00080-0009F              20           1
        SFR10            00500-0051F              20           1
        SFR11            00580-0059F              20           1
        SFR12            00600-0061F              20           1
        SFR13            00680-006EF              70           1
        SFR14            00700-0076F              70           1
        SFR15            00780-007EF              70           1
        SFR16            00800-0086F              70           1
        SFR17            00880-008EF              70           1
        SFR18            00900-0096F              70           1
        SFR19            00980-009EF              70           1
        SFR2             00100-0011F              20           1
        SFR20            00A00-00A6F              70           1
        SFR21            00A80-00AEF              70           1
        SFR22            00B00-00B6F              70           1
        SFR23            00B80-00BEF              70           1
        SFR24            00C00-00C6F              70           1
        SFR25            00C80-00CEF              70           1
        SFR26            00D00-00D6F              70           1
        SFR27            00D80-00DEF              70           1
        SFR28            00E00-00E6F              70           1
        SFR29            00E80-00EEF              70           1
        SFR3             00180-0019F              20           1
        SFR30            00F00-00F6F              70           1
        SFR31            00F80-00FEF              70           1
        SFR4             00200-0021F              20           1
        SFR5             00280-0029F              20           1
        SFR6             00300-0031F              20           1
        SFR7             00380-0039F              20           1
        SFR8             00400-0041F              20           1
        SFR9             00480-0049F              20           1
        STACK            02180-0227F             100           1
        STRCODE          00003-00003               1           2
                         00800-00800               1
                         01810-01D49             53A
                         02000-03E7F            1E80
                         03EC8-03EFF              38
                         03F48-03F7F              38
                         03FFC-03FFF               4
        STRING           00003-00003               1           2
                         00800-00800               1
                         01810-01D49             100
                         02000-03E7F             100
                         03EC8-03EFF              38
                         03F48-03F7F              38
                         03FFC-03FFF               4

                                  Symbol Table

?_FLASH_ReadWord                               cstackCOMMON                    00073
?___awdiv                                      cstackCOMMON                    00073
?___wmul                                       cstackCOMMON                    00073
?_crc_sum                                      cstackCOMMON                    00073
?_get_globle_ticker                            cstackCOMMON                    00073
?_ui_key_waite_up                              cstackBANK0                     00020
DATAEE_ReadByte@bAdd                           cstackCOMMON                    00073
DATAEE_WriteByte@GIEBitValue                   cstackCOMMON                    00075
DATAEE_WriteByte@bAdd                          cstackCOMMON                    00074
DATAEE_WriteByte@bData                         cstackCOMMON                    00073
EUSART1_Receive_ISR@t8                         cstackCOMMON                    00071
FLASH_EraseBlock@GIEBitValue                   cstackCOMMON                    00075
FLASH_EraseBlock@startAddr                     cstackCOMMON                    00073
FLASH_ReadWord@GIEBitValue                     cstackCOMMON                    00075
FLASH_ReadWord@flashAddr                       cstackCOMMON                    00073
FLASH_WriteBlock@GIEBitValue                   cstackBANK0                     00028
FLASH_WriteBlock@blockStartAddr                cstackBANK0                     00026
FLASH_WriteBlock@flashWordArray                cstackBANK0                     00022
FLASH_WriteBlock@i                             cstackBANK0                     00029
FLASH_WriteBlock@writeAddr                     cstackBANK0                     00020
TMR0_SetInterruptHandler@InterruptHandler      cstackCOMMON                    00073
TMR1_SetInterruptHandler@InterruptHandler      cstackCOMMON                    00073
_ANSELA                                        (abs)                           0018C
_ANSELAbits                                    (abs)                           0018C
_ANSELE                                        (abs)                           00190
_ANSELF                                        (abs)                           0040C
_ANSELFbits                                    (abs)                           0040C
_ANSELG                                        (abs)                           0040D
_APFCON                                        (abs)                           0011D
_BAUD1CON                                      (abs)                           0019F
_CardError                                     bssBANK2                        00141
_DATAEE_ReadByte                               text76                          01DA4
_DATAEE_WriteByte                              text74                          01F8C
_EEADRH                                        (abs)                           00192
_EEADRL                                        (abs)                           00191
_EECON1bits                                    (abs)                           00195
_EECON2                                        (abs)                           00196
_EEDATH                                        (abs)                           00194
_EEDATL                                        (abs)                           00193
_EUSART1_Initialize                            text53                          01DD8
_EUSART1_Receive_ISR                           text86                          01094
_EUSART1_Transmit_ISR                          text85                          01D4A
_Event                                         bssBANK2                        00143
_FLASH_EraseBlock                              text71                          01FA9
_FLASH_ReadWord                                text72                          01F22
_FLASH_WriteBlock                              text70                          016AD
_INTCONbits                                    (abs)                           0000B
_INTERRUPT_InterruptManager                    intentry                        00004
_KeyValue                                      bssBANK1                        000E4
_LATA                                          (abs)                           0010C
_LATAbits                                      (abs)                           0010C
_LATB                                          (abs)                           0010D
_LATBbits                                      (abs)                           0010D
_LATC                                          (abs)                           0010E
_LATCbits                                      (abs)                           0010E
_LATD                                          (abs)                           0010F
_LATDbits                                      (abs)                           0010F
_LATE                                          (abs)                           00110
_LATF                                          (abs)                           0038C
_LATFbits                                      (abs)                           0038C
_LATG                                          (abs)                           0038D
_LCDCON                                        (abs)                           00791
_LCDDATA0                                      (abs)                           007A0
_LCDDigitalIndexTable                          stringtext                      00298
_LCDDigitalTable                               stringtext                      002C1
_LCDPSbits                                     (abs)                           00792
_LCDREF                                        (abs)                           00793
_LCDRL                                         (abs)                           00795
_LCDSE0                                        (abs)                           00798
_LCDSE1                                        (abs)                           00799
_LCDSE2                                        (abs)                           0079A
_LCDSE3                                        (abs)                           0079B
_LCDSE4                                        (abs)                           0079C
_LCDSE5                                        (abs)                           0079D
_Main_flowCalibrationTable                     _Main_flowCalibrationTable_text 03F80
_Main_flowCalibrationTable_absaddr             (abs)                           03F80
_OPTION_REG                                    (abs)                           00095
_OPTION_REGbits                                (abs)                           00095
_OSCCON                                        (abs)                           00099
_OSCILLATOR_Initialize                         text52                          01D58
_OSCTUNE                                       (abs)                           00098
_PIE1bits                                      (abs)                           00091
_PIN_MANAGER_Initialize                        text51                          01361
_PIR1bits                                      (abs)                           00011
_PORTB                                         (abs)                           0000D
_PORTCbits                                     (abs)                           0000E
_PORTDbits                                     (abs)                           0000F
_PiccUid                                       bssBANK3                        001CA
_RC1REG                                        (abs)                           00199
_RC1STA                                        (abs)                           0019D
_RC1STAbits                                    (abs)                           0019D
_SP1BRGH                                       (abs)                           0019C
_SP1BRGL                                       (abs)                           0019B
_SYSTEM_Initialize                             text44                          01000
_T1CON                                         (abs)                           00018
_T1CONbits                                     (abs)                           00018
_T1GCON                                        (abs)                           00019
_T1GCONbits                                    (abs)                           00019
_TMR0                                          (abs)                           00015
_TMR0_DefaultInterruptHandler                  (abs)                           00000
_TMR0_ISR                                      text84                          01E06
_TMR0_Initialize                               text49                          01E94
_TMR0_InterruptHandler                         bssBANK2                        00136
_TMR0_SetInterruptHandler                      text50                          01D62
_TMR1H                                         (abs)                           00017
_TMR1L                                         (abs)                           00016
_TMR1_DefaultInterruptHandler                  (abs)                           00000
_TMR1_ISR                                      text83                          01E17
_TMR1_Initialize                               text46                          01FC6
_TMR1_InterruptHandler                         bssBANK3                        001B0
_TMR1_SetInterruptHandler                      text48                          01D68
_TMR1_StartTimer                               text47                          01D4D
_TRISA                                         (abs)                           0008C
_TRISAbits                                     (abs)                           0008C
_TRISB                                         (abs)                           0008D
_TRISBbits                                     (abs)                           0008D
_TRISC                                         (abs)                           0008E
_TRISCbits                                     (abs)                           0008E
_TRISD                                         (abs)                           0008F
_TRISDbits                                     (abs)                           0008F
_TRISE                                         (abs)                           00090
_TRISF                                         (abs)                           0030C
_TRISFbits                                     (abs)                           0030C
_TRISG                                         (abs)                           0030D
_TX1REG                                        (abs)                           0019A
_TX1STA                                        (abs)                           0019E
_TablerxAlign                                  stringtext                      002FA
_WDTCON                                        (abs)                           00097
_WDT_Initialize                                text45                          01D50
_WPUB                                          (abs)                           0020D
_WPUG                                          (abs)                           0048D
__CFG_BOREN$ON                                 (abs)                           00000
__CFG_BORV$LO                                  (abs)                           00000
__CFG_CLKOUTEN$OFF                             (abs)                           00000
__CFG_CP$OFF                                   (abs)                           00000
__CFG_CPD$OFF                                  (abs)                           00000
__CFG_FCMEN$ON                                 (abs)                           00000
__CFG_FOSC$HS                                  (abs)                           00000
__CFG_IESO$ON                                  (abs)                           00000
__CFG_LVP$OFF                                  (abs)                           00000
__CFG_MCLRE$ON                                 (abs)                           00000
__CFG_PLLEN$OFF                                (abs)                           00000
__CFG_PWRTE$OFF                                (abs)                           00000
__CFG_STVREN$ON                                (abs)                           00000
__CFG_VCAPEN$OFF                               (abs)                           00000
__CFG_WDTE$OFF                                 (abs)                           00000
__CFG_WRT$OFF                                  (abs)                           00000
__H_Main_flowCalibrationTable_text             _Main_flowCalibrationTable_text 03FFC
__H_bkupSystemData_text                        _bkupSystemData_text            03EC8
__H_mainSystemData_text                        _mainSystemData_text            03F48
__Habs1                                        abs1                            00000
__Hbank0                                       bank0                           00000
__Hbank1                                       bank1                           00000
__Hbank10                                      bank10                          00000
__Hbank11                                      bank11                          00000
__Hbank12                                      bank12                          00000
__Hbank13                                      bank13                          00000
__Hbank14                                      bank14                          00000
__Hbank15                                      bank15                          00000
__Hbank16                                      bank16                          00000
__Hbank17                                      bank17                          00000
__Hbank18                                      bank18                          00000
__Hbank19                                      bank19                          00000
__Hbank2                                       bank2                           00000
__Hbank20                                      bank20                          00000
__Hbank21                                      bank21                          00000
__Hbank22                                      bank22                          00000
__Hbank23                                      bank23                          00000
__Hbank24                                      bank24                          00000
__Hbank25                                      bank25                          00000
__Hbank26                                      bank26                          00000
__Hbank27                                      bank27                          00000
__Hbank28                                      bank28                          00000
__Hbank29                                      bank29                          00000
__Hbank3                                       bank3                           00000
__Hbank30                                      bank30                          00000
__Hbank31                                      bank31                          00000
__Hbank4                                       bank4                           00000
__Hbank5                                       bank5                           00000
__Hbank6                                       bank6                           00000
__Hbank7                                       bank7                           00000
__Hbank8                                       bank8                           00000
__Hbank9                                       bank9                           00000
__Hbigram                                      bigram                          00000
__HbssBANK1                                    bssBANK1                        00000
__HbssBANK2                                    bssBANK2                        00000
__HbssBANK3                                    bssBANK3                        00000
__HbssBANK4                                    bssBANK4                        00000
__HbssCOMMON                                   bssCOMMON                       00000
__Hcinit                                       cinit                           00098
__Hclrtext                                     clrtext                         00000
__Hcode                                        code                            00000
__Hcommon                                      common                          00000
__Hconfig                                      config                          08009
__HcstackBANK0                                 cstackBANK0                     00000
__HcstackBANK1                                 cstackBANK1                     00000
__HcstackCOMMON                                cstackCOMMON                    00000
__HdataBANK2                                   dataBANK2                       00000
__HdataBANK3                                   dataBANK3                       00000
__Heeprom_data                                 eeprom_data                     00000
__Hend_init                                    end_init                        00039
__Hfunctab                                     functab                         00000
__HidataBANK2                                  idataBANK2                      00000
__HidataBANK3                                  idataBANK3                      00000
__Hidloc                                       idloc                           00000
__Hinit                                        init                            00037
__Hintentry                                    intentry                        00037
__Hmaintext                                    maintext                        00000
__Hpowerup                                     powerup                         00000
__Hram                                         ram                             00000
__Hreset_vec                                   reset_vec                       00003
__Hsfr0                                        sfr0                            00000
__Hsfr1                                        sfr1                            00000
__Hsfr10                                       sfr10                           00000
__Hsfr11                                       sfr11                           00000
__Hsfr12                                       sfr12                           00000
__Hsfr13                                       sfr13                           00000
__Hsfr14                                       sfr14                           00000
__Hsfr15                                       sfr15                           00000
__Hsfr16                                       sfr16                           00000
__Hsfr17                                       sfr17                           00000
__Hsfr18                                       sfr18                           00000
__Hsfr19                                       sfr19                           00000
__Hsfr2                                        sfr2                            00000
__Hsfr20                                       sfr20                           00000
__Hsfr21                                       sfr21                           00000
__Hsfr22                                       sfr22                           00000
__Hsfr23                                       sfr23                           00000
__Hsfr24                                       sfr24                           00000
__Hsfr25                                       sfr25                           00000
__Hsfr26                                       sfr26                           00000
__Hsfr27                                       sfr27                           00000
__Hsfr28                                       sfr28                           00000
__Hsfr29                                       sfr29                           00000
__Hsfr3                                        sfr3                            00000
__Hsfr30                                       sfr30                           00000
__Hsfr31                                       sfr31                           00000
__Hsfr4                                        sfr4                            00000
__Hsfr5                                        sfr5                            00000
__Hsfr6                                        sfr6                            00000
__Hsfr7                                        sfr7                            00000
__Hsfr8                                        sfr8                            00000
__Hsfr9                                        sfr9                            00000
__Hspace_0                                     (abs)                           08009
__Hspace_1                                     (abs)                           00260
__Hspace_2                                     (abs)                           00000
__Hspace_3                                     (abs)                           00000
__Hstack                                       stack                           00000
__Hstrings                                     strings                         00000
__Hstringtext                                  stringtext                      00000
__Htext                                        text                            00000
__L_Main_flowCalibrationTable_text             _Main_flowCalibrationTable_text 03F80
__L_bkupSystemData_text                        _bkupSystemData_text            03E80
__L_mainSystemData_text                        _mainSystemData_text            03F00
__Labs1                                        abs1                            00000
__Lbank0                                       bank0                           00000
__Lbank1                                       bank1                           00000
__Lbank10                                      bank10                          00000
__Lbank11                                      bank11                          00000
__Lbank12                                      bank12                          00000
__Lbank13                                      bank13                          00000
__Lbank14                                      bank14                          00000
__Lbank15                                      bank15                          00000
__Lbank16                                      bank16                          00000
__Lbank17                                      bank17                          00000
__Lbank18                                      bank18                          00000
__Lbank19                                      bank19                          00000
__Lbank2                                       bank2                           00000
__Lbank20                                      bank20                          00000
__Lbank21                                      bank21                          00000
__Lbank22                                      bank22                          00000
__Lbank23                                      bank23                          00000
__Lbank24                                      bank24                          00000
__Lbank25                                      bank25                          00000
__Lbank26                                      bank26                          00000
__Lbank27                                      bank27                          00000
__Lbank28                                      bank28                          00000
__Lbank29                                      bank29                          00000
__Lbank3                                       bank3                           00000
__Lbank30                                      bank30                          00000
__Lbank31                                      bank31                          00000
__Lbank4                                       bank4                           00000
__Lbank5                                       bank5                           00000
__Lbank6                                       bank6                           00000
__Lbank7                                       bank7                           00000
__Lbank8                                       bank8                           00000
__Lbank9                                       bank9                           00000
__Lbigram                                      bigram                          00000
__LbssBANK1                                    bssBANK1                        00000
__LbssBANK2                                    bssBANK2                        00000
__LbssBANK3                                    bssBANK3                        00000
__LbssBANK4                                    bssBANK4                        00000
__LbssCOMMON                                   bssCOMMON                       00000
__Lcinit                                       cinit                           00039
__Lclrtext                                     clrtext                         00000
__Lcode                                        code                            00000
__Lcommon                                      common                          00000
__Lconfig                                      config                          08007
__LcstackBANK0                                 cstackBANK0                     00000
__LcstackBANK1                                 cstackBANK1                     00000
__LcstackCOMMON                                cstackCOMMON                    00000
__LdataBANK2                                   dataBANK2                       00000
__LdataBANK3                                   dataBANK3                       00000
__Leeprom_data                                 eeprom_data                     00000
__Lend_init                                    end_init                        00037
__Lfunctab                                     functab                         00000
__LidataBANK2                                  idataBANK2                      00000
__LidataBANK3                                  idataBANK3                      00000
__Lidloc                                       idloc                           00000
__Linit                                        init                            00037
__Lintentry                                    intentry                        00004
__Lmaintext                                    maintext                        00000
__Lpowerup                                     powerup                         00000
__Lram                                         ram                             00000
__Lreset_vec                                   reset_vec                       00000
__Lsfr0                                        sfr0                            00000
__Lsfr1                                        sfr1                            00000
__Lsfr10                                       sfr10                           00000
__Lsfr11                                       sfr11                           00000
__Lsfr12                                       sfr12                           00000
__Lsfr13                                       sfr13                           00000
__Lsfr14                                       sfr14                           00000
__Lsfr15                                       sfr15                           00000
__Lsfr16                                       sfr16                           00000
__Lsfr17                                       sfr17                           00000
__Lsfr18                                       sfr18                           00000
__Lsfr19                                       sfr19                           00000
__Lsfr2                                        sfr2                            00000
__Lsfr20                                       sfr20                           00000
__Lsfr21                                       sfr21                           00000
__Lsfr22                                       sfr22                           00000
__Lsfr23                                       sfr23                           00000
__Lsfr24                                       sfr24                           00000
__Lsfr25                                       sfr25                           00000
__Lsfr26                                       sfr26                           00000
__Lsfr27                                       sfr27                           00000
__Lsfr28                                       sfr28                           00000
__Lsfr29                                       sfr29                           00000
__Lsfr3                                        sfr3                            00000
__Lsfr30                                       sfr30                           00000
__Lsfr31                                       sfr31                           00000
__Lsfr4                                        sfr4                            00000
__Lsfr5                                        sfr5                            00000
__Lsfr6                                        sfr6                            00000
__Lsfr7                                        sfr7                            00000
__Lsfr8                                        sfr8                            00000
__Lsfr9                                        sfr9                            00000
__Lspace_0                                     (abs)                           00000
__Lspace_1                                     (abs)                           00000
__Lspace_2                                     (abs)                           00000
__Lspace_3                                     (abs)                           00000
__Lstack                                       stack                           00000
__Lstrings                                     strings                         00000
__Lstringtext                                  stringtext                      00000
__Ltext                                        text                            00000
__S0                                           (abs)                           08009
__S1                                           (abs)                           00260
__S2                                           (abs)                           00000
__S3                                           (abs)                           00000
___awdiv                                       text10                          01540
___awdiv@counter                               cstackBANK0                     00020
___awdiv@dividend                              cstackCOMMON                    00075
___awdiv@divisor                               cstackCOMMON                    00073
___awdiv@quotient                              cstackBANK0                     00022
___awdiv@sign                                  cstackBANK0                     00021
___bmul                                        text9                           01E5B
___bmul@multiplicand                           cstackCOMMON                    00073
___bmul@multiplier                             cstackCOMMON                    00076
___bmul@product                                cstackCOMMON                    00075
___int_sp                                      stack                           00000
___latbits                                     (abs)                           00003
___q15                                         bssBANK1                        000DB
___q31                                         bssBANK1                        000EC
___sp                                          stack                           00000
___t16                                         bssCOMMON                       00079
___t32                                         bssBANK2                        00120
___t8                                          bssBANK1                        000E2
___wmul                                        text81                          01012
___wmul@multiplicand                           cstackCOMMON                    00075
___wmul@multiplier                             cstackCOMMON                    00073
___wmul@product                                cstackBANK0                     00020
__end_of_DATAEE_ReadByte                       text76                          01DB0
__end_of_DATAEE_WriteByte                      text74                          01FA9
__end_of_EUSART1_Initialize                    text53                          01DE7
__end_of_EUSART1_Receive_ISR                   text86                          010B9
__end_of_EUSART1_Transmit_ISR                  text85                          01D4D
__end_of_FLASH_EraseBlock                      text71                          01FC6
__end_of_FLASH_ReadWord                        text72                          01F3C
__end_of_FLASH_WriteBlock                      text70                          01719
__end_of_INTERRUPT_InterruptManager            intentry                        00037
__end_of_LCDDigitalIndexTable                  stringtext                      002C1
__end_of_LCDDigitalTable                       stringtext                      002E9
__end_of_Main_flowCalibrationTable             _Main_flowCalibrationTable_text 03FFC
__end_of_OSCILLATOR_Initialize                 text52                          01D5D
__end_of_PIN_MANAGER_Initialize                text51                          01396
__end_of_SYSTEM_Initialize                     text44                          01012
__end_of_TMR0_ISR                              text84                          01E17
__end_of_TMR0_Initialize                       text49                          01EAA
__end_of_TMR0_SetInterruptHandler              text50                          01D68
__end_of_TMR1_ISR                              text83                          01E28
__end_of_TMR1_Initialize                       text46                          01FE3
__end_of_TMR1_SetInterruptHandler              text48                          01D6E
__end_of_TMR1_StartTimer                       text47                          01D50
__end_of_TablerxAlign                          stringtext                      00302
__end_of_WDT_Initialize                        text45                          01D54
__end_of___awdiv                               text10                          01592
__end_of___bmul                                text9                           01E6C
__end_of___wmul                                text81                          01030
__end_of__initialization                       cinit                           00094
__end_of_auchCRCHi                             stringtext                      00298
__end_of_auchCRCLo                             stringtext                      00198
__end_of_bkupSystemData                        _bkupSystemData_text            03EC8
__end_of_cardKeyCreatKey                       stringtext                      00320
__end_of_crc_append                            text79                          012FF
__end_of_crc_sum                               text80                          014EF
__end_of_crc_verify                            text77                          013CD
__end_of_create_card_key_b                     text23                          01131
__end_of_ctrlByteDefault                       stringtext                      00324
__end_of_data_api_calibration_table_data_init  text67                          00AB5
__end_of_data_api_read_eeprom                  text75                          00800
__end_of_data_api_system_data_get              text66                          01D90
__end_of_data_api_system_data_init             text65                          009C1
__end_of_data_api_write_eeprom                 text73                          01051
__end_of_defWriteBlock3                        stringtext                      00314
__end_of_defaultKeyA                           stringtext                      0031A
__end_of_delay                                 text37                          01DCA
__end_of_get_globle_ticker                     text4                           01DD8
__end_of_hexTable                              stringtext                      002FA
__end_of_key_scan_call                         text3                           01106
__end_of_lcd_config                            text42                          01072
__end_of_lcd_disp_all                          text43                          02000
__end_of_lcd_disp_code                         text56                          0115E
__end_of_lcd_disp_code_0                       text64                          0118C
__end_of_lcd_disp_code_1                       text63                          011BA
__end_of_lcd_disp_code_2                       text62                          011E8
__end_of_lcd_disp_code_3                       text61                          01216
__end_of_lcd_disp_code_4                       text60                          01244
__end_of_lcd_disp_code_5                       text59                          01272
__end_of_lcd_disp_code_6                       text58                          012A0
__end_of_lcd_disp_code_7                       text57                          012CE
__end_of_lcd_disp_refresh                      text55                          01E39
__end_of_lcd_disp_str                          text54                          01457
__end_of_lcd_init                              text41                          01D62
__end_of_led_port_init                         text40                          01F09
__end_of_m_flash_copy                          text69                          01800
__end_of_m_flash_erase                         text68                          01F56
__end_of_m_mem_cpy_len                         text78                          01F71
__end_of_m_mem_set                             text22                          01E06
__end_of_m_system_init                         text38                          01E94
__end_of_m_system_start_self_test              text36                          01645
__end_of_main                                  maintext                        007E1
__end_of_mainSystemData                        _mainSystemData_text            03F48
__end_of_mfapi_is_new_card_present             text16                          01330
__end_of_mfapi_pcd_init                        text25                          01E7F
__end_of_mfrc522_bal_clr_bit_reg               text30                          01EC1
__end_of_mfrc522_bal_read_fifo_len_ex          text21                          0140F
__end_of_mfrc522_bal_read_reg                  text34                          01F22
__end_of_mfrc522_bal_set_bit_reg               text29                          01ED8
__end_of_mfrc522_bal_write_read_via_spi        text35                          01094
__end_of_mfrc522_bal_write_reg                 text33                          01E4A
__end_of_mfrc522_bal_write_reg_len             text20                          010DF
__end_of_mfrc522_hal_antenna_on                text32                          01EF0
__end_of_mfrc522_hal_calculate_crc             text19                          01789
[...]
		 -> __t16(2), 
  len             1    7[COMMON] unsigned char 
 Auto vars:     Size  Location     Type
		None
 Return value:  Size  Location     Type
                  1    wreg      void 
 Registers used:
		wreg, fsr0l, fsr0h, fsr1l, fsr1h, status,2, status,0, pclath
 Tracked objects:
		On entry : 
		On exit  : 
		Unchanged: 
 Data sizes:     COMMON   BANK0   BANK1   BANK2   BANK3   BANK4   BANK5   BANK6   BANK7   BANK8  BANK10  BANK11  BANK12
      Params:         5       0       0       0       0       0       0       0       0       0       0       0       0
      Locals:         0       0       0       0       0       0       0       0       0       0       0       0       0
      Temps:          0       1       0       0       0       0       0       0       0       0       0       0       0
      Totals:         5       1       0       0       0       0       0       0       0       0       0       0       0
Total ram usage:        6 bytes
 Hardware stack levels used:    1
 Hardware stack levels required when called:    2
 This function calls:
		Nothing
 This function is called by:
		_data_api_system_data_init
		_rfid_comm_process_fk
		_rfid_comm_process_hs
		_lcd_disp_refresh
		_pcd_mifare_transceive
		_crc_verify
		_ui_key_process_enter
		_ui_key_set_process
		_modbus_response_write_flash_sys
		_modbus_response_write_flash_clib
		_modbus_response_read_flash_data
		_modbus_response_read_status_register
		_data_api_rt_data_save
		_data_api_calibration_table_data_save
 This function uses a non-reentrant model


 *************** function _crc_append *****************
 Defined at:
		line 87 in file "src/protocol/crc16_sf.c"
 Parameters:    Size  Location     Type
  message         2   11[BANK0 ] PTR unsigned char 
		 -> comBuffer(128), 
  n               2   13[BANK0 ] unsigned int 
 Auto vars:     Size  Location     Type
  crc             2   20[BANK0 ] unsigned int 
 Return value:  Size  Location     Type
                  1    wreg      void 
 Registers used:
		wreg, fsr0l, fsr0h, fsr1l, fsr1h, status,2, status,0, pclath, cstack
 Tracked objects:
		On entry : 
		On exit  : 
		Unchanged: 
 Data sizes:     COMMON   BANK0   BANK1   BANK2   BANK3   BANK4   BANK5   BANK6   BANK7   BANK8  BANK10  BANK11  BANK12
      Params:         0       4       0       0       0       0       0       0       0       0       0       0       0
      Locals:         0       2       0       0       0       0       0       0       0       0       0       0       0
      Temps:          0       5       0       0       0       0       0       0       0       0       0       0       0
      Totals:         0      11       0       0       0       0       0       0       0       0       0       0       0
Total ram usage:       11 bytes
 Hardware stack levels used:    1
 Hardware stack levels required when called:    3
 This function calls:
		_crc_sum
 This function is called by:
		_data_api_calibration_table_data_init
		_data_api_system_data_init
		_rfid_comm_process_fk
		_modbus_response_illgeal_function
		_modbus_response_read_flash_data
		_modbus_response_read_status_register
		_data_api_rt_data_save
		_data_api_calibration_table_data_save
 This function uses a non-reentrant model


 *************** function _crc_sum *****************
 Defined at:
		line 62 in file "src/protocol/crc16_sf.c"
 Parameters:    Size  Location     Type
  puchMsg         2    3[COMMON] PTR unsigned char 
		 -> bkupSystemData(72), comBuffer(128), Main_flowCalibrationTable(124), mainSystemData(72), 
  usDataLen       2    5[COMMON] unsigned int 
 Auto vars:     Size  Location     Type
  uIndex          2    7[BANK0 ] unsigned int 
  len             2    5[BANK0 ] unsigned int 
  uchCRCLo        1   10[BANK0 ] unsigned char 
  uchCRCHi        1    9[BANK0 ] unsigned char 
 Return value:  Size  Location     Type
                  2    3[COMMON] unsigned int 
 Registers used:
		wreg, fsr0l, fsr0h, status,2, status,0, pclath
 Tracked objects:
		On entry : 
		On exit  : 
		Unchanged: 
 Data sizes:     COMMON   BANK0   BANK1   BANK2   BANK3   BANK4   BANK5   BANK6   BANK7   BANK8  BANK10  BANK11  BANK12
      Params:         4       0       0       0       0       0       0       0       0       0       0       0       0
      Locals:         0       6       0       0       0       0       0       0       0       0       0       0       0
      Temps:          0       5       0       0       0       0       0       0       0       0       0       0       0
      Totals:         4      11       0       0       0       0       0       0       0       0       0       0       0
Total ram usage:       15 bytes
 Hardware stack levels used:    1
 Hardware stack levels required when called:    2
 This function calls:
		Nothing
 This function is called by:
		_crc_verify
		_crc_append
 This function uses a non-reentrant model


 *************** function ___wmul *****************
 Defined at:
		line 15 in file "C:\Program Files (x86)\Microchip\xc8\v1.41\sources\common\Umul16.c"
 Parameters:    Size  Location     Type
  multiplier      2    3[COMMON] unsigned int 
  multiplicand    2    5[COMMON] unsigned int 
 Auto vars:     Size  Location     Type
  product         2    0[BANK0 ] unsigned int 
 Return value:  Size  Location     Type
                  2    3[COMMON] unsigned int 
 Registers used:
		wreg, status,2, status,0
 Tracked objects:
		On entry : 
		On exit  : 
		Unchanged: 
 Data sizes:     COMMON   BANK0   BANK1   BANK2   BANK3   BANK4   BANK5   BANK6   BANK7   BANK8  BANK10  BANK11  BANK12
      Params:         4       0       0       0       0       0       0       0       0       0       0       0       0
      Locals:         0       2       0       0       0       0       0       0       0       0       0       0       0
      Temps:          0       0       0       0       0       0       0       0       0       0       0       0       0
      Totals:         4       2       0       0       0       0       0       0       0       0       0       0       0
Total ram usage:        6 bytes
 Hardware stack levels used:    1
 Hardware stack levels required when called:    2
 This function calls:
		Nothing
 This function is called by:
		_data_api_calibration_table_data_init
		_ui_key_set_process
		_app_flow_adc_2_flow
 This function uses a non-reentrant model


 *************** function _INTERRUPT_InterruptManager *****************
 Defined at:
		line 51 in file "mcc_generated_files/interrupt_manager.c"
 Parameters:    Size  Location     Type
		None
 Auto vars:     Size  Location     Type
		None
 Return value:  Size  Location     Type
                  1    wreg      void 
 Registers used:
		wreg, fsr1l, fsr1h, status,2, status,0, pclath, cstack
 Tracked objects:
		On entry : 
		On exit  : 
		Unchanged: 
 Data sizes:     COMMON   BANK0   BANK1   BANK2   BANK3   BANK4   BANK5   BANK6   BANK7   BANK8  BANK10  BANK11  BANK12
      Params:         0       0       0       0       0       0       0       0       0       0       0       0       0
      Locals:         0       0       0       0       0       0       0       0       0       0       0       0       0
      Temps:          1       0       0       0       0       0       0       0       0       0       0       0       0
      Totals:         1       0       0       0       0       0       0       0       0       0       0       0       0
Total ram usage:        1 bytes
 Hardware stack levels used:    1
 Hardware stack levels required when called:    1
 This function calls:
		_EUSART1_Receive_ISR
		_EUSART1_Transmit_ISR
		_TMR0_ISR
		_TMR1_ISR
 This function is called by:
		Interrupt level 1
 This function uses a non-reentrant model


 *************** function _TMR1_ISR *****************
 Defined at:
		line 156 in file "mcc_generated_files/tmr1.c"
 Parameters:    Size  Location     Type
		None
 Auto vars:     Size  Location     Type
		None
 Return value:  Size  Location     Type
                  1    wreg      void 
 Registers used:
		wreg, status,2, status,0
 Tracked objects:
		On entry : 
		On exit  : 
		Unchanged: 
 Data sizes:     COMMON   BANK0   BANK1   BANK2   BANK3   BANK4   BANK5   BANK6   BANK7   BANK8  BANK10  BANK11  BANK12
      Params:         0       0       0       0       0       0       0       0       0       0       0       0       0
      Locals:         0       0       0       0       0       0       0       0       0       0       0       0       0
      Temps:          1       0       0       0       0       0       0       0       0       0       0       0       0
      Totals:         1       0       0       0       0       0       0       0       0       0       0       0       0
Total ram usage:        1 bytes
 Hardware stack levels used:    1
 This function calls:
		Nothing
 This function is called by:
		_INTERRUPT_InterruptManager
 This function uses a non-reentrant model


 *************** function _TMR0_ISR *****************
 Defined at:
		line 109 in file "mcc_generated_files/tmr0.c"
 Parameters:    Size  Location     Type
		None
 Auto vars:     Size  Location     Type
		None
 Return value:  Size  Location     Type
                  1    wreg      void 
 Registers used:
		wreg
 Tracked objects:
		On entry : 
		On exit  : 
		Unchanged: 
 Data sizes:     COMMON   BANK0   BANK1   BANK2   BANK3   BANK4   BANK5   BANK6   BANK7   BANK8  BANK10  BANK11  BANK12
      Params:         0       0       0       0       0       0       0       0       0       0       0       0       0
      Locals:         0       0       0       0       0       0       0       0       0       0       0       0       0
      Temps:          0       0       0       0       0       0       0       0       0       0       0       0       0
      Totals:         0       0       0       0       0       0       0       0       0       0       0       0       0
Total ram usage:        0 bytes
 Hardware stack levels used:    1
 This function calls:
		Nothing
 This function is called by:
		_INTERRUPT_InterruptManager
 This function uses a non-reentrant model


 *************** function _EUSART1_Transmit_ISR *****************
 Defined at:
		line 165 in file "mcc_generated_files/eusart1.c"
 Parameters:    Size  Location     Type
		None
 Auto vars:     Size  Location     Type
		None
 Return value:  Size  Location     Type
                  1    wreg      void 
 Registers used:
		None
 Tracked objects:
		On entry : 
		On exit  : 
		Unchanged: 
 Data sizes:     COMMON   BANK0   BANK1   BANK2   BANK3   BANK4   BANK5   BANK6   BANK7   BANK8  BANK10  BANK11  BANK12
      Params:         0       0       0       0       0       0       0       0       0       0       0       0       0
      Locals:         0       0       0       0       0       0       0       0       0       0       0       0       0
      Temps:          0       0       0       0       0       0       0       0       0       0       0       0       0
      Totals:         0       0       0       0       0       0       0       0       0       0       0       0       0
Total ram usage:        0 bytes
 Hardware stack levels used:    1
 This function calls:
		Nothing
 This function is called by:
		_INTERRUPT_InterruptManager
 This function uses a non-reentrant model


 *************** function _EUSART1_Receive_ISR *****************
 Defined at:
		line 232 in file "mcc_generated_files/eusart1.c"
 Parameters:    Size  Location     Type
		None
 Auto vars:     Size  Location     Type
  t8              1    1[COMMON] unsigned char 
 Return value:  Size  Location     Type
                  1    wreg      void 
 Registers used:
		wreg, fsr1l, fsr1h, status,2, status,0
 Tracked objects:
		On entry : 
		On exit  : 
		Unchanged: 
 Data sizes:     COMMON   BANK0   BANK1   BANK2   BANK3   BANK4   BANK5   BANK6   BANK7   BANK8  BANK10  BANK11  BANK12
      Params:         0       0       0       0       0       0       0       0       0       0       0       0       0
      Locals:         1       0       0       0       0       0       0       0       0       0       0       0       0
      Temps:          1       0       0       0       0       0       0       0       0       0       0       0       0
      Totals:         2       0       0       0       0       0       0       0       0       0       0       0       0
Total ram usage:        2 bytes
 Hardware stack levels used:    1
 This function calls:
		Nothing
 This function is called by:
		_INTERRUPT_InterruptManager
 This function uses a non-reentrant model



MODULE INFORMATION

Module		Function		Class		Link	Load	Size
C:\Program Files (x86)\Microchip\xc8\v1.41\sources\common\awdiv.c
		___awdiv       		CODE           	1540	0000	83

C:\Program Files (x86)\Microchip\xc8\v1.41\sources\common\awdiv.c estimated size: 83

src/nfc/pal/mfrc522_mifare.c
		_pcd_mifare_transceive		CODE           	08B5	0000	131
		_mifare_read   		CODE           	1592	0000	85
		_mifare_write  		CODE           	1457	0000	73

src/nfc/pal/mfrc522_mifare.c estimated size: 289

src/nfc/bal/mfrc522_bal.c
		_mfrc522_bal_write_reg_len		CODE           	10B9	0000	39
		_mfrc522_bal_write_reg		CODE           	1E39	0000	18
		_mfrc522_bal_write_read_via_spi		CODE           	1072	0000	35
		_mfrc522_bal_read_fifo_len_ex		CODE           	13CD	0000	67
		_mfrc522_bal_read_reg		CODE           	1F09	0000	26
		_mfrc522_bal_clr_bit_reg		CODE           	1EAA	0000	24
		_mfrc522_bal_set_bit_reg		CODE           	1EC1	0000	24

src/nfc/bal/mfrc522_bal.c estimated size: 233

C:\Program Files (x86)\Microchip\xc8\v1.41\sources\common\Umul8.c
		___bmul        		CODE           	1E5B	0000	18

C:\Program Files (x86)\Microchip\xc8\v1.41\sources\common\Umul8.c estimated size: 18

src/depend/delay.c
		_delay         		CODE           	1DBC	0000	15

src/depend/delay.c estimated size: 15

C:\Program Files (x86)\Microchip\xc8\v1.41\sources\common\Umul16.c
		___wmul        		CODE           	1012	0000	31

C:\Program Files (x86)\Microchip\xc8\v1.41\sources\common\Umul16.c estimated size: 31

mcc_generated_files/interrupt_manager.c
		_INTERRUPT_InterruptManager		CODE           	0004	0000	52

mcc_generated_files/interrupt_manager.c estimated size: 52

src/driver/key.c
		_key_scan_call 		CODE           	10DF	0000	40

src/driver/key.c estimated size: 40

src/app/appdata.c
		_data_api_system_data_init		CODE           	0937	0000	139
		_data_api_write_eeprom		CODE           	1030	0000	34
		_data_api_system_data_get		CODE           	1D86	0000	11
		_data_api_calibration_table_data_init		CODE           	09C1	0000	245
		_data_api_read_eeprom		CODE           	07E1	0000	32
		_m_flash_copy  		CODE           	1789	0000	120
		_m_flash_erase 		CODE           	1F3C	0000	27

src/app/appdata.c estimated size: 608

src/api/ui_key.c
		_ui_key_waite_up		CODE           	1330	0000	50

src/api/ui_key.c estimated size: 50

mcc_generated_files/tmr0.c
		_TMR0_SetInterruptHandler		CODE           	1D62	0000	7
		_TMR0_ISR      		CODE           	1E06	0000	18
		_TMR0_Initialize		CODE           	1E94	0000	23

mcc_generated_files/tmr0.c estimated size: 48

src/nfc/pal/mfrc522_picc.c
		_picc_req_a_or_wakeup_a		CODE           	14EF	0000	82
		_picc_halt_a   		CODE           	0801	0000	60
		_picc_stop_cryptol		CODE           	1D7D	0000	10
		_pcd_comm_with_picc		CODE           	0AB5	0000	334
		_picc_select   		CODE           	03F2	0000	798
		_picc_authenticate		CODE           	1645	0000	105

src/nfc/pal/mfrc522_picc.c estimated size: 1389

src/driver/timer.c
		_get_globle_ticker		CODE           	1DCA	0000	15
		_set_globle_ticker		CODE           	1D9A	0000	11

src/driver/timer.c estimated size: 26

mcc_generated_files/pin_manager.c
		_PIN_MANAGER_Initialize		CODE           	1361	0000	54

mcc_generated_files/pin_manager.c estimated size: 54

src/nfc/apl/mfrc522_apl.c
		_mfapi_pcd_init		CODE           	1E6C	0000	20
		_mfapi_is_new_card_present		CODE           	12FF	0000	50

src/nfc/apl/mfrc522_apl.c estimated size: 70

src/driver/lcd.c
		_lcd_disp_all  		CODE           	1FE3	0000	30
		_lcd_disp_str  		CODE           	140F	0000	73
		_lcd_disp_code 		CODE           	1131	0000	46
		_lcd_disp_refresh		CODE           	1E28	0000	18
		_lcd_disp_code_0		CODE           	115E	0000	47
		_lcd_disp_code_1		CODE           	118C	0000	47
		_lcd_disp_code_2		CODE           	11BA	0000	47
		_lcd_disp_code_3		CODE           	11E8	0000	47
		_lcd_disp_code_4		CODE           	1216	0000	47
		_lcd_disp_code_5		CODE           	1244	0000	47
		_lcd_disp_code_6		CODE           	1272	0000	47
		_lcd_disp_code_7		CODE           	12A0	0000	47
		_lcd_config    		CODE           	1051	0000	34
		_lcd_init      		CODE           	1D5D	0000	6

src/driver/lcd.c estimated size: 583

src/protocol/crc16_sf.c
		_crc_sum       		CODE           	149F	0000	81
		_crc_append    		CODE           	12CE	0000	50
		_crc_verify    		CODE           	1396	0000	56

src/protocol/crc16_sf.c estimated size: 187

src/driver/other-gpio.c
		_other_gpio_port_init		CODE           	1D90	0000	11

src/driver/other-gpio.c estimated size: 11

src/depend/m_string.c
		_m_mem_set     		CODE           	1DF6	0000	17
		_m_mem_cpy_len 		CODE           	1F56	0000	28

src/depend/m_string.c estimated size: 45

shared
		_defaultKeyA   		STRCODE        	0314	0000	7
		_cardKeyCreatKey		STRCODE        	031A	0000	7
		_ctrlByteDefault		STRCODE        	0320	0000	5
		_LCDDigitalIndexTable		STRCODE        	0298	0000	42
		_bkupSystemData		CODE           	3E80	0000	73
		_LCDDigitalTable		STRCODE        	02C1	0000	41
		_hexTable      		STRCODE        	02E9	0000	18
		__initialization		CODE           	0039	0000	92
		_mainSystemData		CODE           	3F00	0000	73
		_auchCRCHi     		STRCODE        	0198	0000	257
		_auchCRCLo     		STRCODE        	0098	0000	257
		_Main_flowCalibrationTable		CODE           	3F80	0000	125
		_TablerxAlign  		STRCODE        	02FA	0000	9
		_defWriteBlock3		STRCODE        	0302	0000	19

shared estimated size: 1025

mcc_generated_files/eusart1.c
		_EUSART1_Initialize		CODE           	1DD8	0000	16
		_EUSART1_Receive_ISR		CODE           	1094	0000	38
		_my_uart1_received_ready		CODE           	1D74	0000	10
		_EUSART1_Transmit_ISR		CODE           	1D4A	0000	4

mcc_generated_files/eusart1.c estimated size: 68

mcc_generated_files/mcc.c
		_WDT_Initialize		CODE           	1D50	0000	5
		_OSCILLATOR_Initialize		CODE           	1D58	0000	6
		_SYSTEM_Initialize		CODE           	1000	0000	19

mcc_generated_files/mcc.c estimated size: 30

src/driver/led.c
		_led_port_init 		CODE           	1EF0	0000	26

src/driver/led.c estimated size: 26

mcc_generated_files/tmr1.c
		_TMR1_Initialize		CODE           	1FC6	0000	30
		_TMR1_SetInterruptHandler		CODE           	1D68	0000	7
		_TMR1_StartTimer		CODE           	1D4D	0000	4
		_TMR1_ISR      		CODE           	1E17	0000	18

mcc_generated_files/tmr1.c estimated size: 59

src/app/rfid_demo.c
		_rfid_comm_process_hs		CODE           	0C02	0000	430
		_rfid_comm_process_fk		CODE           	0DAF	0000	594
		_create_card_key_b		CODE           	1106	0000	44

src/app/rfid_demo.c estimated size: 1068

mcc_generated_files/memory.c
		_FLASH_EraseBlock		CODE           	1FA9	0000	30
		_FLASH_ReadWord		CODE           	1F22	0000	27
		_FLASH_WriteBlock		CODE           	16AD	0000	109
		_DATAEE_WriteByte		CODE           	1F8C	0000	30
		_DATAEE_ReadByte		CODE           	1DA4	0000	13

mcc_generated_files/memory.c estimated size: 209

main.c
		_main          		CODE           	070F	0000	211
		_m_system_start_self_test		CODE           	15E6	0000	96
		_m_system_init 		CODE           	1E7F	0000	22

main.c estimated size: 329

src/nfc/hal/mfrc522_hal.c
		_mfrc522_hal_get_antenna_gain		CODE           	1DE7	0000	16
		_mfrc522_hal_set_antenna_gain		CODE           	1F71	0000	28
		_mfrc522_hal_antenna_on		CODE           	1ED8	0000	25
		_mfrc522_hal_calculate_crc		CODE           	1719	0000	113
		_mfrc522_hal_reset_sf		CODE           	1E4A	0000	18
		_mfrc522_hal_init		CODE           	083C	0000	122

src/nfc/hal/mfrc522_hal.c estimated size: 322

