Microchip MPLAB XC8 Compiler V1.41 ()

Linker command line:

-W-3 --edf=C:\Program Files (x86)\Microchip\xc8\v1.41\dat\en_msgs.txt -cs \
  -h+dist/default/production\software.X.production.sym \
  --cmf=dist/default/production\software.X.production.cmf -z -Q16F1947 \
  -oC:\Users\ADMINI~1\AppData\Local\Temp\s2eb0.2 \
  -Mdist/default/production/software.X.production.map -E1 -ver=XC8 \
  -ASTACK=02118h-021cfh -pstack=STACK -ACODE=00h-07FFhx8 \
  -ASTRCODE=00h-03FFFh -ASTRING=00h-0FFhx64 -ACONST=00h-0FFhx64 \
  -AENTRY=00h-0FFhx64 -ACOMMON=070h-07Fh -ABANK0=020h-06Fh \
  -ABANK1=0A0h-0EFh -ABANK2=0120h-016Fh -ABANK3=01A0h-01EFh \
  -ABANK4=0220h-026Fh -ABANK5=02A0h-02EFh -ABANK6=0320h-036Fh \
  -ABANK7=03A0h-03EFh -ABANK8=0420h-046Fh -ABANK9=04A0h-04EFh \
  -ABANK10=0520h-056Fh -ABANK11=05A0h-05EFh -ABANK12=0620h-064Fh \
  -ABIGRAM=02000h-023EFh \
  -ARAM=020h-06Fh,0A0h-0EFh,0120h-016Fh,01A0h-01EFh,0220h-026Fh,02A0h-02EFh,0320h-036Fh,03A0h-03EFh,0420h-046Fh,04A0h-04EFh,0520h-056Fh,05A0h-05EFh,0620h-064Fh \
  -AABS1=020h-07Fh,0A0h-0EFh,0120h-016Fh,01A0h-01EFh,0220h-026Fh,02A0h-02EFh,0320h-036Fh,03A0h-03EFh,0420h-046Fh,04A0h-04EFh,0520h-056Fh,05A0h-05EFh,0620h-064Fh \
  -ASFR0=00h-01Fh -ASFR1=080h-09Fh -ASFR2=0100h-011Fh -ASFR3=0180h-019Fh \
  -ASFR4=0200h-021Fh -ASFR5=0280h-029Fh -ASFR6=0300h-031Fh \
  -ASFR7=0380h-039Fh -ASFR8=0400h-041Fh -ASFR9=0480h-049Fh \
  -ASFR10=0500h-051Fh -ASFR11=0580h-059Fh -ASFR12=0600h-061Fh \
  -ASFR13=0680h-06EFh -ASFR14=0700h-076Fh -ASFR15=0780h-07EFh \
  -ASFR16=0800h-086Fh -ASFR17=0880h-08EFh -ASFR18=0900h-096Fh \
  -ASFR19=0980h-09EFh -ASFR20=0A00h-0A6Fh -ASFR21=0A80h-0AEFh \
  -ASFR22=0B00h-0B6Fh -ASFR23=0B80h-0BEFh -ASFR24=0C00h-0C6Fh \
  -ASFR25=0C80h-0CEFh -ASFR26=0D00h-0D6Fh -ASFR27=0D80h-0DEFh \
  -ASFR28=0E00h-0E6Fh -ASFR29=0E80h-0EEFh -ASFR30=0F00h-0F6Fh \
  -ASFR31=0F80h-0FEFh -preset_vec=00h,intentry=04h,init,end_init \
  -ppowerup=CODE -pcinit=CODE -pfunctab=CODE -ACONFIG=08007h-08008h \
  -pconfig=CONFIG -DCONFIG=2 -AIDLOC=08000h-08003h -pidloc=IDLOC -DIDLOC=2 \
  -AEEDATA=00h-0FFh/0F000h -peeprom_data=EEDATA -DEEDATA=2 -DCODE=2 \
  -DSTRCODE=2 -DSTRING=2 -DCONST=2 -DENTRY=2 -k \
  C:\Users\ADMINI~1\AppData\Local\Temp\s2eb0.obj \
  dist/default/production\software.X.production.obj 

Object code version is 3.11

Machine type is 16F1947



                Name                               Link     Load   Length Selector   Space Scale
C:\Users\ADMINI~1\AppData\Local\Temp\s2eb0.obj
                end_init                             37       37        2        8       0
                reset_vec                             0        0        2        0       0
                config                             8007     8007        2    1000E       0
dist/default/production\software.X.production.obj
                cinit                                39       39       59        8       0
                intentry                              4        4       33        8       0
                text119                            2612     2612       25     4C24       0
                text118                               3        3        1        6       0
                text117                            2637     2637       25     4C6E       0
                text116                            2496     2496       19     492C       0
                text114                            2571     2571       1E     4AE2       0
                text113                            1D8D     1D8D       50     3B1A       0
                text112                            19F6     19F6       31     33EC       0
                text111                            24C8     24C8       1B     4990       0
                text110                            1AC2     1AC2       37     3584       0
                text109                            2325     2325        C     464A       0
                text108                            258F     258F       1F     4B1E       0
                text107                            251A     251A       1D     4A34       0
                text106                            25CE     25CE       21     4B9C       0
                text105                             D26      D26       D6     1A4C       0
                text104                             5CE      5CE      180      692       0
                text103                            2300     2300        7     4600       0
                text102                             8C3      8C3       A8     1186       0
                text101                            24E3     24E3       1B     49C6       0
                text100                            1D40     1D40       4D     3A80       0
                text99                             22EE     22EE        6     45DC       0
                text98                             238D     238D       10     471A       0
                text97                             26CB     26CB       29     4D96       0
                text96                             24FE     24FE       1C     49FC       0
                text95                             239D     239D       10     473A       0
                text94                             2362     2362        E     46C4       0
                text93                             2426     2426       16     484C       0
                text92                             26F4     26F4       29     4DE8       0
                text91                             1936     1936       30     326C       0
                text90                             2468     2468       17     48D0       0
                text89                             1AF9     1AF9       39     35F2       0
                text88                             1966     1966       30     32CC       0
                text87                             1E2F     1E2F       53     3C5E       0
                text86                             1996     1996       30     332C       0
                text85                              349      349      285      692       0
                text84                              EFA      EFA      106     1DF4       0
                text83                             1629     1629       9A     2C52       0
                text82                             1C29     1C29       43     3852       0
                text81                             135C     135C       84     26B8       0
                text80                             1F34     1F34       66     3E68       0
                text79                             237E     237E        F     46FC       0
                text78                             22DF     22DF        5     45BE       0
                text77                             1A58     1A58       35     34B0       0
                text76                             22F4     22F4        6     45E8       0
                text75                             243C     243C       16     4878       0
                text74                             22FA     22FA        6     45F4       0
                text73                             22D8     22D8        3     45B0       0
                text72                             2537     2537       1D     4A6E       0
                text71                             22DB     22DB        4     45B6       0
                text70                             23F0     23F0       12     47E0       0
                text69                             2554     2554       1D     4AA8       0
                text68                             1800     1800       22     2EC2       0
                text67                             22E4     22E4        5     45C8       0
                text66                             24AF     24AF       19     495E       0
                text65                             2355     2355        D     46AA       0
                text64                             1000     1000       15     1DF4       0
                swtext3                            2000     2000       18     4000       0
                text63                              DFC      DFC       FE     1BF8       0
                text62                             1A27     1A27       31     344E       0
                text61                              A1A      A1A       B2     1434       0
                text60                             1B6B     1B6B       3F     36D6       0
                text59                              C56      C56       D0     18AC       0
                text58                              822      822       A1     1044       0
                text57                             1164     1164       7B     22C8       0
                text56                             1EDA     1EDA       5A     3DB4       0
                text55                             2307     2307        9     460E       0
                text54                              800      800       22      692       0
                text53                             19C6     19C6       30     338C       0
                text52                             13E0     13E0       86     27C0       0
                text51                             23AD     23AD       10     475A       0
                text50                             1BE9     1BE9       40     37D2       0
                text49                             2370     2370        E     46E0       0
                text48                             265C     265C       25     4CB8       0
                text47                             2310     2310        A     4620       0
                text46                             271D     271D       2D     4E3A       0
                text45                             1761     1761       9F     2EC2       0
                text44                             1DDD     1DDD       52     3BBA       0
                text43                             2402     2402       12     4804       0
                text42                             25AE     25AE       20     4B5C       0
                text41                             11DF     11DF       7B     23BE       0
                swtext2                            2028     2028       10     4000       0
                text40                             1F9A     1F9A       66     3F34       0
                text39                             2331     2331        C     4662       0
                text38                             27A4     27A4       2E     4F48       0
                text37                             27D2     27D2       2E     4FA4       0
                text36                             1822     1822       2E     3044       0
                text35                             1850     1850       2E     30A0       0
                text34                             187E     187E       2E     30FC       0
                text33                             18AC     18AC       2E     3158       0
                text32                             18DA     18DA       2E     31B4       0
                text31                             1908     1908       2E     3210       0
                swtext1                            2018     2018       10     4000       0
                text30                             274A     274A       2D     4E94       0
                text29                             23BD     23BD       11     477A       0
                text28                             1CF8     1CF8       48     39F0       0
                text27                             231A     231A        B     4634       0
                text26                             2681     2681       25     4D02       0
                text25                             12DA     12DA       82     25B4       0
                text24                             1080     1080       6E     2100       0
                text23                             1BAA     1BAA       3F     3754       0
                text22                             1591     1591       98     2B22       0
                text21                             1015     1015       6B     202A       0
                text20                             2414     2414       12     4828       0
                text19                             14FB     14FB       96     29F6       0
                text18                             1A8D     1A8D       35     351A       0
                text17                             2777     2777       2D     4EEE       0
                text16                             26A6     26A6       25     4D4C       0
                text15                              74E      74E       B2      692       0
                text14                             23CE     23CE       11     479C       0
                text13                             1C6C     1C6C       46     38D8       0
                text12                             125A     125A       80     24B4       0
                text11                             247F     247F       17     48FE       0
                text10                             1CB2     1CB2       46     3964       0
                text9                              23DF     23DF       11     47BE       0
                text8                               ACC      ACC       BE     1598       0
                text7                              10EE     10EE       76     21DC       0
                text6                               B8A      B8A       CC     1714       0
                text5                              25EF     25EF       23     4BDE       0
                text4                              1466     1466       95     28CC       0
                text3                               96B      96B       AF     12D6       0
                text2                              1E82     1E82       58     3D04       0
                text1                              1B32     1B32       39     3664       0
                maintext                           16C3     16C3       9E     2D86       0
                cstackBANK0                          20       20       38       20       1
                cstackCOMMON                         70       70        8       70       1
                clrtext                            233D     233D        C     467A       0
                inittext                           2349     2349        C     4692       0
                bssBANK3                            1A0      1A0       28      1A0       1
                dataBANK2                           13F      13F       16      120       1
                bssBANK2                            120      120       1F      120       1
                dataBANK1                            E9       E9        5       A0       1
                bssBANK1                             A0       A0       49       A0       1
                bssBANK0                             58       58       18       20       1
                bssCOMMON                            78       78        3       70       1
                nvBANK2                             155      155        5      120       1
                nvBANK1                              EE       EE        2       A0       1
                stringtext                           92       92      2B7      124       0
                idataBANK2                         2452     2452       16     48A4       0
                idataBANK1                         22E9     22E9        5     45D2       0

TOTAL           Name                               Link     Load   Length     Space
        CLASS   STACK          

        CLASS   CODE           
                end_init                             37       37        2         0
                cinit                                39       39       59         0
                intentry                              4        4       33         0
                reset_vec                             0        0        2         0
                text119                            2612     2612       25         0
                text118                               3        3        1         0
                text117                            2637     2637       25         0
                text116                            2496     2496       19         0
                text114                            2571     2571       1E         0
                text113                            1D8D     1D8D       50         0
                text112                            19F6     19F6       31         0
                text111                            24C8     24C8       1B         0
                text110                            1AC2     1AC2       37         0
                text109                            2325     2325        C         0
                text108                            258F     258F       1F         0
                text107                            251A     251A       1D         0
                text106                            25CE     25CE       21         0
                text105                             D26      D26       D6         0
                text104                             5CE      5CE      180         0
                text103                            2300     2300        7         0
                text102                             8C3      8C3       A8         0
                text101                            24E3     24E3       1B         0
                text100                            1D40     1D40       4D         0
                text99                             22EE     22EE        6         0
                text98                             238D     238D       10         0
                text97                             26CB     26CB       29         0
                text96                             24FE     24FE       1C         0
                text95                             239D     239D       10         0
                text94                             2362     2362        E         0
                text93                             2426     2426       16         0
                text92                             26F4     26F4       29         0
                text91                             1936     1936       30         0
                text90                             2468     2468       17         0
                text89                             1AF9     1AF9       39         0
                text88                             1966     1966       30         0
                text87                             1E2F     1E2F       53         0
                text86                             1996     1996       30         0
                text85                              349      349      285         0
                text84                              EFA      EFA      106         0
                text83                             1629     1629       9A         0
                text82                             1C29     1C29       43         0
                text81                             135C     135C       84         0
                text80                             1F34     1F34       66         0
                text79                             237E     237E        F         0
                text78                             22DF     22DF        5         0
                text77                             1A58     1A58       35         0
                text76                             22F4     22F4        6         0
                text75                             243C     243C       16         0
                text74                             22FA     22FA        6         0
                text73                             22D8     22D8        3         0
                text72                             2537     2537       1D         0
                text71                             22DB     22DB        4         0
                text70                             23F0     23F0       12         0
                text69                             2554     2554       1D         0
                text68                             1800     1800       22         0
                text67                             22E4     22E4        5         0
                text66                             24AF     24AF       19         0
                text65                             2355     2355        D         0
                text64                             1000     1000       15         0
                text63                              DFC      DFC       FE         0
                text62                             1A27     1A27       31         0
                text61                              A1A      A1A       B2         0
                text60                             1B6B     1B6B       3F         0
                text59                              C56      C56       D0         0
                text58                              822      822       A1         0
                text57                             1164     1164       7B         0
                text56                             1EDA     1EDA       5A         0
                text55                             2307     2307        9         0
                text54                              800      800       22         0
                text53                             19C6     19C6       30         0
                text52                             13E0     13E0       86         0
                text51                             23AD     23AD       10         0
                text50                             1BE9     1BE9       40         0
                text49                             2370     2370        E         0
                text48                             265C     265C       25         0
                text47                             2310     2310        A         0
                text46                             271D     271D       2D         0
                text45                             1761     1761       9F         0
                text44                             1DDD     1DDD       52         0
                text43                             2402     2402       12         0
                text42                             25AE     25AE       20         0
                text41                             11DF     11DF       7B         0
                text40                             1F9A     1F9A       66         0
                text39                             2331     2331        C         0
                text38                             27A4     27A4       2E         0
                text37                             27D2     27D2       2E         0
                text36                             1822     1822       2E         0
                text35                             1850     1850       2E         0
                text34                             187E     187E       2E         0
                text33                             18AC     18AC       2E         0
                text32                             18DA     18DA       2E         0
                text31                             1908     1908       2E         0
                text30                             274A     274A       2D         0
                text29                             23BD     23BD       11         0
                text28                             1CF8     1CF8       48         0
                text27                             231A     231A        B         0
                text26                             2681     2681       25         0
                text25                             12DA     12DA       82         0
                text24                             1080     1080       6E         0
                text23                             1BAA     1BAA       3F         0
                text22                             1591     1591       98         0
                text21                             1015     1015       6B         0
                text20                             2414     2414       12         0
                text19                             14FB     14FB       96         0
                text18                             1A8D     1A8D       35         0
                text17                             2777     2777       2D         0
                text16                             26A6     26A6       25         0
                text15                              74E      74E       B2         0
                text14                             23CE     23CE       11         0
                text13                             1C6C     1C6C       46         0
                text12                             125A     125A       80         0
                text11                             247F     247F       17         0
                text10                             1CB2     1CB2       46         0
                text9                              23DF     23DF       11         0
                text8                               ACC      ACC       BE         0
                text7                              10EE     10EE       76         0
                text6                               B8A      B8A       CC         0
                text5                              25EF     25EF       23         0
                text4                              1466     1466       95         0
                text3                               96B      96B       AF         0
                text2                              1E82     1E82       58         0
                text1                              1B32     1B32       39         0
                maintext                           16C3     16C3       9E         0
                clrtext                            233D     233D        C         0
                inittext                           2349     2349        C         0
                idataBANK2                         2452     2452       16         0
                idataBANK1                         22E9     22E9        5         0

        CLASS   STRCODE        
                stringtext                           92       92      2B7         0

        CLASS   STRING         

        CLASS   CONST          
                swtext3                            2000     2000       18         0
                swtext2                            2028     2028       10         0
                swtext1                            2018     2018       10         0

        CLASS   ENTRY          

        CLASS   COMMON         
                cstackCOMMON                         70       70        8         1
                bssCOMMON                            78       78        3         1

        CLASS   BANK0          
                cstackBANK0                          20       20       38         1
                bssBANK0                             58       58       18         1

        CLASS   BANK1          
                dataBANK1                            E9       E9        5         1
                bssBANK1                             A0       A0       49         1
                nvBANK1                              EE       EE        2         1

        CLASS   BANK2          
                dataBANK2                           13F      13F       16         1
                bssBANK2                            120      120       1F         1
                nvBANK2                             155      155        5         1

        CLASS   BANK3          
                bssBANK3                            1A0      1A0       28         1

        CLASS   BANK4          

        CLASS   BANK5          

        CLASS   BANK6          

        CLASS   BANK7          

        CLASS   BANK8          

        CLASS   BANK9          

        CLASS   BANK10         

        CLASS   BANK11         

        CLASS   BANK12         

        CLASS   BIGRAM         

        CLASS   RAM            

        CLASS   ABS1           
                abs_s1                               7E       7E        2         1
                abs_s1                              2E0      2E0       10         1
                abs_s1                              320      320       50         1
                abs_s1                              3A0      3A0       50         1
                abs_s1                              420      420       50         1
                abs_s1                              4A0      4A0       50         1
                abs_s1                              524      524       4C         1
                abs_s1                              5A0      5A0       50         1
                abs_s1                              620      620       30         1
                abs_s1                             21D0     21D0        0         1
                abs_s1                             2324     2324        0         1

        CLASS   SFR0           

        CLASS   SFR1           

        CLASS   SFR2           

        CLASS   SFR3           

        CLASS   SFR4           

        CLASS   SFR5           

        CLASS   SFR6           

        CLASS   SFR7           

        CLASS   SFR8           

        CLASS   SFR9           

        CLASS   SFR10          

        CLASS   SFR11          

        CLASS   SFR12          

        CLASS   SFR13          

        CLASS   SFR14          

        CLASS   SFR15          

        CLASS   SFR16          

        CLASS   SFR17          

        CLASS   SFR18          

        CLASS   SFR19          

        CLASS   SFR20          

        CLASS   SFR21          

        CLASS   SFR22          

        CLASS   SFR23          

        CLASS   SFR24          

        CLASS   SFR25          

        CLASS   SFR26          

        CLASS   SFR27          

        CLASS   SFR28          

        CLASS   SFR29          

        CLASS   SFR30          

        CLASS   SFR31          

        CLASS   CONFIG         
                config                             8007     8007        2         0

        CLASS   IDLOC          

        CLASS   EEDATA         

        CLASS   BANK31         

        CLASS   BANK30         

        CLASS   BANK29         

        CLASS   BANK28         

        CLASS   BANK27         

        CLASS   BANK26         

        CLASS   BANK25         

        CLASS   BANK24         

        CLASS   BANK23         

        CLASS   BANK22         

        CLASS   BANK21         

        CLASS   BANK20         

        CLASS   BANK19         

        CLASS   BANK18         

        CLASS   BANK17         

        CLASS   BANK16         

        CLASS   BANK15         

        CLASS   BANK14         

        CLASS   BANK13         



SEGMENTS        Name                           Load    Length   Top    Selector   Space  Class     Delta

                reset_vec                      000000  000002  000002         0       0  CODE        2
                text118                        000003  000001  000004         6       0  CODE        2
                intentry                       000004  00008E  000092         8       0  CODE        2
                cstackBANK0                    000020  000050  000070        20       1  BANK0       1
                cstackCOMMON                   000070  00000B  00007B        70       1  COMMON      1
                bssBANK1                       0000A0  000050  0000F0        A0       1  BANK1       1
                bssBANK2                       000120  00003A  00015A       120       1  BANK2       1
                stringtext                     000092  0002B7  000349       124       0  STRCODE     2
                bssBANK3                       0001A0  000028  0001C8       1A0       1  BANK3       1
                text85                         000349  0004D9  000822       692       0  CODE        2
                text58                         000822  0000A1  0008C3      1044       0  CODE        2
                text102                        0008C3  0000A8  00096B      1186       0  CODE        2
                text3                          00096B  0000AF  000A1A      12D6       0  CODE        2
                text61                         000A1A  0000B2  000ACC      1434       0  CODE        2
                text8                          000ACC  0000BE  000B8A      1598       0  CODE        2
                text6                          000B8A  0000CC  000C56      1714       0  CODE        2
                text59                         000C56  0000D0  000D26      18AC       0  CODE        2
                text105                        000D26  0000D6  000DFC      1A4C       0  CODE        2
                text63                         000DFC  0000FE  000EFA      1BF8       0  CODE        2
                text84                         000EFA  00011B  001015      1DF4       0  CODE        2
                text21                         001015  00006B  001080      202A       0  CODE        2
                text24                         001080  00006E  0010EE      2100       0  CODE        2
                text7                          0010EE  000076  001164      21DC       0  CODE        2
                text57                         001164  00007B  0011DF      22C8       0  CODE        2
                text41                         0011DF  00007B  00125A      23BE       0  CODE        2
                text12                         00125A  000080  0012DA      24B4       0  CODE        2
                text25                         0012DA  000082  00135C      25B4       0  CODE        2
                text81                         00135C  000084  0013E0      26B8       0  CODE        2
                text52                         0013E0  000086  001466      27C0       0  CODE        2
                text4                          001466  000095  0014FB      28CC       0  CODE        2
                text19                         0014FB  000096  001591      29F6       0  CODE        2
                text22                         001591  000098  001629      2B22       0  CODE        2
                text83                         001629  00009A  0016C3      2C52       0  CODE        2
                maintext                       0016C3  00009E  001761      2D86       0  CODE        2
                text45                         001761  0000C1  001822      2EC2       0  CODE        2
                text36                         001822  00002E  001850      3044       0  CODE        2
                text35                         001850  00002E  00187E      30A0       0  CODE        2
                text34                         00187E  00002E  0018AC      30FC       0  CODE        2
                text33                         0018AC  00002E  0018DA      3158       0  CODE        2
                text32                         0018DA  00002E  001908      31B4       0  CODE        2
                text31                         001908  00002E  001936      3210       0  CODE        2
                text91                         001936  000030  001966      326C       0  CODE        2
                text88                         001966  000030  001996      32CC       0  CODE        2
                text86                         001996  000030  0019C6      332C       0  CODE        2
                text53                         0019C6  000030  0019F6      338C       0  CODE        2
                text112                        0019F6  000031  001A27      33EC       0  CODE        2
                text62                         001A27  000031  001A58      344E       0  CODE        2
                text77                         001A58  000035  001A8D      34B0       0  CODE        2
                text18                         001A8D  000035  001AC2      351A       0  CODE        2
                text110                        001AC2  000037  001AF9      3584       0  CODE        2
                text89                         001AF9  000039  001B32      35F2       0  CODE        2
                text1                          001B32  000039  001B6B      3664       0  CODE        2
                text60                         001B6B  00003F  001BAA      36D6       0  CODE        2
                text23                         001BAA  00003F  001BE9      3754       0  CODE        2
                text50                         001BE9  000040  001C29      37D2       0  CODE        2
                text82                         001C29  000043  001C6C      3852       0  CODE        2
                text13                         001C6C  000046  001CB2      38D8       0  CODE        2
                text10                         001CB2  000046  001CF8      3964       0  CODE        2
                text28                         001CF8  000048  001D40      39F0       0  CODE        2
                text100                        001D40  00004D  001D8D      3A80       0  CODE        2
                text113                        001D8D  000050  001DDD      3B1A       0  CODE        2
                text44                         001DDD  000052  001E2F      3BBA       0  CODE        2
                text87                         001E2F  000053  001E82      3C5E       0  CODE        2
                text2                          001E82  000058  001EDA      3D04       0  CODE        2
                text56                         001EDA  00005A  001F34      3DB4       0  CODE        2
                text80                         001F34  000066  001F9A      3E68       0  CODE        2
                text40                         001F9A  000066  002000      3F34       0  CODE        2
                swtext3                        002000  000038  002038      4000       0  CONST       2
                text73                         0022D8  000003  0022DB      45B0       0  CODE        2
                text71                         0022DB  000004  0022DF      45B6       0  CODE        2
                text78                         0022DF  000005  0022E4      45BE       0  CODE        2
                text67                         0022E4  000005  0022E9      45C8       0  CODE        2
                idataBANK1                     0022E9  000005  0022EE      45D2       0  CODE        2
                text99                         0022EE  000006  0022F4      45DC       0  CODE        2
                text76                         0022F4  000006  0022FA      45E8       0  CODE        2
                text74                         0022FA  000006  002300      45F4       0  CODE        2
                text103                        002300  000007  002307      4600       0  CODE        2
                text55                         002307  000009  002310      460E       0  CODE        2
                text47                         002310  00000A  00231A      4620       0  CODE        2
                text27                         00231A  00000B  002325      4634       0  CODE        2
                text109                        002325  00000C  002331      464A       0  CODE        2
                text39                         002331  00000C  00233D      4662       0  CODE        2
                clrtext                        00233D  00000C  002349      467A       0  CODE        2
                inittext                       002349  00000C  002355      4692       0  CODE        2
                text65                         002355  00000D  002362      46AA       0  CODE        2
                text94                         002362  00000E  002370      46C4       0  CODE        2
                text49                         002370  00000E  00237E      46E0       0  CODE        2
                text79                         00237E  00000F  00238D      46FC       0  CODE        2
                text98                         00238D  000010  00239D      471A       0  CODE        2
                text95                         00239D  000010  0023AD      473A       0  CODE        2
                text51                         0023AD  000010  0023BD      475A       0  CODE        2
                text29                         0023BD  000011  0023CE      477A       0  CODE        2
                text14                         0023CE  000011  0023DF      479C       0  CODE        2
                text9                          0023DF  000011  0023F0      47BE       0  CODE        2
                text70                         0023F0  000012  002402      47E0       0  CODE        2
                text43                         002402  000012  002414      4804       0  CODE        2
                text20                         002414  000012  002426      4828       0  CODE        2
                text93                         002426  000016  00243C      484C       0  CODE        2
                text75                         00243C  000016  002452      4878       0  CODE        2
                idataBANK2                     002452  000016  002468      48A4       0  CODE        2
                text90                         002468  000017  00247F      48D0       0  CODE        2
                text11                         00247F  000017  002496      48FE       0  CODE        2
                text116                        002496  000019  0024AF      492C       0  CODE        2
                text66                         0024AF  000019  0024C8      495E       0  CODE        2
                text111                        0024C8  00001B  0024E3      4990       0  CODE        2
                text101                        0024E3  00001B  0024FE      49C6       0  CODE        2
                text96                         0024FE  00001C  00251A      49FC       0  CODE        2
                text107                        00251A  00001D  002537      4A34       0  CODE        2
                text72                         002537  00001D  002554      4A6E       0  CODE        2
                text69                         002554  00001D  002571      4AA8       0  CODE        2
                text114                        002571  00001E  00258F      4AE2       0  CODE        2
                text108                        00258F  00001F  0025AE      4B1E       0  CODE        2
                text42                         0025AE  000020  0025CE      4B5C       0  CODE        2
                text106                        0025CE  000021  0025EF      4B9C       0  CODE        2
                text5                          0025EF  000023  002612      4BDE       0  CODE        2
                text119                        002612  000025  002637      4C24       0  CODE        2
                text117                        002637  000025  00265C      4C6E       0  CODE        2
                text48                         00265C  000025  002681      4CB8       0  CODE        2
                text26                         002681  000025  0026A6      4D02       0  CODE        2
                text16                         0026A6  000025  0026CB      4D4C       0  CODE        2
                text97                         0026CB  000029  0026F4      4D96       0  CODE        2
                text92                         0026F4  000029  00271D      4DE8       0  CODE        2
                text46                         00271D  00002D  00274A      4E3A       0  CODE        2
                text30                         00274A  00002D  002777      4E94       0  CODE        2
                text17                         002777  00002D  0027A4      4EEE       0  CODE        2
                text38                         0027A4  00002E  0027D2      4F48       0  CODE        2
                text37                         0027D2  00002E  002800      4FA4       0  CODE        2
                config                         008007  000002  008009     1000E       0  CONFIG      2


UNUSED ADDRESS RANGES

        Name                Unused          Largest block    Delta
        BANK10           00520-00523               4           1
        BANK2            0015A-0016F              16           1
        BANK3            001C8-001EF              28           1
        BANK4            00220-0026F              50           1
        BANK5            002A0-002DF              40           1
        BIGRAM           02000-023EF             3F0           1
        CODE             00002-00002               1           2
                         02038-022D7             2A0
                         02800-03FFF             800
        COMMON           0007B-0007D               3           1
        CONST            00002-00002               1           2
                         02038-022D7             100
                         02800-03FFF             100
        EEDATA           0F000-0F0FF             100           2
        ENTRY            00002-00002               1           2
                         02038-022D7             100
                         02800-03FFF             100
        IDLOC            08000-08003               4           2
        RAM              0015A-0016F              16           1
                         001C8-001EF              28
                         00220-0026F              50
                         002A0-002DF              40
                         00520-00523               4
        SFR0             00000-0001F              20           1
        SFR1             00080-0009F              20           1
        SFR10            00500-0051F              20           1
        SFR11            00580-0059F              20           1
        SFR12            00600-0061F              20           1
        SFR13            00680-006EF              70           1
        SFR14            00700-0076F              70           1
        SFR15            00780-007EF              70           1
        SFR16            00800-0086F              70           1
        SFR17            00880-008EF              70           1
        SFR18            00900-0096F              70           1
        SFR19            00980-009EF              70           1
        SFR2             00100-0011F              20           1
        SFR20            00A00-00A6F              70           1
        SFR21            00A80-00AEF              70           1
        SFR22            00B00-00B6F              70           1
        SFR23            00B80-00BEF              70           1
        SFR24            00C00-00C6F              70           1
        SFR25            00C80-00CEF              70           1
        SFR26            00D00-00D6F              70           1
        SFR27            00D80-00DEF              70           1
        SFR28            00E00-00E6F              70           1
        SFR29            00E80-00EEF              70           1
        SFR3             00180-0019F              20           1
        SFR30            00F00-00F6F              70           1
        SFR31            00F80-00FEF              70           1
        SFR4             00200-0021F              20           1
        SFR5             00280-0029F              20           1
        SFR6             00300-0031F              20           1
        SFR7             00380-0039F              20           1
        SFR8             00400-0041F              20           1
        SFR9             00480-0049F              20           1
        STACK            02118-021CF              B8           1
        STRCODE          00002-00002               1           2
                         02038-022D7             2A0
                         02800-03FFF            1800
        STRING           00002-00002               1           2
                         02038-022D7             100
                         02800-03FFF             100

                                  Symbol Table

?___aldiv                                       cstackBANK0  00020
?___almod                                       cstackBANK0  00020
?___awdiv                                       cstackCOMMON 00073
?___awmod                                       cstackCOMMON 00073
?___lldiv                                       cstackBANK0  00020
?___llmod                                       cstackBANK0  00020
?___lmul                                        cstackBANK0  00020
?___lwdiv                                       cstackCOMMON 00073
?___lwmod                                       cstackCOMMON 00073
?___wmul                                        cstackCOMMON 00073
?_adc_mcp3241_read_convert_16                   cstackBANK0  00022
?_app_flow_adc_2_flow                           cstackBANK0  0002D
?_app_flow_get_adcAverageValue                  cstackBANK0  0002D
?_crc_sum                                       cstackCOMMON 00073
?_get_globle_ticker                             cstackCOMMON 00073
?_m_math_pow                                    cstackBANK0  00028
?_ui_key_waite_up                               cstackBANK0  00020
DATAEE_ReadByte@bAdd                            cstackCOMMON 00073
DATAEE_WriteByte@GIEBitValue                    cstackCOMMON 00075
DATAEE_WriteByte@bAdd                           cstackCOMMON 00074
DATAEE_WriteByte@bData                          cstackCOMMON 00073
EUSART1_Receive_ISR@t8                          cstackCOMMON 00071
TMR0_SetInterruptHandler@InterruptHandler       cstackCOMMON 00073
TMR1_SetInterruptHandler@InterruptHandler       cstackCOMMON 00073
_ANSELA                                         (abs)        0018C
_ANSELAbits                                     (abs)        0018C
_ANSELE                                         (abs)        00190
_ANSELF                                         (abs)        0040C
_ANSELFbits                                     (abs)        0040C
_ANSELG                                         (abs)        0040D
_APFCON                                         (abs)        0011D
_BAUD1CON                                       (abs)        0019F
_DATAEE_ReadByte                                text109      02325
_DATAEE_WriteByte                               text107      0251A
_EEADRL                                         (abs)        00191
_EECON1bits                                     (abs)        00195
_EECON2                                         (abs)        00196
_EEDATL                                         (abs)        00193
_EUSART1_Initialize                             text79       0237E
_EUSART1_Receive_ISR                            text119      02612
_EUSART1_Transmit_ISR                           text118      00003
_Event                                          bssBANK0     0006F
_INTCONbits                                     (abs)        0000B
_INTERRUPT_InterruptManager                     intentry     00004
_KeyValue                                       bssCOMMON    0007A
_LATA                                           (abs)        0010C
_LATAbits                                       (abs)        0010C
_LATB                                           (abs)        0010D
_LATC                                           (abs)        0010E
_LATD                                           (abs)        0010F
_LATDbits                                       (abs)        0010F
_LATE                                           (abs)        00110
_LATF                                           (abs)        0038C
_LATFbits                                       (abs)        0038C
_LATG                                           (abs)        0038D
_LCDCON                                         (abs)        00791
_LCDCST                                         (abs)        00794
_LCDDATA0                                       (abs)        007A0
_LCDDigitalIndexTable                           stringtext   00292
_LCDDigitalTable                                stringtext   002BB
_LCDPSbits                                      (abs)        00792
_LCDREF                                         (abs)        00793
_LCDRL                                          (abs)        00795
_LCDSE0                                         (abs)        00798
_LCDSE1                                         (abs)        00799
_LCDSE2                                         (abs)        0079A
_LCDSE3                                         (abs)        0079B
_LCDSE4                                         (abs)        0079C
_LCDSE5                                         (abs)        0079D
_Main_flowCalibrationTable                      (abs)        02324
_OPTION_REG                                     (abs)        00095
_OPTION_REGbits                                 (abs)        00095
_OSCCON                                         (abs)        00099
_OSCILLATOR_Initialize                          text78       022DF
_OSCTUNE                                        (abs)        00098
_PIE1bits                                       (abs)        00091
_PIN_MANAGER_Initialize                         text77       01A58
_PIR1bits                                       (abs)        00011
_PORTAbits                                      (abs)        0000C
_PORTB                                          (abs)        0000D
_PORTBbits                                      (abs)        0000D
_PORTDbits                                      (abs)        0000F
_RC1REG                                         (abs)        00199
_RC1STA                                         (abs)        0019D
_RC1STAbits                                     (abs)        0019D
_SP1BRGH                                        (abs)        0019C
_SP1BRGL                                        (abs)        0019B
_SYSTEM_Initialize                              text70       023F0
_T1CON                                          (abs)        00018
_T1CONbits                                      (abs)        00018
_T1GCON                                         (abs)        00019
_TMR0                                           (abs)        00015
_TMR0_DefaultInterruptHandler                   (abs)        00000
_TMR0_ISR                                       text117      02637
_TMR0_Initialize                                text75       0243C
_TMR0_InterruptHandler                          nvBANK2      00155
_TMR0_SetInterruptHandler                       text76       022F4
_TMR1H                                          (abs)        00017
_TMR1L                                          (abs)        00016
_TMR1_DefaultInterruptHandler                   (abs)        00000
_TMR1_ISR                                       text116      02496
_TMR1_Initialize                                text72       02537
_TMR1_InterruptHandler                          nvBANK2      00157
_TMR1_SetInterruptHandler                       text74       022FA
_TMR1_StartTimer                                text73       022D8
_TRISA                                          (abs)        0008C
_TRISAbits                                      (abs)        0008C
_TRISB                                          (abs)        0008D
_TRISBbits                                      (abs)        0008D
_TRISC                                          (abs)        0008E
_TRISD                                          (abs)        0008F
_TRISDbits                                      (abs)        0008F
_TRISE                                          (abs)        00090
_TRISF                                          (abs)        0030C
_TRISFbits                                      (abs)        0030C
_TRISG                                          (abs)        0030D
_TX1REG                                         (abs)        0019A
_TX1STA                                         (abs)        0019E
_WDTCON                                         (abs)        00097
_WDT_Initialize                                 text71       022DB
_WPUB                                           (abs)        0020D
_WPUG                                           (abs)        0048D
__CFG_BOREN$ON                                  (abs)        00000
__CFG_BORV$LO                                   (abs)        00000
__CFG_CLKOUTEN$OFF                              (abs)        00000
__CFG_CP$OFF                                    (abs)        00000
__CFG_CPD$OFF                                   (abs)        00000
__CFG_FCMEN$ON                                  (abs)        00000
__CFG_FOSC$HS                                   (abs)        00000
__CFG_IESO$ON                                   (abs)        00000
__CFG_LVP$OFF                                   (abs)        00000
__CFG_MCLRE$ON                                  (abs)        00000
__CFG_PLLEN$OFF                                 (abs)        00000
__CFG_PWRTE$OFF                                 (abs)        00000
__CFG_STVREN$ON                                 (abs)        00000
__CFG_VCAPEN$OFF                                (abs)        00000
__CFG_WDTE$OFF                                  (abs)        00000
__CFG_WRT$OFF                                   (abs)        00000
__Habs1                                         abs1         00000
__Hbank0                                        bank0        00000
__Hbank1                                        bank1        00000
__Hbank10                                       bank10       00000
__Hbank11                                       bank11       00000
__Hbank12                                       bank12       00000
__Hbank13                                       bank13       00000
__Hbank14                                       bank14       00000
__Hbank15                                       bank15       00000
__Hbank16                                       bank16       00000
__Hbank17                                       bank17       00000
__Hbank18                                       bank18       00000
__Hbank19                                       bank19       00000
__Hbank2                                        bank2        00000
__Hbank20                                       bank20       00000
__Hbank21                                       bank21       00000
__Hbank22                                       bank22       00000
__Hbank23                                       bank23       00000
__Hbank24                                       bank24       00000
__Hbank25                                       bank25       00000
__Hbank26                                       bank26       00000
__Hbank27                                       bank27       00000
__Hbank28                                       bank28       00000
__Hbank29                                       bank29       00000
__Hbank3                                        bank3        00000
__Hbank30                                       bank30       00000
__Hbank31                                       bank31       00000
__Hbank4                                        bank4        00000
__Hbank5                                        bank5        00000
__Hbank6                                        bank6        00000
__Hbank7                                        bank7        00000
__Hbank8                                        bank8        00000
__Hbank9                                        bank9        00000
__Hbigram                                       bigram       00000
__HbssBANK0                                     bssBANK0     00000
__HbssBANK1                                     bssBANK1     00000
__HbssBANK2                                     bssBANK2     00000
__HbssBANK3                                     bssBANK3     00000
__HbssCOMMON                                    bssCOMMON    00000
__Hcinit                                        cinit        00092
__Hclrtext                                      clrtext      00000
__Hcode                                         code         00000
__Hcommon                                       common       00000
__Hconfig                                       config       08009
__HcstackBANK0                                  cstackBANK0  00000
__HcstackCOMMON                                 cstackCOMMON 00000
__HdataBANK1                                    dataBANK1    00000
__HdataBANK2                                    dataBANK2    00000
__Heeprom_data                                  eeprom_data  00000
__Hend_init                                     end_init     00039
__Hfunctab                                      functab      00000
__HidataBANK1                                   idataBANK1   00000
__HidataBANK2                                   idataBANK2   00000
__Hidloc                                        idloc        00000
__Hinit                                         init         00037
__Hinittext                                     inittext     00000
__Hintentry                                     intentry     00037
__Hmaintext                                     maintext     00000
__HnvBANK1                                      nvBANK1      00000
__HnvBANK2                                      nvBANK2      00000
__Hpowerup                                      powerup      00000
__Hram                                          ram          00000
__Hreset_vec                                    reset_vec    00002
__Hsfr0                                         sfr0         00000
__Hsfr1                                         sfr1         00000
__Hsfr10                                        sfr10        00000
__Hsfr11                                        sfr11        00000
__Hsfr12                                        sfr12        00000
__Hsfr13                                        sfr13        00000
__Hsfr14                                        sfr14        00000
__Hsfr15                                        sfr15        00000
__Hsfr16                                        sfr16        00000
__Hsfr17                                        sfr17        00000
__Hsfr18                                        sfr18        00000
__Hsfr19                                        sfr19        00000
__Hsfr2                                         sfr2         00000
__Hsfr20                                        sfr20        00000
__Hsfr21                                        sfr21        00000
__Hsfr22                                        sfr22        00000
__Hsfr23                                        sfr23        00000
__Hsfr24                                        sfr24        00000
__Hsfr25                                        sfr25        00000
__Hsfr26                                        sfr26        00000
__Hsfr27                                        sfr27        00000
__Hsfr28                                        sfr28        00000
__Hsfr29                                        sfr29        00000
__Hsfr3                                         sfr3         00000
__Hsfr30                                        sfr30        00000
__Hsfr31                                        sfr31        00000
__Hsfr4                                         sfr4         00000
__Hsfr5                                         sfr5         00000
__Hsfr6                                         sfr6         00000
__Hsfr7                                         sfr7         00000
__Hsfr8                                         sfr8         00000
__Hsfr9                                         sfr9         00000
__Hspace_0                                      (abs)        08009
__Hspace_1                                      (abs)        001C8
__Hspace_2                                      (abs)        00000
__Hspace_3                                      (abs)        00000
__Hstack                                        stack        00000
__Hstrings                                      strings      00000
__Hstringtext                                   stringtext   00000
__Htext                                         text         00000
__Labs1                                         abs1         00000
__Lbank0                                        bank0        00000
__Lbank1                                        bank1        00000
__Lbank10                                       bank10       00000
__Lbank11                                       bank11       00000
__Lbank12                                       bank12       00000
__Lbank13                                       bank13       00000
__Lbank14                                       bank14       00000
__Lbank15                                       bank15       00000
__Lbank16                                       bank16       00000
__Lbank17                                       bank17       00000
__Lbank18                                       bank18       00000
__Lbank19                                       bank19       00000
__Lbank2                                        bank2        00000
__Lbank20                                       bank20       00000
__Lbank21                                       bank21       00000
__Lbank22                                       bank22       00000
__Lbank23                                       bank23       00000
__Lbank24                                       bank24       00000
__Lbank25                                       bank25       00000
__Lbank26                                       bank26       00000
__Lbank27                                       bank27       00000
__Lbank28                                       bank28       00000
__Lbank29                                       bank29       00000
__Lbank3                                        bank3        00000
__Lbank30                                       bank30       00000
__Lbank31                                       bank31       00000
__Lbank4                                        bank4        00000
__Lbank5                                        bank5        00000
__Lbank6                                        bank6        00000
__Lbank7                                        bank7        00000
__Lbank8                                        bank8        00000
__Lbank9                                        bank9        00000
__Lbigram                                       bigram       00000
__LbssBANK0                                     bssBANK0     00000
__LbssBANK1                                     bssBANK1     00000
__LbssBANK2                                     bssBANK2     00000
__LbssBANK3                                     bssBANK3     00000
__LbssCOMMON                                    bssCOMMON    00000
__Lcinit                                        cinit        00039
__Lclrtext                                      clrtext      00000
__Lcode                                         code         00000
__Lcommon                                       common       00000
__Lconfig                                       config       08007
__LcstackBANK0                                  cstackBANK0  00000
__LcstackCOMMON                                 cstackCOMMON 00000
__LdataBANK1                                    dataBANK1    00000
__LdataBANK2                                    dataBANK2    00000
__Leeprom_data                                  eeprom_data  00000
__Lend_init                                     end_init     00037
__Lfunctab                                      functab      00000
__LidataBANK1                                   idataBANK1   00000
__LidataBANK2                                   idataBANK2   00000
__Lidloc                                        idloc        00000
__Linit                                         init         00037
__Linittext                                     inittext     00000
__Lintentry                                     intentry     00004
__Lmaintext                                     maintext     00000
__LnvBANK1                                      nvBANK1      00000
__LnvBANK2                                      nvBANK2      00000
__Lpowerup                                      powerup      00000
__Lram                                          ram          00000
__Lreset_vec                                    reset_vec    00000
__Lsfr0                                         sfr0         00000
__Lsfr1                                         sfr1         00000
__Lsfr10                                        sfr10        00000
__Lsfr11                                        sfr11        00000
__Lsfr12                                        sfr12        00000
__Lsfr13                                        sfr13        00000
__Lsfr14                                        sfr14        00000
__Lsfr15                                        sfr15        00000
__Lsfr16                                        sfr16        00000
__Lsfr17                                        sfr17        00000
__Lsfr18                                        sfr18        00000
__Lsfr19                                        sfr19        00000
__Lsfr2                                         sfr2         00000
__Lsfr20                                        sfr20        00000
__Lsfr21                                        sfr21        00000
__Lsfr22                                        sfr22        00000
__Lsfr23                                        sfr23        00000
__Lsfr24                                        sfr24        00000
__Lsfr25                                        sfr25        00000
__Lsfr26                                        sfr26        00000
__Lsfr27                                        sfr27        00000
__Lsfr28                                        sfr28        00000
__Lsfr29                                        sfr29        00000
__Lsfr3                                         sfr3         00000
__Lsfr30                                        sfr30        00000
__Lsfr31                                        sfr31        00000
__Lsfr4                                         sfr4         00000
__Lsfr5                                         sfr5         00000
__Lsfr6                                         sfr6         00000
__Lsfr7                                         sfr7         00000
__Lsfr8                                         sfr8         00000
__Lsfr9                                         sfr9         00000
__Lspace_0                                      (abs)        00000
__Lspace_1                                      (abs)        00000
__Lspace_2                                      (abs)        00000
__Lspace_3                                      (abs)        00000
__Lstack                                        stack        00000
__Lstrings                                      strings      00000
__Lstringtext                                   stringtext   00000
__Ltext                                         text         00000
__S0                                            (abs)        08009
__S1                                            (abs)        001C8
__S2                                            (abs)        00000
__S3                                            (abs)        00000
___aldiv                                        text25       012DA
___aldiv@counter                                cstackBANK0  00028
___aldiv@dividend                               cstackBANK0  00024
___aldiv@divisor                                cstackBANK0  00020
___aldiv@quotient                               cstackBANK0  0002A
___aldiv@sign                                   cstackBANK0  00029
___almod                                        text24       01080
___almod@counter                                cstackCOMMON 00074
___almod@dividend                               cstackBANK0  00024
___almod@divisor                                cstackBANK0  00020
___almod@sign                                   cstackCOMMON 00075
___awdiv                                        text44       01DDD
___awdiv@counter                                cstackBANK0  00020
___awdiv@dividend                               cstackCOMMON 00075
___awdiv@divisor                                cstackCOMMON 00073
___awdiv@quotient                               cstackBANK0  00022
___awdiv@sign                                   cstackBANK0  00021
___awmod                                        text13       01C6C
___awmod@counter                                cstackBANK0  00020
___awmod@dividend                               cstackCOMMON 00075
___awmod@divisor                                cstackCOMMON 00073
___awmod@sign                                   cstackBANK0  00021
___bmul                                         text43       02402
___bmul@multiplicand                            cstackBANK0  00024
___bmul@multiplier                              cstackBANK0  00027
___bmul@product                                 cstackBANK0  00026
___int_sp                                       stack        00000
___latbits                                      (abs)        00003
___lbmod                                        text42       025AE
___lbmod@counter                                cstackBANK0  00021
___lbmod@dividend                               cstackBANK0  00020
___lbmod@divisor                                cstackCOMMON 00073
___lbmod@rem                                    cstackBANK0  00022
___lldiv                                        text87       01E2F
___lldiv@counter                                cstackBANK0  0002C
___lldiv@dividend                               cstackBANK0  00024
___lldiv@divisor                                cstackBANK0  00020
___lldiv@quotient                               cstackBANK0  00028
___llmod                                        text82       01C29
___llmod@counter                                cstackCOMMON 00074
___llmod@dividend                               cstackBANK0  00024
___llmod@divisor                                cstackBANK0  00020
___lmul                                         text86       01996
___lmul@multiplicand                            cstackBANK0  00024
___lmul@multiplier                              cstackBANK0  00020
___lmul@product                                 cstackCOMMON 00073
___lwdiv                                        text18       01A8D
___lwdiv@counter                                cstackBANK0  00020
___lwdiv@dividend                               cstackCOMMON 00075
___lwdiv@divisor                                cstackCOMMON 00073
___lwdiv@quotient                               cstackBANK0  00021
___lwmod                                        text17       02777
___lwmod@counter                                cstackBANK0  00020
___lwmod@dividend                               cstackCOMMON 00075
___lwmod@divisor                                cstackCOMMON 00073
___sp                                           stack        00000
___t16                                          bssBANK0     0006A
___t32                                          bssBANK0     00064
___t8                                           bssBANK1     000B9
___wmul                                         text114      02571
___wmul@multiplicand                            cstackCOMMON 00075
___wmul@multiplier                              cstackCOMMON 00073
___wmul@product                                 cstackBANK0  00020
__end_of_DATAEE_ReadByte                        text109      02331
__end_of_DATAEE_WriteByte                       text107      02537
__end_of_EUSART1_Initialize                     text79       0238D
__end_of_EUSART1_Receive_ISR                    text119      02637
__end_of_EUSART1_Transmit_ISR                   text118      00004
__end_of_INTERRUPT_InterruptManager             intentry     00037
__end_of_LCDDigitalIndexTable                   stringtext   002BB
__end_of_LCDDigitalTable                        stringtext   002E3
__end_of_OSCILLATOR_Initialize                  text78       022E4
__end_of_PIN_MANAGER_Initialize                 text77       01A8D
__end_of_SYSTEM_Initialize                      text70       02402
__end_of_TMR0_ISR                               text117      0265C
__end_of_TMR0_Initialize                        text75       02452
__end_of_TMR0_SetInterruptHandler               text76       022FA
__end_of_TMR1_ISR                               text116      024AF
__end_of_TMR1_Initialize                        text72       02554
__end_of_TMR1_SetInterruptHandler               text74       02300
__end_of_TMR1_StartTimer                        text73       022DB
__end_of_WDT_Initialize                         text71       022DF
__end_of___aldiv                                text25       0135C
__end_of___almod                                text24       010EE
__end_of___awdiv                                text44       01E2F
__end_of___awmod                                text13       01CB2
__end_of___bmul                                 text43       02414
__end_of___lbmod                                text42       025CE
__end_of___lldiv                                text87       01E82
__end_of___llmod                                text82       01C6C
__end_of___lmul                                 text86       019C6
__end_of___lwdiv                                text18       01AC2
__end_of___lwmod                                text17       027A4
__end_of___wmul                                 text114      0258F
__end_of__initialization                        cinit        0008E
__end_of_adc_mcp3241_read_convert_16            text89       01B32
__end_of_adc_mcp3241_start_convert_16           text88       01996
__end_of_app_flow_adc_2_flow                    text85       005CE
__end_of_app_flow_get_adcAverageValue           text84       01000
__end_of_app_flow_lookup                        text83       016C3
__end_of_app_flow_rt_volume_cal_ex              text81       013E0
__end_of_auchCRCHi                              stringtext   00292
__end_of_auchCRCLo                              stringtext   00192
__end_of_crc_append                             text112      01A27
__end_of_crc_sum                                text113      01DDD
__end_of_crc_verify                             text110      01AF9
__end_of_data_api_calibration_table_data_init   text105      00DFC
__end_of_data_api_calibration_table_data_save   text104      0074E
__end_of_data_api_flash_process                 text101      024FE
__end_of_data_api_read_eeprom                   text108      025AE
__end_of_data_api_rt_data_save                  text102      0096B
__end_of_data_api_system_data_get               text103      02307
__end_of_data_api_system_data_init              text100      01D8D
__end_of_data_api_write_eeprom                  text106      025EF
__end_of_delay                                  text94       02370
__end_of_event_door_monitor                     text99       022F4
__end_of_event_power_monitor                    text98       0239D
__end_of_flow_sampling_process                  text80       01F9A
__end_of_getRegisterVal                         text63       00EFA
__end_of_get_globle_ticker                      text49       0237E
__end_of_hexTable                               stringtext   0030E
__end_of_iic_received_byte                      text97       026F4
__end_of_iic_received_byte_if_ack               text95       023AD
[...]
      Totals:         0      11       0       0       0       0       0       0       0       0       0       0       0
Total ram usage:       11 bytes
 Hardware stack levels used:    1
 Hardware stack levels required when called:    3
 This function calls:
		_crc_sum
 This function is called by:
		_modbus_response_illgeal_function
		_modbus_response_write_clib_data
		_modbus_response_read_clib_data
		_modbus_response_write_single_register
		_modbus_response_command
		_data_api_calibration_table_data_init
		_data_api_system_data_init
		_data_api_rt_data_save
		_data_api_calibration_table_data_save
 This function uses a non-reentrant model


 *************** function _crc_sum *****************
 Defined at:
		line 62 in file "src/protocol/crc16_sf.c"
 Parameters:    Size  Location     Type
  puchMsg         2    3[COMMON] PTR unsigned char 
		 -> comBuffer(256), Main_flowCalibrationTable(204), mainSystemData(22), uart1Buffer(80), 
  usDataLen       2    5[COMMON] unsigned int 
 Auto vars:     Size  Location     Type
  uIndex          2    7[BANK0 ] unsigned int 
  len             2    5[BANK0 ] unsigned int 
  uchCRCLo        1   10[BANK0 ] unsigned char 
  uchCRCHi        1    9[BANK0 ] unsigned char 
 Return value:  Size  Location     Type
                  2    3[COMMON] unsigned int 
 Registers used:
		wreg, fsr0l, fsr0h, fsr1l, fsr1h, status,2, status,0, pclath
 Tracked objects:
		On entry : 
		On exit  : 
		Unchanged: 
 Data sizes:     COMMON   BANK0   BANK1   BANK2   BANK3   BANK4   BANK5   BANK6   BANK7   BANK8  BANK10  BANK11  BANK12
      Params:         4       0       0       0       0       0       0       0       0       0       0       0       0
      Locals:         0       6       0       0       0       0       0       0       0       0       0       0       0
      Temps:          0       5       0       0       0       0       0       0       0       0       0       0       0
      Totals:         4      11       0       0       0       0       0       0       0       0       0       0       0
Total ram usage:       15 bytes
 Hardware stack levels used:    1
 Hardware stack levels required when called:    2
 This function calls:
		Nothing
 This function is called by:
		_crc_verify
		_crc_append
 This function uses a non-reentrant model


 *************** function ___wmul *****************
 Defined at:
		line 15 in file "C:\Program Files (x86)\Microchip\xc8\v1.41\sources\common\Umul16.c"
 Parameters:    Size  Location     Type
  multiplier      2    3[COMMON] unsigned int 
  multiplicand    2    5[COMMON] unsigned int 
 Auto vars:     Size  Location     Type
  product         2    0[BANK0 ] unsigned int 
 Return value:  Size  Location     Type
                  2    3[COMMON] unsigned int 
 Registers used:
		wreg, status,2, status,0
 Tracked objects:
		On entry : 
		On exit  : 
		Unchanged: 
 Data sizes:     COMMON   BANK0   BANK1   BANK2   BANK3   BANK4   BANK5   BANK6   BANK7   BANK8  BANK10  BANK11  BANK12
      Params:         4       0       0       0       0       0       0       0       0       0       0       0       0
      Locals:         0       2       0       0       0       0       0       0       0       0       0       0       0
      Temps:          0       0       0       0       0       0       0       0       0       0       0       0       0
      Totals:         4       2       0       0       0       0       0       0       0       0       0       0       0
Total ram usage:        6 bytes
 Hardware stack levels used:    1
 Hardware stack levels required when called:    2
 This function calls:
		Nothing
 This function is called by:
		_data_api_calibration_table_data_init
 This function uses a non-reentrant model


 *************** function _INTERRUPT_InterruptManager *****************
 Defined at:
		line 51 in file "mcc_generated_files/interrupt_manager.c"
 Parameters:    Size  Location     Type
		None
 Auto vars:     Size  Location     Type
		None
 Return value:  Size  Location     Type
                  1    wreg      void 
 Registers used:
		wreg, fsr1l, fsr1h, status,2, status,0, pclath, cstack
 Tracked objects:
		On entry : 
		On exit  : 
		Unchanged: 
 Data sizes:     COMMON   BANK0   BANK1   BANK2   BANK3   BANK4   BANK5   BANK6   BANK7   BANK8  BANK10  BANK11  BANK12
      Params:         0       0       0       0       0       0       0       0       0       0       0       0       0
      Locals:         0       0       0       0       0       0       0       0       0       0       0       0       0
      Temps:          1       0       0       0       0       0       0       0       0       0       0       0       0
      Totals:         1       0       0       0       0       0       0       0       0       0       0       0       0
Total ram usage:        1 bytes
 Hardware stack levels used:    1
 Hardware stack levels required when called:    1
 This function calls:
		_EUSART1_Receive_ISR
		_EUSART1_Transmit_ISR
		_TMR0_ISR
		_TMR1_ISR
 This function is called by:
		Interrupt level 1
 This function uses a non-reentrant model


 *************** function _TMR1_ISR *****************
 Defined at:
		line 156 in file "mcc_generated_files/tmr1.c"
 Parameters:    Size  Location     Type
		None
 Auto vars:     Size  Location     Type
		None
 Return value:  Size  Location     Type
                  1    wreg      void 
 Registers used:
		wreg, status,2, status,0
 Tracked objects:
		On entry : 
		On exit  : 
		Unchanged: 
 Data sizes:     COMMON   BANK0   BANK1   BANK2   BANK3   BANK4   BANK5   BANK6   BANK7   BANK8  BANK10  BANK11  BANK12
      Params:         0       0       0       0       0       0       0       0       0       0       0       0       0
      Locals:         0       0       0       0       0       0       0       0       0       0       0       0       0
      Temps:          1       0       0       0       0       0       0       0       0       0       0       0       0
      Totals:         1       0       0       0       0       0       0       0       0       0       0       0       0
Total ram usage:        1 bytes
 Hardware stack levels used:    1
 This function calls:
		Nothing
 This function is called by:
		_INTERRUPT_InterruptManager
 This function uses a non-reentrant model


 *************** function _TMR0_ISR *****************
 Defined at:
		line 110 in file "mcc_generated_files/tmr0.c"
 Parameters:    Size  Location     Type
		None
 Auto vars:     Size  Location     Type
		None
 Return value:  Size  Location     Type
                  1    wreg      void 
 Registers used:
		wreg, status,2, status,0
 Tracked objects:
		On entry : 
		On exit  : 
		Unchanged: 
 Data sizes:     COMMON   BANK0   BANK1   BANK2   BANK3   BANK4   BANK5   BANK6   BANK7   BANK8  BANK10  BANK11  BANK12
      Params:         0       0       0       0       0       0       0       0       0       0       0       0       0
      Locals:         0       0       0       0       0       0       0       0       0       0       0       0       0
      Temps:          0       0       0       0       0       0       0       0       0       0       0       0       0
      Totals:         0       0       0       0       0       0       0       0       0       0       0       0       0
Total ram usage:        0 bytes
 Hardware stack levels used:    1
 This function calls:
		Nothing
 This function is called by:
		_INTERRUPT_InterruptManager
 This function uses a non-reentrant model


 *************** function _EUSART1_Transmit_ISR *****************
 Defined at:
		line 49 in file "mcc_generated_files/eusart1.c"
 Parameters:    Size  Location     Type
		None
 Auto vars:     Size  Location     Type
		None
 Return value:  Size  Location     Type
                  1    wreg      void 
 Registers used:
		None
 Tracked objects:
		On entry : 
		On exit  : 
		Unchanged: 
 Data sizes:     COMMON   BANK0   BANK1   BANK2   BANK3   BANK4   BANK5   BANK6   BANK7   BANK8  BANK10  BANK11  BANK12
      Params:         0       0       0       0       0       0       0       0       0       0       0       0       0
      Locals:         0       0       0       0       0       0       0       0       0       0       0       0       0
      Temps:          0       0       0       0       0       0       0       0       0       0       0       0       0
      Totals:         0       0       0       0       0       0       0       0       0       0       0       0       0
Total ram usage:        0 bytes
 Hardware stack levels used:    1
 This function calls:
		Nothing
 This function is called by:
		_INTERRUPT_InterruptManager
 This function uses a non-reentrant model


 *************** function _EUSART1_Receive_ISR *****************
 Defined at:
		line 128 in file "mcc_generated_files/eusart1.c"
 Parameters:    Size  Location     Type
		None
 Auto vars:     Size  Location     Type
  t8              1    1[COMMON] unsigned char 
 Return value:  Size  Location     Type
                  1    wreg      void 
 Registers used:
		wreg, fsr1l, fsr1h, status,2, status,0
 Tracked objects:
		On entry : 
		On exit  : 
		Unchanged: 
 Data sizes:     COMMON   BANK0   BANK1   BANK2   BANK3   BANK4   BANK5   BANK6   BANK7   BANK8  BANK10  BANK11  BANK12
      Params:         0       0       0       0       0       0       0       0       0       0       0       0       0
      Locals:         1       0       0       0       0       0       0       0       0       0       0       0       0
      Temps:          1       0       0       0       0       0       0       0       0       0       0       0       0
      Totals:         2       0       0       0       0       0       0       0       0       0       0       0       0
Total ram usage:        2 bytes
 Hardware stack levels used:    1
 This function calls:
		Nothing
 This function is called by:
		_INTERRUPT_InterruptManager
 This function uses a non-reentrant model



MODULE INFORMATION

Module		Function		Class		Link	Load	Size
C:\Program Files (x86)\Microchip\xc8\v1.41\sources\common\lwdiv.c
		___lwdiv       		CODE           	1A8D	0000	54

C:\Program Files (x86)\Microchip\xc8\v1.41\sources\common\lwdiv.c estimated size: 54

C:\Program Files (x86)\Microchip\xc8\v1.41\sources\common\awdiv.c
		___awdiv       		CODE           	1DDD	0000	83

C:\Program Files (x86)\Microchip\xc8\v1.41\sources\common\awdiv.c estimated size: 83

C:\Program Files (x86)\Microchip\xc8\v1.41\sources\common\lbmod.c
		___lbmod       		CODE           	25AE	0000	33

C:\Program Files (x86)\Microchip\xc8\v1.41\sources\common\lbmod.c estimated size: 33

src/driver/i2c.c
		_iic_waite_ack 		CODE           	26F4	0000	42
		_iic_send_ack  		CODE           	24FE	0000	29
		_iic_send_byte 		CODE           	1936	0000	49
		_iic_start     		CODE           	2468	0000	24
		_iic_received_byte		CODE           	26CB	0000	42
		_iic_received_byte_if_ack		CODE           	239D	0000	17
		_iic_stop      		CODE           	2426	0000	23

src/driver/i2c.c estimated size: 226

C:\Program Files (x86)\Microchip\xc8\v1.41\sources\common\lldiv.c
		___lldiv       		CODE           	1E2F	0000	84

C:\Program Files (x86)\Microchip\xc8\v1.41\sources\common\lldiv.c estimated size: 84

C:\Program Files (x86)\Microchip\xc8\v1.41\sources\common\aldiv.c
		___aldiv       		CODE           	12DA	0000	131

C:\Program Files (x86)\Microchip\xc8\v1.41\sources\common\aldiv.c estimated size: 131

C:\Program Files (x86)\Microchip\xc8\v1.41\sources\common\Umul8.c
		___bmul        		CODE           	2402	0000	19

C:\Program Files (x86)\Microchip\xc8\v1.41\sources\common\Umul8.c estimated size: 19

src/depend/delay.c
		_delay         		CODE           	2362	0000	15

src/depend/delay.c estimated size: 15

C:\Program Files (x86)\Microchip\xc8\v1.41\sources\common\Umul16.c
		___wmul        		CODE           	2571	0000	31

C:\Program Files (x86)\Microchip\xc8\v1.41\sources\common\Umul16.c estimated size: 31

mcc_generated_files/interrupt_manager.c
		_INTERRUPT_InterruptManager		CODE           	0004	0000	52

mcc_generated_files/interrupt_manager.c estimated size: 52

src/driver/key.c
		_key_scan_call 		CODE           	265C	0000	38

src/driver/key.c estimated size: 38

src/app/appdata.c
		_data_api_system_data_init		CODE           	1D40	0000	78
		_data_api_write_eeprom		CODE           	25CE	0000	34
		_data_api_system_data_get		CODE           	2300	0000	8
		_data_api_calibration_table_data_init		CODE           	0D26	0000	215
		_data_api_read_eeprom		CODE           	258F	0000	32
		_data_api_calibration_table_data_save		CODE           	05CE	0000	385
		_data_api_flash_process		CODE           	24E3	0000	28
		_data_api_rt_data_save		CODE           	08C3	0000	169

src/app/appdata.c estimated size: 949

src/api/ui_key.c
		_ui_key_set_process		CODE           	096B	0000	176
		_ui_key_process_enter		CODE           	1761	0000	160
		_ui_key_process_up_down_main		CODE           	25EF	0000	36
		_key_process_up_down_variable_speed_ex		CODE           	0B8A	0000	205
		_ui_key_process_cancel		CODE           	13E0	0000	135
		_ui_key_process		CODE           	1E82	0000	89
		_ui_key_process_down		CODE           	1BE9	0000	65
		_ui_key_process_up_down		CODE           	1466	0000	150
		_ui_key_waite_up		CODE           	271D	0000	46

src/api/ui_key.c estimated size: 1062

mcc_generated_files/tmr0.c
		_TMR0_SetInterruptHandler		CODE           	22F4	0000	7
		_TMR0_ISR      		CODE           	2637	0000	38
		_TMR0_Initialize		CODE           	243C	0000	23

mcc_generated_files/tmr0.c estimated size: 68

src/app/flow.c
		_app_flow_lookup		CODE           	1629	0000	155
		_app_flow_adc_2_flow		CODE           	0349	0000	646
		_flow_sampling_process		CODE           	1F34	0000	103
		_app_flow_get_adcAverageValue		CODE           	0EFA	0000	263
		_app_flow_rt_volume_cal_ex		CODE           	135C	0000	133

src/app/flow.c estimated size: 1300

src/driver/timer.c
		_get_globle_ticker		CODE           	2370	0000	15
		_set_globle_ticker		CODE           	2310	0000	11
		_timer0_irq_callback		CODE           	0800	0000	35
		_timer1_irq_callback		CODE           	19C6	0000	49

src/driver/timer.c estimated size: 110

mcc_generated_files/pin_manager.c
		_PIN_MANAGER_Initialize		CODE           	1A58	0000	54

mcc_generated_files/pin_manager.c estimated size: 54

src/driver/adc-mcp3421.c
		_adc_mcp3241_read_convert_16		CODE           	1AF9	0000	58
		_adc_mcp3241_start_convert_16		CODE           	1966	0000	49

src/driver/adc-mcp3421.c estimated size: 107

C:\Program Files (x86)\Microchip\xc8\v1.41\sources\common\Umul32.c
		___lmul        		CODE           	1996	0000	49

C:\Program Files (x86)\Microchip\xc8\v1.41\sources\common\Umul32.c estimated size: 49

src/driver/lcd.c
		_lcd_disp_dp   		CODE           	1F9A	0000	103
		_lcd_disp_all  		CODE           	2554	0000	30
		_lcd_disp_str  		CODE           	1CF8	0000	73
		_lcd_disp_code 		CODE           	274A	0000	46
		_lcd_disp_refresh		CODE           	23BD	0000	18
		_lcd_clear_buffer		CODE           	2331	0000	13
		_lcd_disp_code_0		CODE           	27A4	0000	47
		_lcd_disp_code_1		CODE           	27D2	0000	47
		_lcd_disp_code_2		CODE           	1822	0000	47
		_lcd_disp_code_3		CODE           	1850	0000	47
		_lcd_disp_code_4		CODE           	187E	0000	47
		_lcd_disp_code_5		CODE           	18AC	0000	47
		_lcd_disp_code_6		CODE           	18DA	0000	47
		_lcd_disp_code_7		CODE           	1908	0000	47
		_lcd_set_com_seg		CODE           	11DF	0000	124
		_lcd_config    		CODE           	1800	0000	35
		_lcd_init      		CODE           	22E4	0000	6

src/driver/lcd.c estimated size: 824

src/protocol/crc16_sf.c
		_crc_sum       		CODE           	1D8D	0000	81
		_crc_append    		CODE           	19F6	0000	50
		_crc_verify    		CODE           	1AC2	0000	56

src/protocol/crc16_sf.c estimated size: 187

src/driver/other-gpio.c
		_other_gpio_port_init		CODE           	2355	0000	14

src/driver/other-gpio.c estimated size: 14

src/depend/m_string.c
		_m_mem_set     		CODE           	23AD	0000	17
		_m_mem_cpy_len 		CODE           	24C8	0000	28
		_m_math_pow    		CODE           	1BAA	0000	64

src/depend/m_string.c estimated size: 109

shared
		_LCDDigitalIndexTable		STRCODE        	0292	0000	42
		_LCDDigitalTable		STRCODE        	02BB	0000	41
		_hexTable      		STRCODE        	02FD	0000	18
		__initialization		CODE           	0039	0000	86
		_auchCRCHi     		STRCODE        	0192	0000	257
		_auchCRCLo     		STRCODE        	0092	0000	257
		_str           		STRCODE        	0000	0000	0

shared estimated size: 701

mcc_generated_files/eusart1.c
		_EUSART1_Initialize		CODE           	237E	0000	16
		_my_uart1_send_poll		CODE           	1A27	0000	50
		_EUSART1_Receive_ISR		CODE           	2612	0000	38
		_my_uart1_received_ready		CODE           	2307	0000	10
		_EUSART1_Transmit_ISR		CODE           	0003	0000	2

mcc_generated_files/eusart1.c estimated size: 116

C:\Program Files (x86)\Microchip\xc8\v1.41\sources\common\lwmod.c
		___lwmod       		CODE           	2777	0000	46

C:\Program Files (x86)\Microchip\xc8\v1.41\sources\common\lwmod.c estimated size: 46

C:\Program Files (x86)\Microchip\xc8\v1.41\sources\common\awmod.c
		___awmod       		CODE           	1C6C	0000	71

C:\Program Files (x86)\Microchip\xc8\v1.41\sources\common\awmod.c estimated size: 71

mcc_generated_files/mcc.c
		_WDT_Initialize		CODE           	22DB	0000	5
		_OSCILLATOR_Initialize		CODE           	22DF	0000	6
		_SYSTEM_Initialize		CODE           	23F0	0000	19

mcc_generated_files/mcc.c estimated size: 30

C:\Program Files (x86)\Microchip\xc8\v1.41\sources\common\llmod.c
		___llmod       		CODE           	1C29	0000	68

C:\Program Files (x86)\Microchip\xc8\v1.41\sources\common\llmod.c estimated size: 68

src/driver/led.c
		_led_port_init 		CODE           	24AF	0000	26

src/driver/led.c estimated size: 26

src/api/ui.c
		_ui_disp_menu  		CODE           	10EE	0000	119
		_ui_disp_flow  		CODE           	14FB	0000	151
		_ui_uint32_2_str		CODE           	1591	0000	153
		_ui_disp_set_line		CODE           	1CB2	0000	71
		_ui_disp_totale_v		CODE           	1015	0000	108
		_ui_disp_set_calib		CODE           	125A	0000	129
		_ui_disp_modbus_id		CODE           	23CE	0000	18
		_ui_head_hide  		CODE           	2681	0000	38
		_ui_disp_set_imd_flow_uint		CODE           	247F	0000	24
		_ui_disp_small_flow_how_care		CODE           	23DF	0000	18
		_ui_mem_cpy    		CODE           	26A6	0000	38
		_ui_start_display		CODE           	1B32	0000	58
		_ui_disp_str_num		CODE           	074E	0000	179
		_ui_disp_str_num_ex		CODE           	0ACC	0000	191
		_ui_disp_flow_error		CODE           	231A	0000	12
		_ui_disp_clear_totale		CODE           	2414	0000	19

src/api/ui.c estimated size: 1326

C:\Program Files (x86)\Microchip\xc8\v1.41\sources\common\almod.c
		___almod       		CODE           	1080	0000	111

C:\Program Files (x86)\Microchip\xc8\v1.41\sources\common\almod.c estimated size: 111

mcc_generated_files/tmr1.c
		_TMR1_Initialize		CODE           	2537	0000	30
		_TMR1_SetInterruptHandler		CODE           	22FA	0000	7
		_TMR1_StartTimer		CODE           	22D8	0000	4
		_TMR1_ISR      		CODE           	2496	0000	26

mcc_generated_files/tmr1.c estimated size: 67

src/api/modbus.c
		_modbus_response_command		CODE           	0A1A	0000	179
		_modbus_response_write_clib_data		CODE           	0822	0000	162
		_modbus_response_process		CODE           	1EDA	0000	91
		_modbus_response_read_clib_data		CODE           	0C56	0000	209
		_modbus_response_illgeal_function		CODE           	1B6B	0000	64
		_getRegisterVal		CODE           	0DFC	0000	255
		_modbus_response_write_single_register		CODE           	1164	0000	124

src/api/modbus.c estimated size: 1084

mcc_generated_files/memory.c
		_DATAEE_WriteByte		CODE           	251A	0000	30
		_DATAEE_ReadByte		CODE           	2325	0000	13

mcc_generated_files/memory.c estimated size: 43

main.c
		_main          		CODE           	16C3	0000	159
		_event_door_monitor		CODE           	22EE	0000	7
		_event_power_monitor		CODE           	238D	0000	17
		_m_system_init 		CODE           	1000	0000	22

main.c estimated size: 205

