Microchip MPLAB XC8 Compiler V1.37 ()

Linker command line:

-W-3 --edf=C:\Program Files\Microchip\xc8\v1.37\dat\en_msgs.txt -cs \
  -h+dist/default/production\software.X.production.sym \
  --cmf=dist/default/production\software.X.production.cmf -z -Q16F1947 \
  -oC:\Users\ADMINI~1\AppData\Local\Temp\s7v0.2 \
  -Mdist/default/production/software.X.production.map -E1 -ver=XC8 \
  -ASTACK=02180h-0227fh -pstack=STACK -p_mainSystemData_text=3F00h \
  -p_Main_flowCalibrationTable_text=3F80h -p_bkupSystemData_text=3E80h \
  -ACODE=00h-07FFhx8 -ASTRCODE=00h-03FFFh -ASTRING=00h-0FFhx64 \
  -ACONST=00h-0FFhx64 -AENTRY=00h-0FFhx64 -ACOMMON=070h-07Fh \
  -ABANK0=020h-06Fh -ABANK1=0A0h-0EFh -ABANK2=0120h-016Fh \
  -ABANK3=01A0h-01EFh -ABANK4=0220h-026Fh -ABANK5=02A0h-02EFh \
  -ABANK6=0320h-036Fh -ABANK7=03A0h-03EFh -ABANK8=0420h-046Fh \
  -ABANK9=04A0h-04EFh -ABANK10=0520h-056Fh -ABANK11=05A0h-05EFh \
  -ABANK12=0620h-064Fh -ABIGRAM=02000h-023EFh \
  -ARAM=020h-06Fh,0A0h-0EFh,0120h-016Fh,01A0h-01EFh,0220h-026Fh,02A0h-02EFh,0320h-036Fh,03A0h-03EFh,0420h-046Fh,04A0h-04EFh,0520h-056Fh,05A0h-05EFh,0620h-064Fh \
  -AABS1=020h-07Fh,0A0h-0EFh,0120h-016Fh,01A0h-01EFh,0220h-026Fh,02A0h-02EFh,0320h-036Fh,03A0h-03EFh,0420h-046Fh,04A0h-04EFh,0520h-056Fh,05A0h-05EFh,0620h-064Fh \
  -ASFR0=00h-01Fh -ASFR1=080h-09Fh -ASFR2=0100h-011Fh -ASFR3=0180h-019Fh \
  -ASFR4=0200h-021Fh -ASFR5=0280h-029Fh -ASFR6=0300h-031Fh \
  -ASFR7=0380h-039Fh -ASFR8=0400h-041Fh -ASFR9=0480h-049Fh \
  -ASFR10=0500h-051Fh -ASFR11=0580h-059Fh -ASFR12=0600h-061Fh \
  -ASFR13=0680h-06EFh -ASFR14=0700h-076Fh -ASFR15=0780h-07EFh \
  -ASFR16=0800h-086Fh -ASFR17=0880h-08EFh -ASFR18=0900h-096Fh \
  -ASFR19=0980h-09EFh -ASFR20=0A00h-0A6Fh -ASFR21=0A80h-0AEFh \
  -ASFR22=0B00h-0B6Fh -ASFR23=0B80h-0BEFh -ASFR24=0C00h-0C6Fh \
  -ASFR25=0C80h-0CEFh -ASFR26=0D00h-0D6Fh -ASFR27=0D80h-0DEFh \
  -ASFR28=0E00h-0E6Fh -ASFR29=0E80h-0EEFh -ASFR30=0F00h-0F6Fh \
  -ASFR31=0F80h-0FEFh -preset_vec=00h,intentry=04h,init,end_init \
  -ppowerup=CODE -pcinit=CODE -pfunctab=CODE -ACONFIG=08007h-08008h \
  -pconfig=CONFIG -DCONFIG=2 -AIDLOC=08000h-08003h -pidloc=IDLOC -DIDLOC=2 \
  -AEEDATA=00h-0FFh/0F000h -peeprom_data=EEDATA -DEEDATA=2 -DCODE=2 \
  -DSTRCODE=2 -DSTRING=2 -DCONST=2 -DENTRY=2 -k \
  C:\Users\ADMINI~1\AppData\Local\Temp\s7v0.obj \
  dist/default/production\software.X.production.obj 

Object code version is 3.11

Machine type is 16F1947



                Name                               Link     Load   Length Selector   Space Scale
C:\Users\ADMINI~1\AppData\Local\Temp\s7v0.obj
                end_init                             37       37        2        8       0
                reset_vec                             0        0        2        0       0
                config                             8007     8007        2    1000E       0
dist/default/production\software.X.production.obj
                intentry                              4        4       33        8       0
                text168                            3637     3637       24     6C6E       0
                text167                            2006     2006        3     400C       0
                text166                            35B1     35B1       11     6B62       0
                text165                            35C2     35C2       11     6B84       0
                text156                            35F9     35F9       1C     6BF2       0
                text154                            2ADA     2ADA       1A     55B4       0
                text152                            377E     377E       82     6EFC       0
                text131                            35D3     35D3       13     6BA6       0
                text126                             740      740       90        8       0
                text123                              39       39      3F6        8       0
                text122                            35E6     35E6       13     6BCC       0
                text105                            2B7B     2B7B       E7     56F6       0
                text93                              7F5      7F5        A        8       0
                text87                             1001     1001      7FF     2002       0
                text82                              42F      42F      311        8       0
                text76                             1808     1808      7F8     3010       0
                text65                              7D0      7D0       25        8       0
                swtext2                            3010     3010       10     6000       0
                swtext1                            3000     3000       10     6000       0
                text46                             2D54     2D54      104     5AA8       0
                text42                             3711     3711       6D     6E22       0
                text38                              801      801      7FF     1002       0
                text37                             36C8     36C8       49     6D90       0
                text35                             365B     365B       32     6CB6       0
                text34                             2AF4     2AF4       87     55E8       0
                text29                             2009     2009      7F7     4012       0
                text28                             2C62     2C62       F2     58C4       0
                text22                             3615     3615       22     6C2A       0
                text5                              2E58     2E58      1A8     5CB0       0
                text1                              368D     368D       3B     6D1A       0
                cstackBANK0                          20       20       50       20       1
                cstackCOMMON                         70       70        8       70       1
                cstackBANK1                          C8       C8       25       A0       1
                cstackBANK3                         1C7      1C7        2      1A0       1
                clrtext                            35A5     35A5        C     6B4A       0
                bssBANK4                            220      220       40      220       1
                dataBANK3                           1BC      1BC        6      1A0       1
                bssBANK3                            1A0      1A0       1C      1A0       1
                dataBANK2                           16D      16D        3      120       1
                bssBANK2                            120      120       4D      120       1
                dataBANK1                            EF       EF        1       A0       1
                bssBANK1                             A0       A0       28       A0       1
                bssCOMMON                            78       78        3       70       1
                nvBANK3                             1C2      1C2        5      1A0       1
                nvBANK1                              ED       ED        2       A0       1
                _mainSystemData_text               3F00     3F00       48     7E00       0
                _bkupSystemData_text               3E80     3E80       48     7D00       0
                _Main_flowCalibrationTable_tex     3F80     3F80       7C     7F00       0
                stringtext                         2800     2800      2D9     5000       0
                idataBANK3                         1802     1802        6     3004       0

TOTAL           Name                               Link     Load   Length     Space
        CLASS   STACK          

        CLASS   CODE           
                end_init                             37       37        2         0
                intentry                              4        4       33         0
                reset_vec                             0        0        2         0
                text168                            3637     3637       24         0
                text167                            2006     2006        3         0
                text166                            35B1     35B1       11         0
                text165                            35C2     35C2       11         0
                text156                            35F9     35F9       1C         0
                text154                            2ADA     2ADA       1A         0
                text152                            377E     377E       82         0
                text131                            35D3     35D3       13         0
                text126                             740      740       90         0
                text123                              39       39      3F6         0
                text122                            35E6     35E6       13         0
                text105                            2B7B     2B7B       E7         0
                text93                              7F5      7F5        A         0
                text87                             1001     1001      7FF         0
                text82                              42F      42F      311         0
                text76                             1808     1808      7F8         0
                text65                              7D0      7D0       25         0
                text46                             2D54     2D54      104         0
                text42                             3711     3711       6D         0
                text38                              801      801      7FF         0
                text37                             36C8     36C8       49         0
                text35                             365B     365B       32         0
                text34                             2AF4     2AF4       87         0
                text29                             2009     2009      7F7         0
                text28                             2C62     2C62       F2         0
                text22                             3615     3615       22         0
                text5                              2E58     2E58      1A8         0
                text1                              368D     368D       3B         0
                clrtext                            35A5     35A5        C         0
                _mainSystemData_text               3F00     3F00       48         0
                _bkupSystemData_text               3E80     3E80       48         0
                _Main_flowCalibrationTable_tex     3F80     3F80       7C         0
                idataBANK3                         1802     1802        6         0

        CLASS   STRCODE        
                stringtext                         2800     2800      2D9         0

        CLASS   STRING         

        CLASS   CONST          
                swtext2                            3010     3010       10         0
                swtext1                            3000     3000       10         0

        CLASS   ENTRY          

        CLASS   COMMON         
                cstackCOMMON                         70       70        8         1
                bssCOMMON                            78       78        3         1

        CLASS   BANK0          
                cstackBANK0                          20       20       50         1

        CLASS   BANK1          
                cstackBANK1                          C8       C8       25         1
                dataBANK1                            EF       EF        1         1
                bssBANK1                             A0       A0       28         1
                nvBANK1                              ED       ED        2         1

        CLASS   BANK2          
                dataBANK2                           16D      16D        3         1
                bssBANK2                            120      120       4D         1

        CLASS   BANK3          
                cstackBANK3                         1C7      1C7        2         1
                dataBANK3                           1BC      1BC        6         1
                bssBANK3                            1A0      1A0       1C         1
                nvBANK3                             1C2      1C2        5         1

        CLASS   BANK4          
                bssBANK4                            220      220       40         1

        CLASS   BANK5          

        CLASS   BANK6          

        CLASS   BANK7          

        CLASS   BANK8          

        CLASS   BANK9          

        CLASS   BANK10         

        CLASS   BANK11         

        CLASS   BANK12         

        CLASS   BIGRAM         

        CLASS   RAM            

        CLASS   ABS1           
                abs_s1                               7E       7E        2         1
                abs_s1                              420      420       48         1
                abs_s1                              4A0      4A0       50         1
                abs_s1                              5A0      5A0       50         1
                abs_s1                              620      620       30         1
                abs_s1                             2370     2370        0         1

        CLASS   SFR0           

        CLASS   SFR1           

        CLASS   SFR2           

        CLASS   SFR3           

        CLASS   SFR4           

        CLASS   SFR5           

        CLASS   SFR6           

        CLASS   SFR7           

        CLASS   SFR8           

        CLASS   SFR9           

        CLASS   SFR10          

        CLASS   SFR11          

        CLASS   SFR12          

        CLASS   SFR13          

        CLASS   SFR14          

        CLASS   SFR15          

        CLASS   SFR16          

        CLASS   SFR17          

        CLASS   SFR18          

        CLASS   SFR19          

        CLASS   SFR20          

        CLASS   SFR21          

        CLASS   SFR22          

        CLASS   SFR23          

        CLASS   SFR24          

        CLASS   SFR25          

        CLASS   SFR26          

        CLASS   SFR27          

        CLASS   SFR28          

        CLASS   SFR29          

        CLASS   SFR30          

        CLASS   SFR31          

        CLASS   CONFIG         
                config                             8007     8007        2         0

        CLASS   IDLOC          

        CLASS   EEDATA         

        CLASS   BANK31         

        CLASS   BANK30         

        CLASS   BANK29         

        CLASS   BANK28         

        CLASS   BANK27         

        CLASS   BANK26         

        CLASS   BANK25         

        CLASS   BANK24         

        CLASS   BANK23         

        CLASS   BANK22         

        CLASS   BANK21         

        CLASS   BANK20         

        CLASS   BANK19         

        CLASS   BANK18         

        CLASS   BANK17         

        CLASS   BANK16         

        CLASS   BANK15         

        CLASS   BANK14         

        CLASS   BANK13         



SEGMENTS        Name                           Load    Length   Top    Selector   Space  Class     Delta

                reset_vec                      000000  000002  000002         0       0  CODE        2
                intentry                       000004  0007FB  0007FF         8       0  CODE        2
                cstackBANK0                    000020  000050  000070        20       1  BANK0       1
                cstackCOMMON                   000070  00000B  00007B        70       1  COMMON      1
                bssBANK1                       0000A0  000050  0000F0        A0       1  BANK1       1
                bssBANK2                       000120  000050  000170       120       1  BANK2       1
                bssBANK3                       0001A0  000029  0001C9       1A0       1  BANK3       1
                bssBANK4                       000220  000040  000260       220       1  BANK4       1
                text38                         000801  0007FF  001000      1002       0  CODE        2
                text87                         001001  0007FF  001800      2002       0  CODE        2
                idataBANK3                     001802  000006  001808      3004       0  CODE        2
                text76                         001808  0007F8  002000      3010       0  CODE        2
                text167                        002006  000003  002009      400C       0  CODE        2
                text29                         002009  0007F7  002800      4012       0  CODE        2
                stringtext                     002800  0002D9  002AD9      5000       0  STRCODE     2
                text154                        002ADA  00001A  002AF4      55B4       0  CODE        2
                text34                         002AF4  000087  002B7B      55E8       0  CODE        2
                text105                        002B7B  0000E7  002C62      56F6       0  CODE        2
                text28                         002C62  0000F2  002D54      58C4       0  CODE        2
                text46                         002D54  000104  002E58      5AA8       0  CODE        2
                text5                          002E58  0001A8  003000      5CB0       0  CODE        2
                swtext1                        003000  000020  003020      6000       0  CONST       2
                clrtext                        0035A5  00000C  0035B1      6B4A       0  CODE        2
                text166                        0035B1  000011  0035C2      6B62       0  CODE        2
                text165                        0035C2  000011  0035D3      6B84       0  CODE        2
                text131                        0035D3  000013  0035E6      6BA6       0  CODE        2
                text122                        0035E6  000013  0035F9      6BCC       0  CODE        2
                text156                        0035F9  00001C  003615      6BF2       0  CODE        2
                text22                         003615  000022  003637      6C2A       0  CODE        2
                text168                        003637  000024  00365B      6C6E       0  CODE        2
                text35                         00365B  000032  00368D      6CB6       0  CODE        2
                text1                          00368D  00003B  0036C8      6D1A       0  CODE        2
                text37                         0036C8  000049  003711      6D90       0  CODE        2
                text42                         003711  00006D  00377E      6E22       0  CODE        2
                text152                        00377E  000082  003800      6EFC       0  CODE        2
                _bkupSystemData_text           003E80  000048  003EC8      7D00       0  CODE        2
                _mainSystemData_text           003F00  000048  003F48      7E00       0  CODE        2
                _Main_flowCalibrationTable_tex 003F80  00007C  003FFC      7F00       0  CODE        2
                config                         008007  000002  008009     1000E       0  CONFIG      2


UNUSED ADDRESS RANGES

        Name                Unused          Largest block    Delta
        BANK10           00520-0056F              50           1
        BANK3            001C9-001EF              27           1
        BANK4            00260-0026F              10           1
        BANK5            002A0-002EF              50           1
        BANK6            00320-0036F              50           1
        BANK7            003A0-003EF              50           1
        BANK8            00468-0046F               8           1
        BIGRAM           02000-023EF             3F0           1
        CODE             00002-00003               2           2
                         007FF-00800               1
                         01000-01000               1
                         01800-01801               2
                         02000-02005               6
                         02AD9-02AD9               1
                         03020-035A4             585
                         03800-03E7F             680
                         03EC8-03EFF              38
                         03F48-03F7F              38
                         03FFC-03FFF               4
        COMMON           0007B-0007D               3           1
        CONST            00002-00003               2           2
                         007FF-00800               1
                         01000-01000               1
                         01800-01801               2
                         02000-02005               6
                         02AD9-02AD9               1
                         03020-035A4             100
                         03800-03E7F             100
                         03EC8-03EFF              38
                         03F48-03F7F              38
                         03FFC-03FFF               4
        EEDATA           0F000-0F0FF             100           2
        ENTRY            00002-00003               2           2
                         007FF-00800               1
                         01000-01000               1
                         01800-01801               2
                         02000-02005               6
                         02AD9-02AD9               1
                         03020-035A4             100
                         03800-03E7F             100
                         03EC8-03EFF              38
                         03F48-03F7F              38
                         03FFC-03FFF               4
        IDLOC            08000-08003               4           2
        RAM              001C9-001EF              27           1
                         00260-0026F              10
                         002A0-002EF              50
                         00320-0036F              50
                         003A0-003EF              50
                         00468-0046F               8
                         00520-0056F              50
        SFR0             00000-0001F              20           1
        SFR1             00080-0009F              20           1
        SFR10            00500-0051F              20           1
        SFR11            00580-0059F              20           1
        SFR12            00600-0061F              20           1
        SFR13            00680-006EF              70           1
        SFR14            00700-0076F              70           1
        SFR15            00780-007EF              70           1
        SFR16            00800-0086F              70           1
        SFR17            00880-008EF              70           1
        SFR18            00900-0096F              70           1
        SFR19            00980-009EF              70           1
        SFR2             00100-0011F              20           1
        SFR20            00A00-00A6F              70           1
        SFR21            00A80-00AEF              70           1
        SFR22            00B00-00B6F              70           1
        SFR23            00B80-00BEF              70           1
        SFR24            00C00-00C6F              70           1
        SFR25            00C80-00CEF              70           1
        SFR26            00D00-00D6F              70           1
        SFR27            00D80-00DEF              70           1
        SFR28            00E00-00E6F              70           1
        SFR29            00E80-00EEF              70           1
        SFR3             00180-0019F              20           1
        SFR30            00F00-00F6F              70           1
        SFR31            00F80-00FEF              70           1
        SFR4             00200-0021F              20           1
        SFR5             00280-0029F              20           1
        SFR6             00300-0031F              20           1
        SFR7             00380-0039F              20           1
        SFR8             00400-0041F              20           1
        SFR9             00480-0049F              20           1
        STACK            02180-0227F             100           1
        STRCODE          00002-00003               2           2
                         007FF-00800               2
                         01000-01000               1
                         01800-01801               2
                         02000-02005               6
                         02AD9-02AD9               1
                         03020-035A4             585
                         03800-03E7F             680
                         03EC8-03EFF              38
                         03F48-03F7F              38
                         03FFC-03FFF               4
        STRING           00002-00003               2           2
                         007FF-00800               1
                         01000-01000               1
                         01800-01801               2
                         02000-02005               6
                         02AD9-02AD9               1
                         03020-035A4             100
                         03800-03E7F             100
                         03EC8-03EFF              38
                         03F48-03F7F              38
                         03FFC-03FFF               4

                                  Symbol Table

?_FLASH_ReadWord                                cstackCOMMON                    00073
?___aldiv                                       cstackBANK0                     00028
?___almod                                       cstackBANK0                     00020
?___awdiv                                       cstackCOMMON                    00073
?___awmod                                       cstackCOMMON                    00073
?___lldiv                                       cstackBANK0                     00020
?___lmul                                        cstackBANK0                     00020
?___lwdiv                                       cstackBANK0                     00022
?___lwmod                                       cstackCOMMON                    00073
?___wmul                                        cstackCOMMON                    00073
?_adc_mcp3241_read_convert_16                   cstackBANK0                     00022
?_app_flow_adc_2_flow                           cstackBANK0                     0002D
?_crc_sum                                       cstackCOMMON                    00073
?_get_globle_ticker                             cstackCOMMON                    00073
?_m_math_pow                                    cstackBANK0                     00028
?_ui_key_waite_up                               cstackBANK0                     00020
DATAEE_ReadByte@bAdd                            cstackCOMMON                    00073
DATAEE_WriteByte@GIEBitValue                    cstackCOMMON                    00075
DATAEE_WriteByte@bAdd                           cstackCOMMON                    00074
DATAEE_WriteByte@bData                          cstackCOMMON                    00073
EUSART1_Receive_ISR@t8                          cstackCOMMON                    00071
FLASH_EraseBlock@GIEBitValue                    cstackCOMMON                    00075
FLASH_EraseBlock@startAddr                      cstackCOMMON                    00073
FLASH_ReadWord@GIEBitValue                      cstackCOMMON                    00075
FLASH_ReadWord@flashAddr                        cstackCOMMON                    00073
FLASH_WriteBlock@GIEBitValue                    cstackBANK0                     00028
FLASH_WriteBlock@blockStartAddr                 cstackBANK0                     00026
FLASH_WriteBlock@flashWordArray                 cstackBANK0                     00022
FLASH_WriteBlock@i                              cstackBANK0                     00029
FLASH_WriteBlock@writeAddr                      cstackBANK0                     00020
TMR0_SetInterruptHandler@InterruptHandler       cstackCOMMON                    00073
TMR1_SetInterruptHandler@InterruptHandler       cstackCOMMON                    00073
_ANSELA                                         (abs)                           0018C
_ANSELAbits                                     (abs)                           0018C
_ANSELE                                         (abs)                           00190
_ANSELF                                         (abs)                           0040C
_ANSELFbits                                     (abs)                           0040C
_ANSELG                                         (abs)                           0040D
_APFCON                                         (abs)                           0011D
_BAUD1CON                                       (abs)                           0019F
_CardError                                      bssBANK2                        00128
_DATAEE_ReadByte                                text87                          0149F
_DATAEE_WriteByte                               text156                         035F9
_EEADRH                                         (abs)                           00192
_EEADRL                                         (abs)                           00191
_EECON1bits                                     (abs)                           00195
_EECON2                                         (abs)                           00196
_EEDATH                                         (abs)                           00194
_EEDATL                                         (abs)                           00193
_EUSART1_Initialize                             text105                         02C0F
_EUSART1_Receive_ISR                            text168                         03637
_EUSART1_Transmit_ISR                           text167                         02006
_Event                                          bssBANK1                        000B6
_FLASH_EraseBlock                               text152                         037E3
_FLASH_ReadWord                                 text154                         02ADA
_FLASH_WriteBlock                               text152                         0377E
_INTCONbits                                     (abs)                           0000B
_INTERRUPT_InterruptManager                     intentry                        00004
_KeyValue                                       bssBANK1                        000B7
_LATA                                           (abs)                           0010C
_LATAbits                                       (abs)                           0010C
_LATB                                           (abs)                           0010D
_LATBbits                                       (abs)                           0010D
_LATC                                           (abs)                           0010E
_LATCbits                                       (abs)                           0010E
_LATD                                           (abs)                           0010F
_LATDbits                                       (abs)                           0010F
_LATE                                           (abs)                           00110
_LATF                                           (abs)                           0038C
_LATFbits                                       (abs)                           0038C
_LATG                                           (abs)                           0038D
_LCDCON                                         (abs)                           00791
_LCDDATA0                                       (abs)                           007A0
_LCDDigitalIndexTable                           stringtext                      02A00
_LCDDigitalTable                                stringtext                      02A29
_LCDPSbits                                      (abs)                           00792
_LCDREF                                         (abs)                           00793
_LCDRL                                          (abs)                           00795
_LCDSE0                                         (abs)                           00798
_LCDSE1                                         (abs)                           00799
_LCDSE2                                         (abs)                           0079A
_LCDSE3                                         (abs)                           0079B
_LCDSE4                                         (abs)                           0079C
_LCDSE5                                         (abs)                           0079D
_Main_flowCalibrationTable                      _Main_flowCalibrationTable_text 03F80
_Main_flowCalibrationTable_absaddr              (abs)                           03F80
_OPTION_REG                                     (abs)                           00095
_OPTION_REGbits                                 (abs)                           00095
_OSCCON                                         (abs)                           00099
_OSCILLATOR_Initialize                          text105                         02B97
_OSCTUNE                                        (abs)                           00098
_PIE1bits                                       (abs)                           00091
_PIN_MANAGER_Initialize                         text105                         02B9C
_PIR1bits                                       (abs)                           00011
_PORTAbits                                      (abs)                           0000C
_PORTB                                          (abs)                           0000D
_PORTBbits                                      (abs)                           0000D
_PORTCbits                                      (abs)                           0000E
_PORTDbits                                      (abs)                           0000F
_PiccUid                                        bssBANK3                        001B0
_RC1REG                                         (abs)                           00199
_RC1STA                                         (abs)                           0019D
_RC1STAbits                                     (abs)                           0019D
_SP1BRGH                                        (abs)                           0019C
_SP1BRGL                                        (abs)                           0019B
_SYSTEM_Initialize                              text105                         02B8C
_T1CON                                          (abs)                           00018
_T1CONbits                                      (abs)                           00018
_T1GCON                                         (abs)                           00019
_T1GCONbits                                     (abs)                           00019
_TMR0                                           (abs)                           00015
_TMR0_DefaultInterruptHandler                   (abs)                           00000
_TMR0_ISR                                       text166                         035B1
_TMR0_Initialize                                text105                         02C1E
_TMR0_InterruptHandler                          nvBANK3                         001C2
_TMR0_SetInterruptHandler                       text105                         02C2E
_TMR1H                                          (abs)                           00017
_TMR1L                                          (abs)                           00016
_TMR1_DefaultInterruptHandler                   (abs)                           00000
_TMR1_ISR                                       text165                         035C2
_TMR1_Initialize                                text105                         02BCF
_TMR1_InterruptHandler                          nvBANK3                         001C4
_TMR1_SetInterruptHandler                       text105                         02C34
_TMR1_StartTimer                                text105                         02C3A
_TRISA                                          (abs)                           0008C
_TRISAbits                                      (abs)                           0008C
_TRISB                                          (abs)                           0008D
_TRISBbits                                      (abs)                           0008D
_TRISC                                          (abs)                           0008E
_TRISCbits                                      (abs)                           0008E
_TRISD                                          (abs)                           0008F
_TRISDbits                                      (abs)                           0008F
_TRISE                                          (abs)                           00090
_TRISF                                          (abs)                           0030C
_TRISFbits                                      (abs)                           0030C
_TRISG                                          (abs)                           0030D
_TX1REG                                         (abs)                           0019A
_TX1STA                                         (abs)                           0019E
_TablerxAlign                                   stringtext                      02A62
_WDTCON                                         (abs)                           00097
_WDT_Initialize                                 text105                         02BE8
_WPUB                                           (abs)                           0020D
_WPUG                                           (abs)                           0048D
__CFG_BOREN$ON                                  (abs)                           00000
__CFG_BORV$LO                                   (abs)                           00000
__CFG_CLKOUTEN$OFF                              (abs)                           00000
__CFG_CP$OFF                                    (abs)                           00000
__CFG_CPD$OFF                                   (abs)                           00000
__CFG_FCMEN$ON                                  (abs)                           00000
__CFG_FOSC$HS                                   (abs)                           00000
__CFG_IESO$ON                                   (abs)                           00000
__CFG_LVP$OFF                                   (abs)                           00000
__CFG_MCLRE$ON                                  (abs)                           00000
__CFG_PLLEN$OFF                                 (abs)                           00000
__CFG_PWRTE$OFF                                 (abs)                           00000
__CFG_STVREN$ON                                 (abs)                           00000
__CFG_VCAPEN$OFF                                (abs)                           00000
__CFG_WDTE$OFF                                  (abs)                           00000
__CFG_WRT$OFF                                   (abs)                           00000
__H_Main_flowCalibrationTable_text              _Main_flowCalibrationTable_text 03FFC
__H_bkupSystemData_text                         _bkupSystemData_text            03EC8
__H_mainSystemData_text                         _mainSystemData_text            03F48
__Habs1                                         abs1                            00000
__Hbank0                                        bank0                           00000
__Hbank1                                        bank1                           00000
__Hbank10                                       bank10                          00000
__Hbank11                                       bank11                          00000
__Hbank12                                       bank12                          00000
__Hbank13                                       bank13                          00000
__Hbank14                                       bank14                          00000
__Hbank15                                       bank15                          00000
__Hbank16                                       bank16                          00000
__Hbank17                                       bank17                          00000
__Hbank18                                       bank18                          00000
__Hbank19                                       bank19                          00000
__Hbank2                                        bank2                           00000
__Hbank20                                       bank20                          00000
__Hbank21                                       bank21                          00000
__Hbank22                                       bank22                          00000
__Hbank23                                       bank23                          00000
__Hbank24                                       bank24                          00000
__Hbank25                                       bank25                          00000
__Hbank26                                       bank26                          00000
__Hbank27                                       bank27                          00000
__Hbank28                                       bank28                          00000
__Hbank29                                       bank29                          00000
__Hbank3                                        bank3                           00000
__Hbank30                                       bank30                          00000
__Hbank31                                       bank31                          00000
__Hbank4                                        bank4                           00000
__Hbank5                                        bank5                           00000
__Hbank6                                        bank6                           00000
__Hbank7                                        bank7                           00000
__Hbank8                                        bank8                           00000
__Hbank9                                        bank9                           00000
__Hbigram                                       bigram                          00000
__HbssBANK1                                     bssBANK1                        00000
__HbssBANK2                                     bssBANK2                        00000
__HbssBANK3                                     bssBANK3                        00000
__HbssBANK4                                     bssBANK4                        00000
__HbssCOMMON                                    bssCOMMON                       00000
__Hcinit                                        cinit                           00000
__Hclrtext                                      clrtext                         00000
__Hcode                                         code                            00000
__Hcommon                                       common                          00000
__Hconfig                                       config                          08009
__HcstackBANK0                                  cstackBANK0                     00000
__HcstackBANK1                                  cstackBANK1                     00000
__HcstackBANK3                                  cstackBANK3                     00000
__HcstackCOMMON                                 cstackCOMMON                    00000
__HdataBANK1                                    dataBANK1                       00000
__HdataBANK2                                    dataBANK2                       00000
__HdataBANK3                                    dataBANK3                       00000
__Heeprom_data                                  eeprom_data                     00000
__Hend_init                                     end_init                        00039
__Hfunctab                                      functab                         00000
__HidataBANK1                                   idataBANK1                      00000
__HidataBANK2                                   idataBANK2                      00000
__HidataBANK3                                   idataBANK3                      00000
__Hidloc                                        idloc                           00000
__Hinit                                         init                            00037
__Hintentry                                     intentry                        00037
__Hmaintext                                     maintext                        00000
__HnvBANK1                                      nvBANK1                         00000
__HnvBANK3                                      nvBANK3                         00000
__Hpowerup                                      powerup                         00000
__Hram                                          ram                             00000
__Hreset_vec                                    reset_vec                       00002
__Hsfr0                                         sfr0                            00000
__Hsfr1                                         sfr1                            00000
__Hsfr10                                        sfr10                           00000
__Hsfr11                                        sfr11                           00000
__Hsfr12                                        sfr12                           00000
__Hsfr13                                        sfr13                           00000
__Hsfr14                                        sfr14                           00000
__Hsfr15                                        sfr15                           00000
__Hsfr16                                        sfr16                           00000
__Hsfr17                                        sfr17                           00000
__Hsfr18                                        sfr18                           00000
__Hsfr19                                        sfr19                           00000
__Hsfr2                                         sfr2                            00000
__Hsfr20                                        sfr20                           00000
__Hsfr21                                        sfr21                           00000
__Hsfr22                                        sfr22                           00000
__Hsfr23                                        sfr23                           00000
__Hsfr24                                        sfr24                           00000
__Hsfr25                                        sfr25                           00000
__Hsfr26                                        sfr26                           00000
__Hsfr27                                        sfr27                           00000
__Hsfr28                                        sfr28                           00000
__Hsfr29                                        sfr29                           00000
__Hsfr3                                         sfr3                            00000
__Hsfr30                                        sfr30                           00000
__Hsfr31                                        sfr31                           00000
__Hsfr4                                         sfr4                            00000
__Hsfr5                                         sfr5                            00000
__Hsfr6                                         sfr6                            00000
__Hsfr7                                         sfr7                            00000
__Hsfr8                                         sfr8                            00000
__Hsfr9                                         sfr9                            00000
__Hspace_0                                      (abs)                           08009
__Hspace_1                                      (abs)                           00260
__Hspace_2                                      (abs)                           00000
__Hspace_3                                      (abs)                           00000
__Hstack                                        stack                           00000
__Hstrings                                      strings                         00000
__Hstringtext                                   stringtext                      00000
__Htext                                         text                            00000
__L_Main_flowCalibrationTable_text              _Main_flowCalibrationTable_text 03F80
__L_bkupSystemData_text                         _bkupSystemData_text            03E80
__L_mainSystemData_text                         _mainSystemData_text            03F00
__Labs1                                         abs1                            00000
__Lbank0                                        bank0                           00000
__Lbank1                                        bank1                           00000
__Lbank10                                       bank10                          00000
__Lbank11                                       bank11                          00000
__Lbank12                                       bank12                          00000
__Lbank13                                       bank13                          00000
__Lbank14                                       bank14                          00000
__Lbank15                                       bank15                          00000
__Lbank16                                       bank16                          00000
__Lbank17                                       bank17                          00000
__Lbank18                                       bank18                          00000
__Lbank19                                       bank19                          00000
__Lbank2                                        bank2                           00000
__Lbank20                                       bank20                          00000
__Lbank21                                       bank21                          00000
__Lbank22                                       bank22                          00000
__Lbank23                                       bank23                          00000
__Lbank24                                       bank24                          00000
__Lbank25                                       bank25                          00000
__Lbank26                                       bank26                          00000
__Lbank27                                       bank27                          00000
__Lbank28                                       bank28                          00000
__Lbank29                                       bank29                          00000
__Lbank3                                        bank3                           00000
__Lbank30                                       bank30                          00000
__Lbank31                                       bank31                          00000
__Lbank4                                        bank4                           00000
__Lbank5                                        bank5                           00000
__Lbank6                                        bank6                           00000
__Lbank7                                        bank7                           00000
__Lbank8                                        bank8                           00000
__Lbank9                                        bank9                           00000
__Lbigram                                       bigram                          00000
__LbssBANK1                                     bssBANK1                        00000
__LbssBANK2                                     bssBANK2                        00000
__LbssBANK3                                     bssBANK3                        00000
__LbssBANK4                                     bssBANK4                        00000
__LbssCOMMON                                    bssCOMMON                       00000
__Lcinit                                        cinit                           00000
__Lclrtext                                      clrtext                         00000
__Lcode                                         code                            00000
__Lcommon                                       common                          00000
__Lconfig                                       config                          08007
__LcstackBANK0                                  cstackBANK0                     00000
__LcstackBANK1                                  cstackBANK1                     00000
__LcstackBANK3                                  cstackBANK3                     00000
__LcstackCOMMON                                 cstackCOMMON                    00000
__LdataBANK1                                    dataBANK1                       00000
__LdataBANK2                                    dataBANK2                       00000
__LdataBANK3                                    dataBANK3                       00000
__Leeprom_data                                  eeprom_data                     00000
__Lend_init                                     end_init                        00037
__Lfunctab                                      functab                         00000
__LidataBANK1                                   idataBANK1                      00000
__LidataBANK2                                   idataBANK2                      00000
__LidataBANK3                                   idataBANK3                      00000
__Lidloc                                        idloc                           00000
__Linit                                         init                            00037
__Lintentry                                     intentry                        00004
__Lmaintext                                     maintext                        00000
__LnvBANK1                                      nvBANK1                         00000
__LnvBANK3                                      nvBANK3                         00000
__Lpowerup                                      powerup                         00000
__Lram                                          ram                             00000
__Lreset_vec                                    reset_vec                       00000
__Lsfr0                                         sfr0                            00000
__Lsfr1                                         sfr1                            00000
__Lsfr10                                        sfr10                           00000
__Lsfr11                                        sfr11                           00000
__Lsfr12                                        sfr12                           00000
__Lsfr13                                        sfr13                           00000
__Lsfr14                                        sfr14                           00000
__Lsfr15                                        sfr15                           00000
__Lsfr16                                        sfr16                           00000
__Lsfr17                                        sfr17                           00000
__Lsfr18                                        sfr18                           00000
__Lsfr19                                        sfr19                           00000
__Lsfr2                                         sfr2                            00000
__Lsfr20                                        sfr20                           00000
__Lsfr21                                        sfr21                           00000
__Lsfr22                                        sfr22                           00000
__Lsfr23                                        sfr23                           00000
__Lsfr24                                        sfr24                           00000
__Lsfr25                                        sfr25                           00000
__Lsfr26                                        sfr26                           00000
__Lsfr27                                        sfr27                           00000
__Lsfr28                                        sfr28                           00000
__Lsfr29                                        sfr29                           00000
__Lsfr3                                         sfr3                            00000
__Lsfr30                                        sfr30                           00000
__Lsfr31                                        sfr31                           00000
__Lsfr4                                         sfr4                            00000
__Lsfr5                                         sfr5                            00000
__Lsfr6                                         sfr6                            00000
__Lsfr7                                         sfr7                            00000
__Lsfr8                                         sfr8                            00000
__Lsfr9                                         sfr9                            00000
__Lspace_0                                      (abs)                           00000
__Lspace_1                                      (abs)                           00000
__Lspace_2                                      (abs)                           00000
__Lspace_3                                      (abs)                           00000
__Lstack                                        stack                           00000
__Lstrings                                      strings                         00000
__Lstringtext                                   stringtext                      00000
__Ltext                                         text                            00000
__S0                                            (abs)                           08009
__S1                                            (abs)                           00260
__S2                                            (abs)                           00000
__S3                                            (abs)                           00000
___aldiv                                        text38                          00AE0
___aldiv@counter                                cstackBANK0                     00030
___aldiv@dividend                               cstackBANK0                     0002C
___aldiv@divisor                                cstackBANK0                     00028
___aldiv@quotient                               cstackBANK0                     00032
___aldiv@sign                                   cstackBANK0                     00031
___almod                                        text42                          03711
___almod@counter                                cstackCOMMON                    00074
___almod@dividend                               cstackBANK0                     00024
___almod@divisor                                cstackBANK0                     00020
___almod@sign                                   cstackCOMMON                    00075
___awdiv                                        text38                          00EB4
___awdiv@counter                                cstackBANK0                     00020
___awdiv@dividend                               cstackCOMMON                    00075
___awdiv@divisor                                cstackCOMMON                    00073
___awdiv@quotient                               cstackBANK0                     00022
___awdiv@sign                                   cstackBANK0                     00021
___awmod                                        text29                          0274E
___awmod@counter                                cstackBANK0                     00020
___awmod@dividend                               cstackCOMMON                    00075
___awmod@divisor                                cstackCOMMON                    00073
___awmod@sign                                   cstackBANK0                     00021
___bmul                                         text38                          00F04
___bmul@multiplicand                            cstackBANK0                     00024
___bmul@multiplier                              cstackBANK0                     00027
___bmul@product                                 cstackBANK0                     00026
___int_sp                                       stack                           00000
___latbits                                      (abs)                           00003
___lbmod                                        text29                          02730
___lbmod@counter                                cstackBANK0                     00021
___lbmod@dividend                               cstackBANK0                     00020
___lbmod@divisor                                cstackCOMMON                    00073
___lbmod@rem                                    cstackBANK0                     00022
___lldiv                                        text29                          0262C
___lldiv@counter                                cstackBANK0                     0002C
___lldiv@dividend                               cstackBANK0                     00024
___lldiv@divisor                                cstackBANK0                     00020
___lldiv@quotient                               cstackBANK0                     00028
___lmul                                         text38                          00FD3
___lmul@multiplicand                            cstackBANK0                     00024
___lmul@multiplier                              cstackBANK0                     00020
___lmul@product                                 cstackCOMMON                    00073
___lwdiv                                        text76                          01F70
___lwdiv@counter                                cstackBANK0                     00028
___lwdiv@dividend                               cstackBANK0                     00024
___lwdiv@divisor                                cstackBANK0                     00022
___lwdiv@quotient                               cstackBANK0                     00026
___lwmod                                        text76                          01F44
___lwmod@counter                                cstackBANK0                     00020
___lwmod@dividend                               cstackCOMMON                    00075
___lwmod@divisor                                cstackCOMMON                    00073
___q15                                          bssBANK1                        000A8
___q31                                          bssBANK1                        000BE
___sp                                           stack                           00000
___t16                                          bssCOMMON                       00079
___t32                                          bssBANK1                        000A0
___t8                                           bssBANK1                        000C6
___wmul                                         text87                          013EE
___wmul@multiplicand                            cstackCOMMON                    00075
___wmul@multiplier                              cstackCOMMON                    00073
___wmul@product                                 cstackBANK0                     00020
__end_of_DATAEE_ReadByte                        text87                          014AA
__end_of_DATAEE_WriteByte                       text156                         03615
__end_of_EUSART1_Initialize                     text105                         02C1E
__end_of_EUSART1_Receive_ISR                    text168                         0365B
__end_of_EUSART1_Transmit_ISR                   text167                         02009
__end_of_FLASH_EraseBlock                       text152                         03800
__end_of_FLASH_ReadWord                         text154                         02AF4
__end_of_FLASH_WriteBlock                       text152                         037E3
__end_of_INTERRUPT_InterruptManager             intentry                        00037
__end_of_LCDDigitalIndexTable                   stringtext                      02A29
__end_of_LCDDigitalTable                        stringtext                      02A51
__end_of_Main_flowCalibrationTable              _Main_flowCalibrationTable_text 03FFC
__end_of_OSCILLATOR_Initialize                  text105                         02B9C
__end_of_PIN_MANAGER_Initialize                 text105                         02BCF
__end_of_SYSTEM_Initialize                      text105                         02B97
__end_of_TMR0_ISR                               text166                         035C2
__end_of_TMR0_Initialize                        text105                         02C2E
__end_of_TMR0_SetInterruptHandler               text105                         02C34
__end_of_TMR1_ISR                               text165                         035D3
__end_of_TMR1_Initialize                        text105                         02BE8
__end_of_TMR1_SetInterruptHandler               text105                         02C3A
__end_of_TMR1_StartTimer                        text105                         02C3D
__end_of_TablerxAlign                           stringtext                      02A6A
__end_of_WDT_Initialize                         text105                         02BEC
__end_of___aldiv                                text38                          00B5C
__end_of___almod                                text42                          0377E
__end_of___awdiv                                text38                          00F04
__end_of___awmod                                text29                          02793
__end_of___bmul                                 text38                          00F15
__end_of___lbmod                                text29                          0274E
__end_of___lldiv                                text29                          0267A
__end_of___lmul                                 text38                          01000
__end_of___lwdiv                                text76                          01FA4
__end_of___lwmod                                text76                          01F70
__end_of___wmul                                 text87                          0140C
__end_of__initialization                        text87                          01242
__end_of_adc_mcp3241_read_convert_16            text123                         000AA
__end_of_adc_mcp3241_start_convert_16           text123                         000DF
__end_of_app_flow_adc_2_flow                    text123                         0034C
__end_of_app_flow_lookup                        text123                         003D0
__end_of_app_flow_money_off                     text123                         003FD
__end_of_app_flow_money_warning                 text123                         00429
__end_of_app_flow_rt_balance_money_cal          text126                         007D0
__end_of_app_flow_rt_volume_cal                 text29                          0246B
__end_of_auchCRCHi                              stringtext                      02900
__end_of_auchCRCLo                              stringtext                      02A00
__end_of_bkupSystemData                         _bkupSystemData_text            03EC8
__end_of_crc_append                             text87                          01485
__end_of_crc_sum                                text87                          01455
__end_of_crc_verify                             text87                          013EE
__end_of_create_card_key_b                      text65                          007F5
__end_of_data_api_calibration_table_data_init   text87                          013BD
__end_of_data_api_calibration_table_data_save   text87                          0117B
__end_of_data_api_flash_process                 text87                          017A9
__end_of_data_api_read_eeprom                   text87                          0149F
__end_of_data_api_rt_data_save                  text87                          010A0
__end_of_data_api_system_data_get               text87                          017FA
__end_of_data_api_system_data_init              text87                          011ED
__end_of_data_api_write_eeprom                  text87                          014C6
__end_of_defaultKeyA                            stringtext                      02A70
__end_of_delay                                  text76                          01A27
__end_of_flow_sampling_process                  text123                         00079
__end_of_get_globle_ticker                      text29                          02210
__end_of_hexTable                               stringtext                      02A62
__end_of_iic_received_byte                      text123                         0014A
__end_of_iic_received_byte_if_ack               text123                         000B7
__end_of_iic_send_ack                           text123                         0017B
__end_of_iic_send_byte                          text123                         0010C
__end_of_iic_start                              text123                         00122
__end_of_iic_stop                               text123                         0015F
__end_of_iic_waite_ack                          text123                         001A0
__end_of_in_app_vavle_off                       text123                         0042F
__end_of_in_app_vavle_on                        text87                          01800
__end_of_key_process_up_down_variable_speed_ex  text29                          021DF
__end_of_key_scan_call                          text29                          02202
__end_of_lcd_clear_buffer                       text76                          01FBD
__end_of_lcd_config                             text105                         02C62
__end_of_lcd_disp_all                           text76                          01A42
__end_of_lcd_disp_cln                           text38                          00F9C
__end_of_lcd_disp_code                          text46                          02D70
__end_of_lcd_disp_code_0                        text46                          02D8D
__end_of_lcd_disp_code_1                        text46                          02DAA
__end_of_lcd_disp_code_2                        text46                          02DC7
__end_of_lcd_disp_code_3                        text46                          02DE4
__end_of_lcd_disp_code_4                        text46                          02E01
__end_of_lcd_disp_code_5                        text46                          02E1E
__end_of_lcd_disp_code_6                        text46                          02E3B
__end_of_lcd_disp_code_7                        text46                          02E58
__end_of_lcd_disp_dp                            text29                          026C4
__end_of_lcd_disp_refresh                       text76                          01EAC
__end_of_lcd_disp_str                           text76                          02000
__end_of_lcd_init                               text105                         02C41
__end_of_lcd_set_com_seg                        text29                          02730
__end_of_led_port_init                          text105                         02C05
__end_of_m_flash_copy                           text87                          01532
__end_of_m_flash_erase                          text87                          0154C
__end_of_m_math_pow                             text38                          00FD3
__end_of_m_mem_cpy_len                          text87                          01793
__end_of_m_mem_set                              text76                          01FB4
__end_of_m_system_init                          text105                         02B8C
__end_of_m_system_start_self_test               text76                          01A19
__end_of_main                                   text87                          012D7
__end_of_mainSystemData                         _mainSystemData_text            03F48
__end_of_mfapi_is_new_card_present              text38                          00BB3
__end_of_mfapi_pcd_init                         text93                          007FF
__end_of_mfrc522_bal_clr_bit_reg                text76                          01E56
__end_of_mfrc522_bal_read_fifo_len_ex           text76                          01E9D
__end_of_mfrc522_bal_read_reg                   text76                          01DCF
__end_of_mfrc522_bal_set_bit_reg                text76                          01E00
__end_of_mfrc522_bal_write_read_via_spi         text76                          01DF0
__end_of_mfrc522_bal_write_reg                  text76                          019C6
__end_of_mfrc522_bal_write_reg_len              text76                          01E23
__end_of_mfrc522_hal_antenna_on                 text76                          01A53
__end_of_mfrc522_hal_calculate_crc              text76                          01DB9
__end_of_mfrc522_hal_get_antenna_gain           text76                          01E62
__end_of_mfrc522_hal_init                       text76                          019B7
__end_of_mfrc522_hal_reset_sf                   text76                          01E31
__end_of_mfrc522_hal_set_antenna_gain           text76                          01E46
__end_of_mifare_read                            text87                          017F1
__end_of_mifare_write                           text76                          01CEF
__end_of_modbus_response_illgeal_function       text82                          00687
__end_of_modbus_response_process                text82                          00489
__end_of_modbus_response_read_flash_data        text82                          006FC
__end_of_modbus_response_read_status_register   text82                          0062A
__end_of_modbus_response_write_flash_clib       text82                          0050C
__end_of_modbus_response_write_flash_sys        text82                          00592
__end_of_modbus_response_write_status_register  text82                          00740
__end_of_my_uart1_received_ready                text87                          012E0
__end_of_my_uart1_send_poll                     text82                          00651
__end_of_other_gpio_port_init                   text105                         02C0F
__end_of_pcd_comm_with_picc                     text76                          0191B
__end_of_pcd_mifare_transceive                  text76                          01D5A
__end_of_picc_authenticate                      text76                          01CB4
__end_of_picc_halt_a                            text38                          00B8C
__end_of_picc_req_a_or_wakeup_a                 text38                          00BF6
__end_of_picc_select                            text38                          00EB4
__end_of_picc_stop_cryptol                      text38                          00F1B
__end_of_rfid_comm_process                      text38                          008B9
__end_of_rfid_comm_process_read_dec             text38                          00F51
__end_of_rfid_comm_process_read_header          text87                          01778
__end_of_rfid_comm_process_read_inc             text38                          00F87
__end_of_rfid_comm_process_recharge             text76                          01C5B
__end_of_set_globle_ticker                      text29                          0221A
__end_of_timer0_irq_callback                    text37                          03711
__end_of_timer1_irq_callback                    text35                          03689
__end_of_ui_disp_balance_and_volume             text38                          00A1E
__end_of_ui_disp_clear_balance                  text29                          022AC
__end_of_ui_disp_clear_card_id                  text29                          022CB
__end_of_ui_disp_clear_totale                   text29                          022DC
__end_of_ui_disp_flow                           text29                          024BD
__end_of_ui_disp_hello                          text1                           036C8
__end_of_ui_disp_menu                           text29                          02299
__end_of_ui_disp_modbus_id                      text29                          022EE
__end_of_ui_disp_recharge                       text29                          022F5
__end_of_ui_disp_set_balanceOff                 text29                          0232A
__end_of_ui_disp_set_balanceWarning             text29                          0235F
__end_of_ui_disp_set_calib                      text29                          02590
__end_of_ui_disp_set_line                       text29                          0262C
__end_of_ui_disp_set_line_reset                 text29                          02371
__end_of_ui_disp_set_price                      text29                          0238C
__end_of_ui_disp_set_transferMoneyLimit         text29                          023A2
__end_of_ui_disp_small_flow_how_care            text29                          023B4
__end_of_ui_disp_str_dly                        text76                          01953
__end_of_ui_disp_str_num_s                      text76                          01F44
__end_of_ui_disp_totale_v                       text29                          02522
__end_of_ui_head_hide                           text38                          00A36
__end_of_ui_key_process                         text29                          02087
__end_of_ui_key_process_cancel                  text34                          02B7B
__end_of_ui_key_process_down                    text29                          027E5
__end_of_ui_key_process_enter                   text28                          02D54
__end_of_ui_key_process_up_down                 text29                          0211B
__end_of_ui_key_process_up_down_main            text29                          02800
__end_of_ui_key_set_process                     text5                           03000
__end_of_ui_key_waite_up                        text29                          02035
__end_of_ui_mem_cpy                             text22                          03637
__end_of_ui_start_display                       text1                           03698
__end_of_ui_uint32_2_str                        text38                          00AE0
__end_of_valve_off                              text131                         035E6
__end_of_valve_on                               text122                         035F9
__end_of_valve_stop                             text35                          0368D
__initialization                                text87                          011ED
__p_Main_flowCalibrationTable_text              _Main_flowCalibrationTable_text 03F80
__p_bkupSystemData_text                         _bkupSystemData_text            03E80
__p_mainSystemData_text                         _mainSystemData_text            03F00
__pbssBANK1                                     bssBANK1                        000A0
__pbssBANK2                                     bssBANK2                        00120
__pbssBANK3                                     bssBANK3                        001A0
__pbssBANK4                                     bssBANK4                        00220
__pbssBIGRAM                                    (abs)                           02370
[...]
      Locals:         0       2       0       0       0       0       0       0       0       0       0       0       0
      Temps:          0       0       0       0       0       0       0       0       0       0       0       0       0
      Totals:         4       2       0       0       0       0       0       0       0       0       0       0       0
Total ram usage:        6 bytes
 Hardware stack levels used:    1
 Hardware stack levels required when called:    2
 This function calls:
		Nothing
 This function is called by:
		_ui_key_set_process
		_data_api_calibration_table_data_init
		_app_flow_adc_2_flow
 This function uses a non-reentrant model


 *************** function _INTERRUPT_InterruptManager *****************
 Defined at:
		line 51 in file "mcc_generated_files/interrupt_manager.c"
 Parameters:    Size  Location     Type
		None
 Auto vars:     Size  Location     Type
		None
 Return value:  Size  Location     Type
                  1    wreg      void 
 Registers used:
		wreg, fsr1l, fsr1h, status,2, status,0, pclath, cstack
 Tracked objects:
		On entry : 
		On exit  : 
		Unchanged: 
 Data sizes:     COMMON   BANK0   BANK1   BANK2   BANK3   BANK4   BANK5   BANK6   BANK7   BANK8  BANK10  BANK11  BANK12
      Params:         0       0       0       0       0       0       0       0       0       0       0       0       0
      Locals:         0       0       0       0       0       0       0       0       0       0       0       0       0
      Temps:          1       0       0       0       0       0       0       0       0       0       0       0       0
      Totals:         1       0       0       0       0       0       0       0       0       0       0       0       0
Total ram usage:        1 bytes
 Hardware stack levels used:    1
 Hardware stack levels required when called:    1
 This function calls:
		_EUSART1_Receive_ISR
		_EUSART1_Transmit_ISR
		_TMR0_ISR
		_TMR1_ISR
 This function is called by:
		Interrupt level 1
 This function uses a non-reentrant model


 *************** function _TMR1_ISR *****************
 Defined at:
		line 156 in file "mcc_generated_files/tmr1.c"
 Parameters:    Size  Location     Type
		None
 Auto vars:     Size  Location     Type
		None
 Return value:  Size  Location     Type
                  1    wreg      void 
 Registers used:
		wreg, status,2, status,0
 Tracked objects:
		On entry : 
		On exit  : 
		Unchanged: 
 Data sizes:     COMMON   BANK0   BANK1   BANK2   BANK3   BANK4   BANK5   BANK6   BANK7   BANK8  BANK10  BANK11  BANK12
      Params:         0       0       0       0       0       0       0       0       0       0       0       0       0
      Locals:         0       0       0       0       0       0       0       0       0       0       0       0       0
      Temps:          1       0       0       0       0       0       0       0       0       0       0       0       0
      Totals:         1       0       0       0       0       0       0       0       0       0       0       0       0
Total ram usage:        1 bytes
 Hardware stack levels used:    1
 This function calls:
		Nothing
 This function is called by:
		_INTERRUPT_InterruptManager
 This function uses a non-reentrant model


 *************** function _TMR0_ISR *****************
 Defined at:
		line 109 in file "mcc_generated_files/tmr0.c"
 Parameters:    Size  Location     Type
		None
 Auto vars:     Size  Location     Type
		None
 Return value:  Size  Location     Type
                  1    wreg      void 
 Registers used:
		wreg
 Tracked objects:
		On entry : 
		On exit  : 
		Unchanged: 
 Data sizes:     COMMON   BANK0   BANK1   BANK2   BANK3   BANK4   BANK5   BANK6   BANK7   BANK8  BANK10  BANK11  BANK12
      Params:         0       0       0       0       0       0       0       0       0       0       0       0       0
      Locals:         0       0       0       0       0       0       0       0       0       0       0       0       0
      Temps:          0       0       0       0       0       0       0       0       0       0       0       0       0
      Totals:         0       0       0       0       0       0       0       0       0       0       0       0       0
Total ram usage:        0 bytes
 Hardware stack levels used:    1
 This function calls:
		Nothing
 This function is called by:
		_INTERRUPT_InterruptManager
 This function uses a non-reentrant model


 *************** function _EUSART1_Transmit_ISR *****************
 Defined at:
		line 165 in file "mcc_generated_files/eusart1.c"
 Parameters:    Size  Location     Type
		None
 Auto vars:     Size  Location     Type
		None
 Return value:  Size  Location     Type
                  1    wreg      void 
 Registers used:
		None
 Tracked objects:
		On entry : 
		On exit  : 
		Unchanged: 
 Data sizes:     COMMON   BANK0   BANK1   BANK2   BANK3   BANK4   BANK5   BANK6   BANK7   BANK8  BANK10  BANK11  BANK12
      Params:         0       0       0       0       0       0       0       0       0       0       0       0       0
      Locals:         0       0       0       0       0       0       0       0       0       0       0       0       0
      Temps:          0       0       0       0       0       0       0       0       0       0       0       0       0
      Totals:         0       0       0       0       0       0       0       0       0       0       0       0       0
Total ram usage:        0 bytes
 Hardware stack levels used:    1
 This function calls:
		Nothing
 This function is called by:
		_INTERRUPT_InterruptManager
 This function uses a non-reentrant model


 *************** function _EUSART1_Receive_ISR *****************
 Defined at:
		line 232 in file "mcc_generated_files/eusart1.c"
 Parameters:    Size  Location     Type
		None
 Auto vars:     Size  Location     Type
  t8              1    1[COMMON] unsigned char 
 Return value:  Size  Location     Type
                  1    wreg      void 
 Registers used:
		wreg, fsr1l, fsr1h, status,2, status,0
 Tracked objects:
		On entry : 
		On exit  : 
		Unchanged: 
 Data sizes:     COMMON   BANK0   BANK1   BANK2   BANK3   BANK4   BANK5   BANK6   BANK7   BANK8  BANK10  BANK11  BANK12
      Params:         0       0       0       0       0       0       0       0       0       0       0       0       0
      Locals:         1       0       0       0       0       0       0       0       0       0       0       0       0
      Temps:          1       0       0       0       0       0       0       0       0       0       0       0       0
      Totals:         2       0       0       0       0       0       0       0       0       0       0       0       0
Total ram usage:        2 bytes
 Hardware stack levels used:    1
 This function calls:
		Nothing
 This function is called by:
		_INTERRUPT_InterruptManager
 This function uses a non-reentrant model



MODULE INFORMATION

Module		Function		Class		Link	Load	Size
src/nfc/pal/mfrc522_mifare.c
		_pcd_mifare_transceive		CODE           	1CEF	0000	108
		_mifare_read   		CODE           	17A9	0000	73
		_mifare_write  		CODE           	1CB4	0000	60

src/nfc/pal/mfrc522_mifare.c estimated size: 241

src/driver/i2c.c
		_iic_waite_ack 		CODE           	017B	0000	38
		_iic_send_ack  		CODE           	015F	0000	29
		_iic_send_byte 		CODE           	00DF	0000	46
		_iic_start     		CODE           	010C	0000	23
		_iic_received_byte		CODE           	0122	0000	41
		_iic_received_byte_if_ack		CODE           	00AA	0000	14
		_iic_stop      		CODE           	014A	0000	22

src/driver/i2c.c estimated size: 213

C:\Program Files\Microchip\xc8\v1.37\sources\common\lwdiv.c
		___lwdiv       		CODE           	1F70	0000	53

C:\Program Files\Microchip\xc8\v1.37\sources\common\lwdiv.c estimated size: 53

C:\Program Files\Microchip\xc8\v1.37\sources\common\awdiv.c
		___awdiv       		CODE           	0EB4	0000	81

C:\Program Files\Microchip\xc8\v1.37\sources\common\awdiv.c estimated size: 81

src/nfc/bal/mfrc522_bal.c
		_mfrc522_bal_write_reg_len		CODE           	1E00	0000	36
		_mfrc522_bal_write_reg		CODE           	19B7	0000	16
		_mfrc522_bal_write_read_via_spi		CODE           	1DCF	0000	34
		_mfrc522_bal_read_fifo_len_ex		CODE           	1E62	0000	60
		_mfrc522_bal_read_reg		CODE           	1DB9	0000	23
		_mfrc522_bal_clr_bit_reg		CODE           	1E46	0000	17
		_mfrc522_bal_set_bit_reg		CODE           	1DF0	0000	17

src/nfc/bal/mfrc522_bal.c estimated size: 203

C:\Program Files\Microchip\xc8\v1.37\sources\common\Umul32.c
		___lmul        		CODE           	0FD3	0000	46

C:\Program Files\Microchip\xc8\v1.37\sources\common\Umul32.c estimated size: 46

C:\Program Files\Microchip\xc8\v1.37\sources\common\lbmod.c
		___lbmod       		CODE           	2730	0000	31

C:\Program Files\Microchip\xc8\v1.37\sources\common\lbmod.c estimated size: 31

C:\Program Files\Microchip\xc8\v1.37\sources\common\lldiv.c
		___lldiv       		CODE           	262C	0000	79

C:\Program Files\Microchip\xc8\v1.37\sources\common\lldiv.c estimated size: 79

C:\Program Files\Microchip\xc8\v1.37\sources\common\aldiv.c
		___aldiv       		CODE           	0AE0	0000	125

C:\Program Files\Microchip\xc8\v1.37\sources\common\aldiv.c estimated size: 125

src/depend/delay.c
		_delay         		CODE           	1A19	0000	15

src/depend/delay.c estimated size: 15

C:\Program Files\Microchip\xc8\v1.37\sources\common\Umul8.c
		___bmul        		CODE           	0F04	0000	18

C:\Program Files\Microchip\xc8\v1.37\sources\common\Umul8.c estimated size: 18

mcc_generated_files/interrupt_manager.c
		_INTERRUPT_InterruptManager		CODE           	0004	0000	52

mcc_generated_files/interrupt_manager.c estimated size: 52

src/driver/key.c
		_key_scan_call 		CODE           	21DF	0000	36

src/driver/key.c estimated size: 36

src/app/appdata.c
		_data_api_system_data_init		CODE           	117B	0000	115
		_data_api_write_eeprom		CODE           	14AA	0000	29
		_data_api_system_data_get		CODE           	17F1	0000	10
		_data_api_calibration_table_data_init		CODE           	12E0	0000	222
		_data_api_read_eeprom		CODE           	1485	0000	27
		_data_api_calibration_table_data_save		CODE           	10A0	0000	220
		_data_api_flash_process		CODE           	1793	0000	23
		_data_api_rt_data_save		CODE           	1001	0000	160
		_m_flash_copy  		CODE           	14C6	0000	109
		_m_flash_erase 		CODE           	1532	0000	27

src/app/appdata.c estimated size: 942

src/api/ui_key.c
		_ui_key_set_process		CODE           	2E58	0000	425
		_ui_key_process_enter		CODE           	2C62	0000	243
		_ui_key_process_up_down_main		CODE           	27E5	0000	28
		_key_process_up_down_variable_speed_ex		CODE           	211B	0000	197
		_ui_key_process_cancel		CODE           	2AF4	0000	136
		_ui_key_process		CODE           	2035	0000	83
		_ui_key_process_down		CODE           	2793	0000	83
		_ui_key_process_up_down		CODE           	2087	0000	149
		_ui_key_waite_up		CODE           	2009	0000	45

src/api/ui_key.c estimated size: 1389

mcc_generated_files/tmr0.c
		_TMR0_SetInterruptHandler		CODE           	2C2E	0000	7
		_TMR0_ISR      		CODE           	35B1	0000	18
		_TMR0_Initialize		CODE           	2C1E	0000	17

mcc_generated_files/tmr0.c estimated size: 42

src/app/flow.c
		_app_flow_money_off		CODE           	03D0	0000	46
		_app_flow_lookup		CODE           	034C	0000	133
		_app_flow_rt_balance_money_cal		CODE           	0740	0000	145
		_app_flow_adc_2_flow		CODE           	01A0	0000	429
		_in_app_vavle_off		CODE           	0429	0000	7
		_app_flow_money_warning		CODE           	03FD	0000	45
		_app_flow_rt_volume_cal		CODE           	23B4	0000	184
		_flow_sampling_process		CODE           	0039	0000	65
		_in_app_vavle_on		CODE           	17FA	0000	7

src/app/flow.c estimated size: 1061

src/nfc/pal/mfrc522_picc.c
		_picc_req_a_or_wakeup_a		CODE           	0BB3	0000	68
		_picc_halt_a   		CODE           	0B5C	0000	49
		_picc_stop_cryptol		CODE           	0F15	0000	7
		_pcd_comm_with_picc		CODE           	1808	0000	276
		_picc_select   		CODE           	0BF6	0000	703
		_picc_authenticate		CODE           	1C5B	0000	90

src/nfc/pal/mfrc522_picc.c estimated size: 1193

src/driver/timer.c
		_get_globle_ticker		CODE           	2202	0000	15
		_set_globle_ticker		CODE           	2210	0000	11
		_timer0_irq_callback		CODE           	36C8	0000	74
		_timer1_irq_callback		CODE           	365B	0000	47

src/driver/timer.c estimated size: 147

mcc_generated_files/pin_manager.c
		_PIN_MANAGER_Initialize		CODE           	2B9C	0000	52

mcc_generated_files/pin_manager.c estimated size: 52

src/driver/adc-mcp3421.c
		_adc_mcp3241_read_convert_16		CODE           	0079	0000	50
		_adc_mcp3241_start_convert_16		CODE           	00B7	0000	41

src/driver/adc-mcp3421.c estimated size: 91

src/nfc/apl/mfrc522_apl.c
		_mfapi_pcd_init		CODE           	07F5	0000	11
		_mfapi_is_new_card_present		CODE           	0B8C	0000	40

src/nfc/apl/mfrc522_apl.c estimated size: 51

src/driver/lcd.c
		_lcd_disp_dp   		CODE           	267A	0000	75
		_lcd_disp_all  		CODE           	1A27	0000	28
		_lcd_disp_cln  		CODE           	0F87	0000	22
		_lcd_disp_str  		CODE           	1FBD	0000	68
		_lcd_disp_code 		CODE           	2D54	0000	29
		_lcd_disp_refresh		CODE           	1E9D	0000	16
		_lcd_clear_buffer		CODE           	1FB4	0000	10
		_lcd_disp_code_0		CODE           	2D70	0000	30
		_lcd_disp_code_1		CODE           	2D8D	0000	30
		_lcd_disp_code_2		CODE           	2DAA	0000	30
		_lcd_disp_code_3		CODE           	2DC7	0000	30
		_lcd_disp_code_4		CODE           	2DE4	0000	30
		_lcd_disp_code_5		CODE           	2E01	0000	30
		_lcd_disp_code_6		CODE           	2E1E	0000	30
		_lcd_disp_code_7		CODE           	2E3B	0000	30
		_lcd_set_com_seg		CODE           	26C4	0000	109
		_lcd_config    		CODE           	2C41	0000	34
		_lcd_init      		CODE           	2C3D	0000	5

src/driver/lcd.c estimated size: 636

src/protocol/crc16_sf.c
		_crc_sum       		CODE           	140C	0000	74
		_crc_append    		CODE           	1455	0000	49
		_crc_verify    		CODE           	13BD	0000	50

src/protocol/crc16_sf.c estimated size: 173

src/driver/other-gpio.c
		_other_gpio_port_init		CODE           	2C05	0000	11
		_valve_stop    		CODE           	3689	0000	5
		_valve_on      		CODE           	35E6	0000	20
		_valve_off     		CODE           	35D3	0000	20

src/driver/other-gpio.c estimated size: 56

src/depend/m_string.c
		_m_mem_set     		CODE           	1FA4	0000	17
		_m_mem_cpy_len 		CODE           	1778	0000	28
		_m_math_pow    		CODE           	0F9C	0000	56

src/depend/m_string.c estimated size: 101

shared
		_defaultKeyA   		STRCODE        	2A6A	0000	7
		_LCDDigitalIndexTable		STRCODE        	2A00	0000	42
		_bkupSystemData		CODE           	3E80	0000	73
		_LCDDigitalTable		STRCODE        	2A29	0000	41
		_hexTable      		STRCODE        	2A51	0000	18
		__initialization		CODE           	11ED	0000	86
		_mainSystemData		CODE           	3F00	0000	73
		_auchCRCHi     		STRCODE        	2800	0000	257
		_auchCRCLo     		STRCODE        	2900	0000	257
		_Main_flowCalibrationTable		CODE           	3F80	0000	125
		_TablerxAlign  		STRCODE        	2A62	0000	9

shared estimated size: 988

mcc_generated_files/eusart1.c
		_EUSART1_Initialize		CODE           	2C0F	0000	16
		_my_uart1_send_poll		CODE           	062A	0000	40
		_EUSART1_Receive_ISR		CODE           	3637	0000	37
		_my_uart1_received_ready		CODE           	12D7	0000	10
		_EUSART1_Transmit_ISR		CODE           	2006	0000	4

mcc_generated_files/eusart1.c estimated size: 107

mcc_generated_files/mcc.c
		_WDT_Initialize		CODE           	2BE8	0000	5
		_OSCILLATOR_Initialize		CODE           	2B97	0000	6
		_SYSTEM_Initialize		CODE           	2B8C	0000	12

mcc_generated_files/mcc.c estimated size: 23

src/driver/led.c
		_led_port_init 		CODE           	2BEC	0000	26

src/driver/led.c estimated size: 26

C:\Program Files\Microchip\xc8\v1.37\sources\common\lwmod.c
		___lwmod       		CODE           	1F44	0000	45

C:\Program Files\Microchip\xc8\v1.37\sources\common\lwmod.c estimated size: 45

src/api/ui.c
		_ui_disp_menu  		CODE           	221A	0000	128
		_ui_disp_flow  		CODE           	246B	0000	83
		_ui_uint32_2_str		CODE           	0A36	0000	171
		_ui_disp_set_line_reset		CODE           	235F	0000	19
		_ui_disp_recharge		CODE           	22EE	0000	8
		_ui_disp_set_line		CODE           	2590	0000	157
		_ui_disp_set_transferMoneyLimit		CODE           	238C	0000	23
		_ui_disp_hello 		CODE           	3698	0000	49
		_ui_disp_set_balanceOff		CODE           	22F5	0000	54
		_ui_disp_totale_v		CODE           	24BD	0000	102
		_ui_disp_set_calib		CODE           	2522	0000	111
		_ui_disp_modbus_id		CODE           	22DC	0000	19
		_ui_disp_set_price		CODE           	2371	0000	28
		_ui_head_hide  		CODE           	0A1E	0000	25
		_ui_disp_small_flow_how_care		CODE           	23A2	0000	19
		_ui_disp_str_num_s		CODE           	1EAC	0000	153
		_ui_mem_cpy    		CODE           	3615	0000	35
		_ui_start_display		CODE           	368D	0000	12
		_ui_disp_str_dly		CODE           	191B	0000	57
		_ui_disp_balance_and_volume		CODE           	08B9	0000	358
		_ui_disp_clear_card_id		CODE           	22AC	0000	32
		_ui_disp_set_balanceWarning		CODE           	232A	0000	54
		_ui_disp_clear_totale		CODE           	22CB	0000	18
		_ui_disp_clear_balance		CODE           	2299	0000	20

src/api/ui.c estimated size: 1735

C:\Program Files\Microchip\xc8\v1.37\sources\common\awmod.c
		___awmod       		CODE           	274E	0000	70

C:\Program Files\Microchip\xc8\v1.37\sources\common\awmod.c estimated size: 70

mcc_generated_files/tmr1.c
		_TMR1_Initialize		CODE           	2BCF	0000	26
		_TMR1_SetInterruptHandler		CODE           	2C34	0000	7
		_TMR1_StartTimer		CODE           	2C3A	0000	4
		_TMR1_ISR      		CODE           	35C2	0000	18

mcc_generated_files/tmr1.c estimated size: 55

src/app/rfid_demo.c
		_create_card_key_b		CODE           	07D0	0000	38
		_rfid_comm_process		CODE           	0801	0000	185
		_rfid_comm_process_read_dec		CODE           	0F1B	0000	55
		_rfid_comm_process_read_inc		CODE           	0F51	0000	55
		_rfid_comm_process_recharge		CODE           	1A53	0000	521
		_rfid_comm_process_read_header		CODE           	154C	0000	557

src/app/rfid_demo.c estimated size: 1411

src/api/modbus.c
		_modbus_response_write_flash_clib		CODE           	0489	0000	132
		_modbus_response_read_status_register		CODE           	0592	0000	153
		_modbus_response_process		CODE           	042F	0000	91
		_modbus_response_write_flash_sys		CODE           	050C	0000	135
		_modbus_response_illgeal_function		CODE           	0651	0000	55
		_modbus_response_write_status_register		CODE           	06FC	0000	69
		_modbus_response_read_flash_data		CODE           	0687	0000	118

src/api/modbus.c estimated size: 753

C:\Program Files\Microchip\xc8\v1.37\sources\common\almod.c
		___almod       		CODE           	3711	0000	110

C:\Program Files\Microchip\xc8\v1.37\sources\common\almod.c estimated size: 110

mcc_generated_files/memory.c
		_FLASH_EraseBlock		CODE           	37E3	0000	30
		_FLASH_ReadWord		CODE           	2ADA	0000	27
		_FLASH_WriteBlock		CODE           	377E	0000	102
		_DATAEE_WriteByte		CODE           	35F9	0000	29
		_DATAEE_ReadByte		CODE           	149F	0000	12

mcc_generated_files/memory.c estimated size: 200

C:\Program Files\Microchip\xc8\v1.37\sources\common\Umul16.c
		___wmul        		CODE           	13EE	0000	31

C:\Program Files\Microchip\xc8\v1.37\sources\common\Umul16.c estimated size: 31

main.c
		_main          		CODE           	1245	0000	147
		_m_system_start_self_test		CODE           	19C6	0000	84
		_m_system_init 		CODE           	2B7B	0000	18

main.c estimated size: 249

src/nfc/hal/mfrc522_hal.c
		_mfrc522_hal_get_antenna_gain		CODE           	1E56	0000	13
		_mfrc522_hal_set_antenna_gain		CODE           	1E31	0000	22
		_mfrc522_hal_antenna_on		CODE           	1A42	0000	18
		_mfrc522_hal_calculate_crc		CODE           	1D5A	0000	96
		_mfrc522_hal_reset_sf		CODE           	1E23	0000	15
		_mfrc522_hal_init		CODE           	1953	0000	101

src/nfc/hal/mfrc522_hal.c estimated size: 265

